src/app/admin/levels/[id]/page.tsx(99,62): error TS2322: Type 'null' is not assignable to type 'string | undefined'.
src/app/admin/users/page.tsx(138,13): error TS2304: Cannot find name 'updateUser'.
src/app/admin/users/page.tsx(140,19): error TS2304: Cannot find name 'editName'.
src/app/admin/users/page.tsx(141,16): error TS2304: Cannot find name 'editPhone'.
src/app/admin/users/page.tsx(154,23): error TS2304: Cannot find name 'uploadAvatar'.
src/app/admin/users/page.tsx(155,5): error TS2304: Cannot find name 'setEditAvatarUrl'.
src/app/giao-vien/[slug]/page.tsx(216,85): error TS2322: Type '{ children: Element[]; width: string; height: string; viewBox: string; fill: string; title: string; }' is not assignable to type 'SVGProps<SVGSVGElement>'.
  Property 'title' does not exist on type 'SVGProps<SVGSVGElement>'.
src/app/khoa-hoc/[id]/page.tsx(192,68): error TS2339: Property 'language' does not exist on type 'PublicCourseDetail'.
src/app/khoa-hoc/[id]/page.tsx(192,111): error TS2339: Property 'language' does not exist on type 'PublicCourseDetail'.
src/app/khoa-hoc/[id]/page.tsx(194,32): error TS2339: Property 'tags' does not exist on type 'PublicCourseDetail'.
src/app/khoa-hoc/[id]/page.tsx(194,83): error TS2339: Property 'tags' does not exist on type 'PublicCourseDetail'.
