[22:20:15 INF] Starting MLS API...
[22:20:16 WRN] The property 'Role.Permissions' is a collection or enumeration type with a value converter but with no value comparer. Set a value comparer to ensure the collection/enumeration elements are compared correctly.
[22:20:17 INF] Executed DbCommand (30ms) [Parameters=[], CommandType='Text', CommandTimeout='30']

            CREATE TABLE IF NOT EXISTS public."Tenants" (
                "Id" uuid NOT NULL,
                "Slug" varchar(100) NOT NULL,
                "Name" varchar(200) NOT NULL,
                "Domain" varchar(255) NULL,
                "Status" varchar(20) NOT NULL DEFAULT 'Trial',
                "ContactEmail" varchar(255) NULL,
                "CreatedAt" timestamptz NOT NULL DEFAULT now(),
                "UpdatedAt" timestamptz NULL,
                CONSTRAINT "PK_Tenants" PRIMARY KEY ("Id"),
                CONSTRAINT "UQ_Tenants_Slug" UNIQUE ("Slug")
            );
[22:20:17 INF] Executed DbCommand (11ms) [Parameters=[], CommandType='Text', CommandTimeout='30']
SELECT EXISTS (
    SELECT 1
    FROM public."Tenants" AS t)
[22:20:17 INF] Executed DbCommand (1ms) [Parameters=[], CommandType='Text', CommandTimeout='30']
SELECT t."Id", t."ContactEmail", t."CreatedAt", t."Domain", t."Name", t."Slug", t."Status", t."UpdatedAt"
FROM public."Tenants" AS t
[22:20:17 INF] Provisioning tenant schema: tenant_demo
[22:20:17 INF] Executed DbCommand (2ms) [Parameters=[], CommandType='Text', CommandTimeout='30']
CREATE SCHEMA IF NOT EXISTS "tenant_demo"
[22:20:17 INF] Executed DbCommand (1ms) [Parameters=[], CommandType='Text', CommandTimeout='30']
SET search_path TO "tenant_demo", public
[22:20:18 INF] Executed DbCommand (33ms) [Parameters=[], CommandType='Text', CommandTimeout='30']

            CREATE TABLE IF NOT EXISTS "tenant_demo"."Roles" (
                "Id" uuid NOT NULL DEFAULT gen_random_uuid(),
                "Name" varchar(50) NOT NULL,
                "Description" varchar(255) NULL,
                "Permissions" jsonb NOT NULL DEFAULT '[]',
                "CreatedAt" timestamptz NOT NULL,
                "UpdatedAt" timestamptz NULL,
                CONSTRAINT "PK_Roles" PRIMARY KEY ("Id"),
                CONSTRAINT "UQ_Roles_Name" UNIQUE ("Name")
            );

            CREATE TABLE IF NOT EXISTS "tenant_demo"."Users" (
                "Id" uuid NOT NULL,
                "Email" varchar(255) NOT NULL,
                "Phone" varchar(20) NULL,
                "PasswordHash" varchar(512) NULL,
                "GoogleId" varchar(128) NULL,
                "Status" varchar(30) NOT NULL DEFAULT 'PendingVerification',
                "MoodleUserId" bigint NULL,
                "CreatedAt" timestamptz NOT NULL,
                "UpdatedAt" timestamptz NULL,
                CONSTRAINT "PK_Users" PRIMARY KEY ("Id"),
                CONSTRAINT "UQ_Users_Email" UNIQUE ("Email")
            );

            CREATE TABLE IF NOT EXISTS "tenant_demo"."UserProfiles" (
                "Id" uuid NOT NULL,
                "UserId" uuid NOT NULL,
                "FullName" varchar(100) NOT NULL,
                "AvatarUrl" varchar(512) NULL,
                "DateOfBirth" date NULL,
                "Gender" varchar(10) NULL,
                "Address" varchar(500) NULL,
                "CurrentLevel" varchar(50) NULL,
                "CreatedAt" timestamptz NOT NULL,
                "UpdatedAt" timestamptz NULL,
                CONSTRAINT "PK_UserProfiles" PRIMARY KEY ("Id"),
                CONSTRAINT "FK_UserProfiles_Users" FOREIGN KEY ("UserId") REFERENCES "tenant_demo"."Users"("Id") ON DELETE CASCADE
            );

            CREATE TABLE IF NOT EXISTS "tenant_demo"."UserRoles" (
                "UserId" uuid NOT NULL,
                "RoleId" uuid NOT NULL,
                "AssignedAt" timestamptz NOT NULL,
                CONSTRAINT "PK_UserRoles" PRIMARY KEY ("UserId", "RoleId"),
                CONSTRAINT "FK_UserRoles_Users" FOREIGN KEY ("UserId") REFERENCES "tenant_demo"."Users"("Id") ON DELETE CASCADE,
                CONSTRAINT "FK_UserRoles_Roles" FOREIGN KEY ("RoleId") REFERENCES "tenant_demo"."Roles"("Id") ON DELETE CASCADE
            );

            CREATE TABLE IF NOT EXISTS "tenant_demo"."RefreshTokens" (
                "Id" uuid NOT NULL,
                "UserId" uuid NOT NULL,
                "TokenHash" varchar(128) NOT NULL,
                "DeviceId" varchar(128) NULL,
                "ExpiresAt" timestamptz NOT NULL,
                "RevokedAt" timestamptz NULL,
                "CreatedAt" timestamptz NOT NULL,
                "UpdatedAt" timestamptz NULL,
                CONSTRAINT "PK_RefreshTokens" PRIMARY KEY ("Id"),
                CONSTRAINT "FK_RefreshTokens_Users" FOREIGN KEY ("UserId") REFERENCES "tenant_demo"."Users"("Id") ON DELETE CASCADE
            );

            CREATE INDEX IF NOT EXISTS "IX_RefreshTokens_TokenHash" ON "tenant_demo"."RefreshTokens"("TokenHash");

            CREATE TABLE IF NOT EXISTS "tenant_demo"."OtpVerifications" (
                "Id" uuid NOT NULL,
                "Target" varchar(255) NOT NULL,
                "CodeHash" varchar(128) NOT NULL,
                "Type" varchar(30) NOT NULL,
                "ExpiresAt" timestamptz NOT NULL,
                "UsedAt" timestamptz NULL,
                "CreatedAt" timestamptz NOT NULL,
                "UpdatedAt" timestamptz NULL,
                CONSTRAINT "PK_OtpVerifications" PRIMARY KEY ("Id")
            );

            -- ΓöÇΓöÇ CMS Tables ΓöÇΓöÇΓöÇΓöÇΓöÇΓöÇΓöÇΓöÇΓöÇΓöÇΓöÇΓöÇΓöÇΓöÇΓöÇΓöÇΓöÇΓöÇΓöÇΓöÇΓöÇΓöÇΓöÇΓöÇΓöÇΓöÇΓöÇΓöÇΓöÇΓöÇΓöÇΓöÇΓöÇΓöÇΓöÇΓöÇΓöÇΓöÇΓöÇΓöÇΓöÇΓöÇΓöÇΓöÇΓöÇΓöÇΓöÇΓöÇΓöÇΓöÇΓöÇΓöÇ

            CREATE TABLE IF NOT EXISTS "tenant_demo"."Courses" (
                "Id" uuid NOT NULL,
                "Title" varchar(300) NOT NULL,
                "Code" varchar(50) NULL,
                "Description" text NULL,
                "ShortDescription" varchar(500) NULL,
                "Slug" varchar(350) NULL,
                "Level" int NOT NULL DEFAULT 1,
                "Language" varchar(10) NOT NULL DEFAULT 'VI',
                "ThumbnailUrl" varchar(500) NULL,
                "BannerUrl" varchar(500) NULL,
                "Tags" text NULL,
                "Outcomes" text NULL,
                "Requirements" text NULL,
                "TargetAudience" text NULL,
                "Duration" int NULL,
                "Status" varchar(30) NOT NULL DEFAULT 'Draft',
                "Visibility" varchar(20) NOT NULL DEFAULT 'Public',
                "IsFree" boolean NOT NULL DEFAULT false,
                "CertificateEnabled" boolean NOT NULL DEFAULT false,
                "CompletionRequired" boolean NOT NULL DEFAULT false,
                "StartDate" timestamptz NULL,
                "EndDate" timestamptz NULL,
                "TeacherId" uuid NULL,
                "CreatedBy" uuid NOT NULL,
                "PublishedAt" timestamptz NULL,
                "Price" decimal(18,2) NOT NULL DEFAULT 0,
                "DiscountPrice" decimal(18,2) NULL,
                "DiscountEndsAt" timestamptz NULL,
                "CreatedAt" timestamptz NOT NULL,
                "UpdatedAt" timestamptz NULL,
                CONSTRAINT "PK_Courses" PRIMARY KEY ("Id")
            );

            CREATE TABLE IF NOT EXISTS "tenant_demo"."LearningLevels" (
                "Id" uuid NOT NULL,
                "Name" varchar(200) NOT NULL,
                "Description" varchar(500) NULL,
                "OrderIndex" int NOT NULL DEFAULT 0,
                "IsActive" boolean NOT NULL DEFAULT true,
                "CreatedAt" timestamptz NOT NULL,
                "UpdatedAt" timestamptz NULL,
                CONSTRAINT "PK_LearningLevels" PRIMARY KEY ("Id")
            );

            INSERT INTO "tenant_demo"."LearningLevels" ("Id", "Name", "Description", "OrderIndex", "IsActive", "CreatedAt")
            SELECT gen_random_uuid(), v.name, v.descr, v.idx, true, NOW()
            FROM (VALUES
                ('Cß║Ñp 1 ΓÇô Beginner',        'D├ánh cho ng╞░ß╗¥i mß╗¢i bß║»t ─æß║ºu ho├án to├án', 0),
                ('Cß║Ñp 2 ΓÇô Elementary',       '─É├ú c├│ kiß║┐n thß╗⌐c c╞í bß║ún', 1),
                ('Cß║Ñp 3 ΓÇô Pre-Intermediate', 'Tr├¼nh ─æß╗Ö tr╞░ß╗¢c trung cß║Ñp', 2),
                ('Cß║Ñp 4 ΓÇô Intermediate',     'Tr├¼nh ─æß╗Ö trung cß║Ñp', 3),
                ('Cß║Ñp 5 ΓÇô Upper-Intermediate','Tr├¼nh ─æß╗Ö tr├¬n trung cß║Ñp', 4),
                ('Cß║Ñp 6 ΓÇô Advanced',         'Tr├¼nh ─æß╗Ö n├óng cao', 5)
            ) AS v(name, descr, idx)
            WHERE NOT EXISTS (SELECT 1 FROM "tenant_demo"."LearningLevels" LIMIT 1);

            CREATE TABLE IF NOT EXISTS "tenant_demo"."CourseLevels" (
                "Id" uuid NOT NULL,
                "CourseId" uuid NOT NULL,
                "Name" varchar(200) NOT NULL,
                "Description" varchar(1000) NULL,
                "OrderIndex" int NOT NULL DEFAULT 0,
                "IsPublished" boolean NOT NULL DEFAULT false,
                "CreatedAt" timestamptz NOT NULL,
                "UpdatedAt" timestamptz NULL,
                CONSTRAINT "PK_CourseLevels" PRIMARY KEY ("Id"),
                CONSTRAINT "FK_CourseLevels_Courses" FOREIGN KEY ("CourseId") REFERENCES "tenant_demo"."Courses"("Id") ON DELETE CASCADE
            );

            CREATE TABLE IF NOT EXISTS "tenant_demo"."CourseModules" (
                "Id" uuid NOT NULL,
                "CourseId" uuid NOT NULL,
                "LevelId" uuid NULL,
                "Title" varchar(300) NOT NULL,
                "Description" text NULL,
                "ThumbnailUrl" varchar(500) NULL,
                "EstimatedDuration" int NOT NULL DEFAULT 0,
                "OrderIndex" int NOT NULL DEFAULT 0,
                "IsLocked" boolean NOT NULL DEFAULT false,
                "CreatedAt" timestamptz NOT NULL,
                "UpdatedAt" timestamptz NULL,
                CONSTRAINT "PK_CourseModules" PRIMARY KEY ("Id"),
                CONSTRAINT "FK_CourseModules_Courses" FOREIGN KEY ("CourseId") REFERENCES "tenant_demo"."Courses"("Id") ON DELETE CASCADE,
                CONSTRAINT "FK_CourseModules_CourseLevels" FOREIGN KEY ("LevelId") REFERENCES "tenant_demo"."CourseLevels"("Id") ON DELETE SET NULL
            );
            ALTER TABLE "tenant_demo"."CourseModules" ADD COLUMN IF NOT EXISTS "ThumbnailUrl" varchar(500) NULL;
            ALTER TABLE "tenant_demo"."CourseModules" ADD COLUMN IF NOT EXISTS "EstimatedDuration" int NOT NULL DEFAULT 0;
            ALTER TABLE "tenant_demo"."CourseModules" ALTER COLUMN "Description" TYPE text;
            ALTER TABLE IF EXISTS "tenant_demo"."Courses" ADD COLUMN IF NOT EXISTS "Outcomes" text NULL;
            ALTER TABLE IF EXISTS "tenant_demo"."Courses" ADD COLUMN IF NOT EXISTS "Requirements" text NULL;
            ALTER TABLE IF EXISTS "tenant_demo"."Courses" ADD COLUMN IF NOT EXISTS "TargetAudience" text NULL;

            CREATE TABLE IF NOT EXISTS "tenant_demo"."Lessons" (
                "Id" uuid NOT NULL,
                "ModuleId" uuid NOT NULL,
                "Title" varchar(300) NOT NULL,
                "Description" varchar(2000) NULL,
                "Content" text NULL,
                "ThumbnailUrl" varchar(500) NULL,
                "AudioUrl" varchar(500) NULL,
                "DocumentUrl" varchar(500) NULL,
                "Transcript" text NULL,
                "DurationMinutes" int NOT NULL DEFAULT 0,
                "LessonType" varchar(20) NOT NULL DEFAULT 'Video',
                "PublishStatus" varchar(20) NOT NULL DEFAULT 'Draft',
                "OrderIndex" int NOT NULL DEFAULT 0,
                "IsFreeTrial" boolean NOT NULL DEFAULT false,
                "PassScore" int NOT NULL DEFAULT 70,
                "CreatedAt" timestamptz NOT NULL,
                "UpdatedAt" timestamptz NULL,
                CONSTRAINT "PK_Lessons" PRIMARY KEY ("Id"),
                CONSTRAINT "FK_Lessons_CourseModules" FOREIGN KEY ("ModuleId") REFERENCES "tenant_demo"."CourseModules"("Id") ON DELETE CASCADE
            );
            ALTER TABLE "tenant_demo"."Lessons" ADD COLUMN IF NOT EXISTS "ThumbnailUrl" varchar(500) NULL;
            ALTER TABLE "tenant_demo"."Lessons" ADD COLUMN IF NOT EXISTS "AudioUrl" varchar(500) NULL;
            ALTER TABLE "tenant_demo"."Lessons" ADD COLUMN IF NOT EXISTS "DocumentUrl" varchar(500) NULL;
            ALTER TABLE "tenant_demo"."Lessons" ADD COLUMN IF NOT EXISTS "Transcript" text NULL;
            ALTER TABLE "tenant_demo"."Lessons" ADD COLUMN IF NOT EXISTS "DurationMinutes" int NOT NULL DEFAULT 0;
            ALTER TABLE "tenant_demo"."Lessons" ADD COLUMN IF NOT EXISTS "PublishStatus" varchar(20) NOT NULL DEFAULT 'Draft';

            CREATE TABLE IF NOT EXISTS "tenant_demo"."VideoAssets" (
                "Id" uuid NOT NULL,
                "LessonId" uuid NOT NULL,
                "Status" varchar(30) NOT NULL DEFAULT 'Pending',
                "HlsPath" varchar(500) NULL,
                "ThumbnailUrl" varchar(500) NULL,
                "DurationSeconds" int NOT NULL DEFAULT 0,
                "SizeBytes" bigint NOT NULL DEFAULT 0,
                "OriginalFileName" varchar(255) NULL,
                "CreatedAt" timestamptz NOT NULL,
                "UpdatedAt" timestamptz NULL,
                CONSTRAINT "PK_VideoAssets" PRIMARY KEY ("Id"),
                CONSTRAINT "FK_VideoAssets_Lessons" FOREIGN KEY ("LessonId") REFERENCES "tenant_demo"."Lessons"("Id") ON DELETE CASCADE,
                CONSTRAINT "UQ_VideoAssets_LessonId" UNIQUE ("LessonId")
            );

            CREATE TABLE IF NOT EXISTS "tenant_demo"."LessonDocuments" (
                "Id" uuid NOT NULL,
                "LessonId" uuid NOT NULL,
                "Type" varchar(20) NOT NULL,
                "Title" varchar(300) NOT NULL,
                "FileUrl" varchar(500) NOT NULL,
                "SizeBytes" bigint NOT NULL DEFAULT 0,
                "IsProtected" boolean NOT NULL DEFAULT true,
                "OrderIndex" int NOT NULL DEFAULT 0,
                "CreatedAt" timestamptz NOT NULL,
                "UpdatedAt" timestamptz NULL,
                CONSTRAINT "PK_LessonDocuments" PRIMARY KEY ("Id"),
                CONSTRAINT "FK_LessonDocuments_Lessons" FOREIGN KEY ("LessonId") REFERENCES "tenant_demo"."Lessons"("Id") ON DELETE CASCADE
            );

            CREATE TABLE IF NOT EXISTS "tenant_demo"."CourseEnrollments" (
                "Id" uuid NOT NULL,
                "UserId" uuid NOT NULL,
                "CourseId" uuid NOT NULL,
                "EnrolledAt" timestamptz NOT NULL,
                "ExpiresAt" timestamptz NULL,
                "Source" varchar(20) NOT NULL DEFAULT 'Admin',
                "OrderId" uuid NULL,
                "CreatedAt" timestamptz NOT NULL,
                "UpdatedAt" timestamptz NULL,
                CONSTRAINT "PK_CourseEnrollments" PRIMARY KEY ("Id"),
                CONSTRAINT "FK_CourseEnrollments_Courses" FOREIGN KEY ("CourseId") REFERENCES "tenant_demo"."Courses"("Id") ON DELETE CASCADE,
                CONSTRAINT "UQ_CourseEnrollments_UserCourse" UNIQUE ("UserId", "CourseId")
            );

            CREATE TABLE IF NOT EXISTS "tenant_demo"."LessonProgresses" (
                "Id" uuid NOT NULL,
                "UserId" uuid NOT NULL,
                "LessonId" uuid NOT NULL,
                "Status" varchar(20) NOT NULL DEFAULT 'NotStarted',
                "Score" int NULL,
                "CompletedAt" timestamptz NULL,
                "CreatedAt" timestamptz NOT NULL,
                "UpdatedAt" timestamptz NULL,
                CONSTRAINT "PK_LessonProgresses" PRIMARY KEY ("Id"),
                CONSTRAINT "FK_LessonProgresses_Lessons" FOREIGN KEY ("LessonId") REFERENCES "tenant_demo"."Lessons"("Id") ON DELETE CASCADE,
                CONSTRAINT "UQ_LessonProgresses_UserLesson" UNIQUE ("UserId", "LessonId")
            );
            CREATE TABLE IF NOT EXISTS "tenant_demo"."VideoTrackings" (
                "Id" uuid NOT NULL,
                "UserId" uuid NOT NULL,
                "LessonId" uuid NOT NULL,
                "PositionSeconds" int NOT NULL DEFAULT 0,
                "DurationSeconds" int NOT NULL DEFAULT 0,
                "LastUpdatedAt" timestamptz NOT NULL,
                "CreatedAt" timestamptz NOT NULL,
                "UpdatedAt" timestamptz NULL,
                CONSTRAINT "PK_VideoTrackings" PRIMARY KEY ("Id"),
                CONSTRAINT "FK_VideoTrackings_Lessons" FOREIGN KEY ("LessonId") REFERENCES "tenant_demo"."Lessons"("Id") ON DELETE CASCADE,
                CONSTRAINT "UQ_VideoTrackings_UserLesson" UNIQUE ("UserId", "LessonId")
            );
            CREATE TABLE IF NOT EXISTS "tenant_demo"."BannerSlides" (
                "Id" uuid NOT NULL,
                "Title" varchar(200) NOT NULL,
                "Subtitle" varchar(300) NULL,
                "Description" varchar(500) NULL,
                "ImageUrl" varchar(500) NULL,
                "LinkUrl" varchar(500) NULL,
                "BadgeText" varchar(100) NULL,
                "CtaText" varchar(100) NULL,
                "BgColor" varchar(20) NULL,
                "TextColor" varchar(20) NULL,
                "OrderIndex" int NOT NULL DEFAULT 0,
                "IsActive" boolean NOT NULL DEFAULT true,
                "CreatedAt" timestamptz NOT NULL,
                "UpdatedAt" timestamptz NULL,
                CONSTRAINT "PK_BannerSlides" PRIMARY KEY ("Id")
            );
            CREATE TABLE IF NOT EXISTS "tenant_demo"."TeacherProfiles" (
                "Id" uuid NOT NULL,
                "UserId" uuid NOT NULL,
                "DisplayName" varchar(200) NOT NULL,
                "Slug" varchar(200) NOT NULL,
                "AvatarUrl" varchar(500) NULL,
                "CoverUrl" varchar(500) NULL,
                "Headline" varchar(300) NULL,
                "Bio" text NULL,
                "ExperienceYears" int NOT NULL DEFAULT 0,
                "Specialization" varchar(200) NULL,
                "FacebookUrl" varchar(500) NULL,
                "YoutubeUrl" varchar(500) NULL,
                "TiktokUrl" varchar(500) NULL,
                "WebsiteUrl" varchar(500) NULL,
                "IsVerified" boolean NOT NULL DEFAULT false,
                "IsPublic" boolean NOT NULL DEFAULT true,
                "FollowerCount" int NOT NULL DEFAULT 0,
                "CourseCount" int NOT NULL DEFAULT 0,
                "RatingAverage" decimal(3,2) NOT NULL DEFAULT 0,
                "TotalViews" bigint NOT NULL DEFAULT 0,
                "TotalStudents" bigint NOT NULL DEFAULT 0,
                "CreatedAt" timestamptz NOT NULL,
                "UpdatedAt" timestamptz NULL,
                CONSTRAINT "PK_TeacherProfiles" PRIMARY KEY ("Id"),
                CONSTRAINT "UQ_TeacherProfiles_Slug" UNIQUE ("Slug"),
                CONSTRAINT "UQ_TeacherProfiles_UserId" UNIQUE ("UserId")
            );
            CREATE TABLE IF NOT EXISTS "tenant_demo"."TeacherFollowers" (
                "Id" uuid NOT NULL,
                "TeacherProfileId" uuid NOT NULL,
                "StudentId" uuid NOT NULL,
                "CreatedAt" timestamptz NOT NULL,
                "UpdatedAt" timestamptz NULL,
                CONSTRAINT "PK_TeacherFollowers" PRIMARY KEY ("Id"),
                CONSTRAINT "UQ_TeacherFollowers_TeacherStudent" UNIQUE ("TeacherProfileId", "StudentId"),
                CONSTRAINT "FK_TeacherFollowers_TeacherProfiles" FOREIGN KEY ("TeacherProfileId") REFERENCES "tenant_demo"."TeacherProfiles"("Id") ON DELETE CASCADE
            );
[22:20:18 INF] Executed DbCommand (1ms) [Parameters=[], CommandType='Text', CommandTimeout='30']

            INSERT INTO "tenant_demo"."Roles" ("Id", "Name", "Description", "Permissions", "CreatedAt")
            VALUES
                (gen_random_uuid(), 'SuperAdmin',     NULL, '[]'::jsonb, NOW()),
                (gen_random_uuid(), 'Admin',          NULL, '[]'::jsonb, NOW()),
                (gen_random_uuid(), 'Teacher',        NULL, '[]'::jsonb, NOW()),
                (gen_random_uuid(), 'ContentManager', NULL, '[]'::jsonb, NOW()),
                (gen_random_uuid(), 'Support',        NULL, '[]'::jsonb, NOW()),
                (gen_random_uuid(), 'Student',        NULL, '[]'::jsonb, NOW())
            ON CONFLICT ("Name") DO NOTHING
[22:20:18 INF] Tenant schema provisioned: tenant_demo
[22:20:18 INF] Upgrading tenant schema: tenant_demo
[22:20:18 INF] Executed DbCommand (0ms) [Parameters=[], CommandType='Text', CommandTimeout='30']
SET search_path TO "tenant_demo", public
[22:20:18 INF] Executed DbCommand (1ms) [Parameters=[], CommandType='Text', CommandTimeout='30']

            ALTER TABLE IF EXISTS "tenant_demo"."UserProfiles" ADD COLUMN IF NOT EXISTS "Gender" varchar(10) NULL;
            ALTER TABLE IF EXISTS "tenant_demo"."UserProfiles" ADD COLUMN IF NOT EXISTS "Address" varchar(500) NULL;
[22:20:18 INF] Executed DbCommand (1ms) [Parameters=[], CommandType='Text', CommandTimeout='30']

            CREATE TABLE IF NOT EXISTS "tenant_demo"."BannerSlides" (
                "Id" uuid NOT NULL,
                "Title" varchar(200) NOT NULL,
                "Subtitle" varchar(300) NULL,
                "Description" varchar(500) NULL,
                "ImageUrl" varchar(500) NULL,
                "LinkUrl" varchar(500) NULL,
                "BadgeText" varchar(100) NULL,
                "CtaText" varchar(100) NULL,
                "BgColor" varchar(20) NULL,
                "TextColor" varchar(20) NULL,
                "OrderIndex" int NOT NULL DEFAULT 0,
                "IsActive" boolean NOT NULL DEFAULT true,
                "CreatedAt" timestamptz NOT NULL,
                "UpdatedAt" timestamptz NULL,
                CONSTRAINT "PK_BannerSlides" PRIMARY KEY ("Id")
            );
            CREATE TABLE IF NOT EXISTS "tenant_demo"."TeacherProfiles" (
                "Id" uuid NOT NULL,
                "UserId" uuid NOT NULL,
                "DisplayName" varchar(200) NOT NULL,
                "Slug" varchar(200) NOT NULL,
                "AvatarUrl" varchar(500) NULL,
                "CoverUrl" varchar(500) NULL,
                "Headline" varchar(300) NULL,
                "Bio" text NULL,
                "ExperienceYears" int NOT NULL DEFAULT 0,
                "Specialization" varchar(200) NULL,
                "FacebookUrl" varchar(500) NULL,
                "YoutubeUrl" varchar(500) NULL,
                "TiktokUrl" varchar(500) NULL,
                "WebsiteUrl" varchar(500) NULL,
                "IsVerified" boolean NOT NULL DEFAULT false,
                "IsPublic" boolean NOT NULL DEFAULT true,
                "FollowerCount" int NOT NULL DEFAULT 0,
                "CourseCount" int NOT NULL DEFAULT 0,
                "RatingAverage" decimal(3,2) NOT NULL DEFAULT 0,
                "TotalViews" bigint NOT NULL DEFAULT 0,
                "TotalStudents" bigint NOT NULL DEFAULT 0,
                "CreatedAt" timestamptz NOT NULL,
                "UpdatedAt" timestamptz NULL,
                CONSTRAINT "PK_TeacherProfiles" PRIMARY KEY ("Id"),
                CONSTRAINT "UQ_TeacherProfiles_Slug" UNIQUE ("Slug"),
                CONSTRAINT "UQ_TeacherProfiles_UserId" UNIQUE ("UserId")
            );
            CREATE TABLE IF NOT EXISTS "tenant_demo"."TeacherFollowers" (
                "Id" uuid NOT NULL,
                "TeacherProfileId" uuid NOT NULL,
                "StudentId" uuid NOT NULL,
                "CreatedAt" timestamptz NOT NULL,
                "UpdatedAt" timestamptz NULL,
                CONSTRAINT "PK_TeacherFollowers" PRIMARY KEY ("Id"),
                CONSTRAINT "UQ_TeacherFollowers_TeacherStudent" UNIQUE ("TeacherProfileId", "StudentId"),
                CONSTRAINT "FK_TeacherFollowers_TeacherProfiles" FOREIGN KEY ("TeacherProfileId") REFERENCES "tenant_demo"."TeacherProfiles"("Id") ON DELETE CASCADE
            );
[22:20:18 INF] Executed DbCommand (7ms) [Parameters=[], CommandType='Text', CommandTimeout='30']

            CREATE TABLE IF NOT EXISTS "tenant_demo"."SessionVideoAssets" (
                "Id" uuid NOT NULL,
                "SessionId" uuid NOT NULL,
                "Status" varchar(30) NOT NULL DEFAULT 'Pending',
                "HlsPath" varchar(500) NULL,
                "ThumbnailUrl" varchar(500) NULL,
                "DurationSeconds" int NOT NULL DEFAULT 0,
                "SizeBytes" bigint NOT NULL DEFAULT 0,
                "OriginalFileName" varchar(255) NULL,
                "CreatedAt" timestamptz NOT NULL,
                "UpdatedAt" timestamptz NULL,
                CONSTRAINT "PK_SessionVideoAssets" PRIMARY KEY ("Id")
            );

            CREATE TABLE IF NOT EXISTS "tenant_demo"."Sessions" (
                "Id" uuid NOT NULL,
                "ModuleId" uuid NOT NULL,
                "Title" varchar(300) NOT NULL,
                "Description" text NULL,
                "OrderIndex" int NOT NULL DEFAULT 0,
                "IsFreeTrial" boolean NOT NULL DEFAULT false,
                "PublishStatus" varchar(20) NOT NULL DEFAULT 'Draft',
                "SessionType" varchar(20) NOT NULL DEFAULT 'Interactive',
                "VideoAssetId" uuid NULL,
                "DurationSeconds" int NOT NULL DEFAULT 0,
                "DurationMinutes" int NOT NULL DEFAULT 0,
                "ThumbnailUrl" varchar(500) NULL,
                "Content" text NULL,
                "AudioUrl" varchar(500) NULL,
                "DocumentUrl" varchar(500) NULL,
                "Transcript" text NULL,
                "PassScore" int NOT NULL DEFAULT 70,
                "CreatedAt" timestamptz NOT NULL,
                "UpdatedAt" timestamptz NULL,
                CONSTRAINT "PK_Sessions" PRIMARY KEY ("Id"),
                CONSTRAINT "FK_Sessions_Modules" FOREIGN KEY ("ModuleId") REFERENCES "tenant_demo"."CourseModules"("Id") ON DELETE CASCADE,
                CONSTRAINT "FK_Sessions_VideoAsset" FOREIGN KEY ("VideoAssetId") REFERENCES "tenant_demo"."SessionVideoAssets"("Id") ON DELETE SET NULL
            );

            DO $do$
            BEGIN
                IF NOT EXISTS (SELECT 1 FROM pg_constraint WHERE conname = 'FK_SessionVideoAssets_Sessions') THEN
                    ALTER TABLE "tenant_demo"."SessionVideoAssets"
                    ADD CONSTRAINT "FK_SessionVideoAssets_Sessions"
                    FOREIGN KEY ("SessionId") REFERENCES "tenant_demo"."Sessions"("Id") ON DELETE CASCADE;
                END IF;
            END $do$;

            CREATE INDEX IF NOT EXISTS "IX_Sessions_ModuleId_OrderIndex" ON "tenant_demo"."Sessions"("ModuleId", "OrderIndex");

            CREATE TABLE IF NOT EXISTS "tenant_demo"."Segments" (
                "Id" uuid NOT NULL,
                "SessionId" uuid NOT NULL,
                "Title" varchar(200) NOT NULL,
                "Description" text NULL,
                "StartTime" int NOT NULL DEFAULT 0,
                "EndTime" int NOT NULL DEFAULT 0,
                "OrderIndex" int NOT NULL DEFAULT 0,
                "CreatedAt" timestamptz NOT NULL,
                "UpdatedAt" timestamptz NULL,
                CONSTRAINT "PK_Segments" PRIMARY KEY ("Id"),
                CONSTRAINT "FK_Segments_Sessions" FOREIGN KEY ("SessionId") REFERENCES "tenant_demo"."Sessions"("Id") ON DELETE CASCADE
            );
            CREATE INDEX IF NOT EXISTS "IX_Segments_SessionId_OrderIndex" ON "tenant_demo"."Segments"("SessionId", "OrderIndex");

            CREATE TABLE IF NOT EXISTS "tenant_demo"."LearningAssets" (
                "Id" uuid NOT NULL,
                "SegmentId" uuid NOT NULL,
                "Type" varchar(30) NOT NULL,
                "Title" varchar(200) NOT NULL,
                "Description" text NULL,
                "StartTime" int NOT NULL DEFAULT 0,
                "EndTime" int NULL,
                "OrderIndex" int NOT NULL DEFAULT 0,
                "Metadata" jsonb NOT NULL DEFAULT jsonb_build_object(),
                "IsPublic" boolean NOT NULL DEFAULT true,
                "CreatedAt" timestamptz NOT NULL,
                "UpdatedAt" timestamptz NULL,
                CONSTRAINT "PK_LearningAssets" PRIMARY KEY ("Id"),
                CONSTRAINT "FK_LearningAssets_Segments" FOREIGN KEY ("SegmentId") REFERENCES "tenant_demo"."Segments"("Id") ON DELETE CASCADE
            );
            -- Add EndTime for existing tables (idempotent upgrade)
            ALTER TABLE IF EXISTS "tenant_demo"."LearningAssets"
                ADD COLUMN IF NOT EXISTS "EndTime" int NULL;
            CREATE INDEX IF NOT EXISTS "IX_LearningAssets_SegmentId_OrderIndex" ON "tenant_demo"."LearningAssets"("SegmentId", "OrderIndex");

            CREATE TABLE IF NOT EXISTS "tenant_demo"."SessionProgresses" (
                "Id" uuid NOT NULL,
                "UserId" uuid NOT NULL,
                "SessionId" uuid NOT NULL,
                "Status" varchar(20) NOT NULL DEFAULT 'NotStarted',
                "WatchedSeconds" int NOT NULL DEFAULT 0,
                "WatchPercentage" double precision NOT NULL DEFAULT 0,
                "LastPositionSeconds" int NOT NULL DEFAULT 0,
                "CompletedAt" timestamptz NULL,
                "CreatedAt" timestamptz NOT NULL,
                "UpdatedAt" timestamptz NULL,
                CONSTRAINT "PK_SessionProgresses" PRIMARY KEY ("Id"),
                CONSTRAINT "UQ_SessionProgresses_UserSession" UNIQUE ("UserId", "SessionId"),
                CONSTRAINT "FK_SessionProgresses_Sessions" FOREIGN KEY ("SessionId") REFERENCES "tenant_demo"."Sessions"("Id") ON DELETE CASCADE
            );

            CREATE TABLE IF NOT EXISTS "tenant_demo"."SegmentProgresses" (
                "Id" uuid NOT NULL,
                "UserId" uuid NOT NULL,
                "SegmentId" uuid NOT NULL,
                "IsViewed" boolean NOT NULL DEFAULT false,
                "IsCompleted" boolean NOT NULL DEFAULT false,
                "ViewedAt" timestamptz NULL,
                "CompletedAt" timestamptz NULL,
                "CreatedAt" timestamptz NOT NULL,
                "UpdatedAt" timestamptz NULL,
                CONSTRAINT "PK_SegmentProgresses" PRIMARY KEY ("Id"),
                CONSTRAINT "UQ_SegmentProgresses_UserSegment" UNIQUE ("UserId", "SegmentId"),
                CONSTRAINT "FK_SegmentProgresses_Segments" FOREIGN KEY ("SegmentId") REFERENCES "tenant_demo"."Segments"("Id") ON DELETE CASCADE
            );

            CREATE TABLE IF NOT EXISTS "tenant_demo"."LearningAssetInteractions" (
                "Id" uuid NOT NULL,
                "UserId" uuid NOT NULL,
                "AssetId" uuid NOT NULL,
                "InteractionType" varchar(20) NOT NULL,
                "Score" int NULL,
                "CreatedAt" timestamptz NOT NULL,
                "UpdatedAt" timestamptz NULL,
                CONSTRAINT "PK_LearningAssetInteractions" PRIMARY KEY ("Id"),
                CONSTRAINT "FK_LearningAssetInteractions_Assets" FOREIGN KEY ("AssetId") REFERENCES "tenant_demo"."LearningAssets"("Id") ON DELETE CASCADE
            );
            CREATE INDEX IF NOT EXISTS "IX_LearningAssetInteractions_UserAsset" ON "tenant_demo"."LearningAssetInteractions"("UserId", "AssetId", "InteractionType");
[22:20:18 INF] Executed DbCommand (8ms) [Parameters=[], CommandType='Text', CommandTimeout='30']

            -- Add content fields to Sessions (idempotent)
            ALTER TABLE IF EXISTS "tenant_demo"."Sessions" ADD COLUMN IF NOT EXISTS "SessionType" varchar(20) NOT NULL DEFAULT 'Interactive';
            ALTER TABLE IF EXISTS "tenant_demo"."Sessions" ADD COLUMN IF NOT EXISTS "Content" text NULL;
            ALTER TABLE IF EXISTS "tenant_demo"."Sessions" ADD COLUMN IF NOT EXISTS "AudioUrl" varchar(500) NULL;
            ALTER TABLE IF EXISTS "tenant_demo"."Sessions" ADD COLUMN IF NOT EXISTS "DocumentUrl" varchar(500) NULL;
            ALTER TABLE IF EXISTS "tenant_demo"."Sessions" ADD COLUMN IF NOT EXISTS "Transcript" text NULL;
            ALTER TABLE IF EXISTS "tenant_demo"."Sessions" ADD COLUMN IF NOT EXISTS "PassScore" int NOT NULL DEFAULT 70;
            ALTER TABLE IF EXISTS "tenant_demo"."Sessions" ADD COLUMN IF NOT EXISTS "DurationMinutes" int NOT NULL DEFAULT 0;

            -- Migrate existing Lessons rows ΓåÆ Sessions (idempotent via ON CONFLICT DO NOTHING)
            INSERT INTO "tenant_demo"."Sessions"
                ("Id", "ModuleId", "Title", "Description", "OrderIndex", "IsFreeTrial",
                 "PublishStatus", "SessionType", "Content", "AudioUrl", "DocumentUrl",
                 "Transcript", "PassScore", "DurationMinutes", "ThumbnailUrl", "CreatedAt")
            SELECT
                l."Id", l."ModuleId", l."Title", l."Description", l."OrderIndex", l."IsFreeTrial",
                l."PublishStatus",
                CASE l."LessonType"
                    WHEN 'Reading' THEN 'Reading'
                    WHEN 'Audio'   THEN 'Audio'
                    WHEN 'Pdf'     THEN 'Pdf'
                    WHEN 'Quiz'    THEN 'Quiz'
                    ELSE 'Video'
                END,
                l."Content", l."AudioUrl", l."DocumentUrl",
                l."Transcript", l."PassScore", l."DurationMinutes", l."ThumbnailUrl", l."CreatedAt"
            FROM "tenant_demo"."Lessons" l
            WHERE EXISTS (SELECT 1 FROM information_schema.tables WHERE table_schema = 'tenant_demo' AND table_name = 'Lessons')
            ON CONFLICT ("Id") DO NOTHING;

            -- Create default Segment for each migrated Lesson that has none yet
            INSERT INTO "tenant_demo"."Segments"
                ("Id", "SessionId", "Title", "StartTime", "EndTime", "OrderIndex", "CreatedAt")
            SELECT gen_random_uuid(), l."Id", 'Nß╗Öi dung ch├¡nh', 0, 0, 0, now()
            FROM "tenant_demo"."Lessons" l
            WHERE EXISTS (SELECT 1 FROM information_schema.tables WHERE table_schema = 'tenant_demo' AND table_name = 'Lessons')
              AND EXISTS  (SELECT 1 FROM "tenant_demo"."Sessions" s WHERE s."Id" = l."Id")
              AND NOT EXISTS (SELECT 1 FROM "tenant_demo"."Segments" seg WHERE seg."SessionId" = l."Id");
[22:20:18 INF] Executed DbCommand (1ms) [Parameters=[], CommandType='Text', CommandTimeout='30']

            CREATE TABLE IF NOT EXISTS "tenant_demo"."VideoComments" (
                "Id" uuid NOT NULL,
                "SessionId" uuid NOT NULL,
                "SegmentId" uuid NULL,
                "UserId" uuid NOT NULL,
                "ParentCommentId" uuid NULL,
                "Content" text NOT NULL,
                "TimestampSecond" int NOT NULL DEFAULT 0,
                "LikeCount" int NOT NULL DEFAULT 0,
                "IsPinned" boolean NOT NULL DEFAULT false,
                "Status" varchar(20) NOT NULL DEFAULT 'Active',
                "CreatedAt" timestamptz NOT NULL,
                "UpdatedAt" timestamptz NULL,
                CONSTRAINT "PK_VideoComments" PRIMARY KEY ("Id"),
                CONSTRAINT "FK_VideoComments_Sessions" FOREIGN KEY ("SessionId") REFERENCES "tenant_demo"."Sessions"("Id") ON DELETE CASCADE,
                CONSTRAINT "FK_VideoComments_Users" FOREIGN KEY ("UserId") REFERENCES "tenant_demo"."Users"("Id") ON DELETE CASCADE,
                CONSTRAINT "FK_VideoComments_Parent" FOREIGN KEY ("ParentCommentId") REFERENCES "tenant_demo"."VideoComments"("Id") ON DELETE RESTRICT
            );
            CREATE INDEX IF NOT EXISTS "IX_VideoComments_SessionId_Timestamp" ON "tenant_demo"."VideoComments"("SessionId", "TimestampSecond");
            CREATE INDEX IF NOT EXISTS "IX_VideoComments_UserId" ON "tenant_demo"."VideoComments"("UserId");

            CREATE TABLE IF NOT EXISTS "tenant_demo"."CommentReactions" (
                "Id" uuid NOT NULL,
                "CommentId" uuid NOT NULL,
                "UserId" uuid NOT NULL,
                "ReactionType" varchar(20) NOT NULL DEFAULT 'Like',
                "CreatedAt" timestamptz NOT NULL,
                "UpdatedAt" timestamptz NULL,
                CONSTRAINT "PK_CommentReactions" PRIMARY KEY ("Id"),
                CONSTRAINT "FK_CommentReactions_Comments" FOREIGN KEY ("CommentId") REFERENCES "tenant_demo"."VideoComments"("Id") ON DELETE CASCADE,
                CONSTRAINT "UQ_CommentReactions_CommentUser" UNIQUE ("CommentId", "UserId")
            );
[22:20:18 INF] Executed DbCommand (2ms) [Parameters=[], CommandType='Text', CommandTimeout='30']

            CREATE TABLE IF NOT EXISTS "tenant_demo"."CoursePackages" (
                "Id" uuid NOT NULL,
                "CourseId" uuid NOT NULL,
                "PackageType" varchar(20) NOT NULL,
                "Title" varchar(200) NOT NULL,
                "Description" text NULL,
                "OriginalPrice" decimal(18,2) NOT NULL DEFAULT 0,
                "SalePrice" decimal(18,2) NOT NULL DEFAULT 0,
                "DurationDay" int NOT NULL DEFAULT 0,
                "Status" varchar(20) NOT NULL DEFAULT 'Draft',
                "CreatedAt" timestamptz NOT NULL,
                "UpdatedAt" timestamptz NULL,
                CONSTRAINT "PK_CoursePackages" PRIMARY KEY ("Id"),
                CONSTRAINT "FK_CoursePackages_Courses" FOREIGN KEY ("CourseId") REFERENCES "tenant_demo"."Courses"("Id") ON DELETE CASCADE,
                CONSTRAINT "UQ_CoursePackages_CourseType" UNIQUE ("CourseId", "PackageType")
            );

            CREATE TABLE IF NOT EXISTS "tenant_demo"."PackageEntitlements" (
                "Id" uuid NOT NULL,
                "PackageId" uuid NOT NULL,
                "FeatureCode" varchar(100) NOT NULL,
                "Enabled" boolean NOT NULL DEFAULT true,
                "CreatedAt" timestamptz NOT NULL,
                "UpdatedAt" timestamptz NULL,
                CONSTRAINT "PK_PackageEntitlements" PRIMARY KEY ("Id"),
                CONSTRAINT "FK_PackageEntitlements_Packages" FOREIGN KEY ("PackageId") REFERENCES "tenant_demo"."CoursePackages"("Id") ON DELETE CASCADE,
                CONSTRAINT "UQ_PackageEntitlements_PackageFeature" UNIQUE ("PackageId", "FeatureCode")
            );

            CREATE TABLE IF NOT EXISTS "tenant_demo"."StudentPackages" (
                "Id" uuid NOT NULL,
                "StudentId" uuid NOT NULL,
                "PackageId" uuid NOT NULL,
                "StartDate" timestamptz NOT NULL,
                "ExpiredDate" timestamptz NULL,
                "Status" varchar(20) NOT NULL DEFAULT 'Active',
                "CreatedAt" timestamptz NOT NULL,
                "UpdatedAt" timestamptz NULL,
                CONSTRAINT "PK_StudentPackages" PRIMARY KEY ("Id"),
                CONSTRAINT "FK_StudentPackages_Users" FOREIGN KEY ("StudentId") REFERENCES "tenant_demo"."Users"("Id") ON DELETE CASCADE,
                CONSTRAINT "FK_StudentPackages_Packages" FOREIGN KEY ("PackageId") REFERENCES "tenant_demo"."CoursePackages"("Id") ON DELETE RESTRICT,
                CONSTRAINT "UQ_StudentPackages_StudentPackage" UNIQUE ("StudentId", "PackageId")
            );
            CREATE INDEX IF NOT EXISTS "IX_StudentPackages_StudentStatus" ON "tenant_demo"."StudentPackages"("StudentId", "Status");

            -- Course Reviews
            CREATE TABLE IF NOT EXISTS "tenant_demo"."CourseReviews" (
                "Id" uuid NOT NULL,
                "CourseId" uuid NOT NULL,
                "UserId" uuid NOT NULL,
                "Rating" int NOT NULL,
                "Title" varchar(200) NULL,
                "Content" text NOT NULL DEFAULT '',
                "IsVerifiedPurchase" boolean NOT NULL DEFAULT false,
                "CreatedAt" timestamptz NOT NULL,
                "UpdatedAt" timestamptz NULL,
                CONSTRAINT "PK_CourseReviews" PRIMARY KEY ("Id"),
                CONSTRAINT "FK_CourseReviews_Courses" FOREIGN KEY ("CourseId") REFERENCES "tenant_demo"."Courses"("Id") ON DELETE CASCADE,
                CONSTRAINT "FK_CourseReviews_Users" FOREIGN KEY ("UserId") REFERENCES "tenant_demo"."Users"("Id") ON DELETE CASCADE,
                CONSTRAINT "UQ_CourseReviews_UserCourse" UNIQUE ("UserId", "CourseId")
            );
            CREATE INDEX IF NOT EXISTS "IX_CourseReviews_CourseId" ON "tenant_demo"."CourseReviews"("CourseId");
[22:20:18 INF] User profile is available. Using 'C:\Users\Admin\AppData\Local\ASP.NET\DataProtection-Keys' as key repository and Windows DPAPI to encrypt keys at rest.
[22:20:18 INF] Now listening on: http://localhost:5009
[22:20:18 INF] Application started. Press Ctrl+C to shut down.
[22:20:18 INF] Hosting environment: Development
[22:20:18 INF] Content root path: D:\HiepPD\MLS\backend\MLS.API
[22:23:59 INF] Request starting HTTP/1.1 GET http://localhost:5009/api/v1/courses/8991e456-8acd-475f-8d70-26da5e3cb3a6 - null null
[22:23:59 DBG] Request tenant resolved: demo
[22:23:59 WRN] Failed to determine the https port for redirect.
[22:23:59 INF] Executing endpoint 'MLS.API.Controllers.CoursesController.GetCourse (MLS.API)'
[22:23:59 INF] Route matched with {action = "GetCourse", controller = "Courses"}. Executing controller action with signature System.Threading.Tasks.Task`1[Microsoft.AspNetCore.Mvc.IActionResult] GetCourse(System.Guid, System.Threading.CancellationToken) on controller MLS.API.Controllers.CoursesController (MLS.API).
[22:23:59 WRN] You do not have a valid license key for the Lucky Penny software MediatR. This is allowed for development and testing scenarios. If you are running in production you are required to have a licensed version. Please visit https://luckypennysoftware.com to obtain a valid license.
[22:23:59 INF] Executed DbCommand (15ms) [Parameters=[@q_CourseId='?' (DbType = Guid)], CommandType='Text', CommandTimeout='30']
SELECT c."Id", c."Title", c."Description", c."ShortDescription", c."Level", c."ThumbnailUrl", c."BannerUrl", c."Slug", c."TeacherId", c."PublishedAt", c."Price", c."DiscountPrice", c."DiscountEndsAt", c."IsFree", c."CertificateEnabled", c."Language", c."Tags", c."Outcomes", c."Requirements", c."TargetAudience"
FROM "Courses" AS c
WHERE c."Id" = @q_CourseId AND c."Status" = 'Published'
LIMIT 1
[22:24:00 INF] Executed DbCommand (4ms) [Parameters=[@q_CourseId='?' (DbType = Guid)], CommandType='Text', CommandTimeout='30']
SELECT c."Id", c."Title", c."Description", c."OrderIndex", s1."Id", s1."Title", s1."Description", s1."OrderIndex", s1."IsFreeTrial", s1."DurationSeconds", s1."SegmentCount"
FROM "CourseModules" AS c
LEFT JOIN (
    SELECT s."Id", s."Title", s."Description", s."OrderIndex", s."IsFreeTrial", s."DurationSeconds", (
        SELECT count(*)::int
        FROM "Segments" AS s0
        WHERE s."Id" = s0."SessionId") AS "SegmentCount", s."ModuleId"
    FROM "Sessions" AS s
    WHERE s."PublishStatus" = 'Published'
) AS s1 ON c."Id" = s1."ModuleId"
WHERE c."CourseId" = @q_CourseId
ORDER BY c."OrderIndex", c."Id", s1."OrderIndex"
[22:24:00 INF] Executed DbCommand (2ms) [Parameters=[@q_CourseId='?' (DbType = Guid)], CommandType='Text', CommandTimeout='30']
SELECT count(*)::int
FROM "CourseEnrollments" AS c
WHERE c."CourseId" = @q_CourseId
[22:24:00 INF] Executed DbCommand (1ms) [Parameters=[@q_CourseId='?' (DbType = Guid)], CommandType='Text', CommandTimeout='30']
SELECT count(*)::int
FROM "CourseEnrollments" AS c
WHERE c."CourseId" = @q_CourseId AND c."Source" = 'Payment'
[22:24:00 INF] Executed DbCommand (2ms) [Parameters=[@course_TeacherId_Value='?' (DbType = Guid)], CommandType='Text', CommandTimeout='30']
SELECT t."DisplayName", t."AvatarUrl", t."Slug"
FROM "TeacherProfiles" AS t
WHERE t."Id" = @course_TeacherId_Value
LIMIT 1
[22:24:00 INF] Executing OkObjectResult, writing value of type 'MLS.Application.Learning.Queries.PublicCourseDetail'.
[22:24:00 INF] Executed action MLS.API.Controllers.CoursesController.GetCourse (MLS.API) in 590.4864ms
[22:24:00 INF] Executed endpoint 'MLS.API.Controllers.CoursesController.GetCourse (MLS.API)'
[22:24:00 INF] HTTP GET /api/v1/courses/8991e456-8acd-475f-8d70-26da5e3cb3a6 responded 200 in 754.8777 ms
[22:24:00 INF] Request finished HTTP/1.1 GET http://localhost:5009/api/v1/courses/8991e456-8acd-475f-8d70-26da5e3cb3a6 - 200 null application/json; charset=utf-8 821.0738ms
[22:24:25 INF] Request starting HTTP/1.1 OPTIONS http://localhost:5009/api/v1/admin/cms/courses?page=1&pageSize=20 - null null
[22:24:25 INF] CORS policy execution successful.
[22:24:25 INF] HTTP OPTIONS /api/v1/admin/cms/courses responded 204 in 8.8951 ms
[22:24:25 INF] Request finished HTTP/1.1 OPTIONS http://localhost:5009/api/v1/admin/cms/courses?page=1&pageSize=20 - 204 null null 15.0267ms
[22:24:25 INF] Request starting HTTP/1.1 GET http://localhost:5009/api/v1/admin/cms/courses?page=1&pageSize=20 - null null
[22:24:25 INF] CORS policy execution successful.
[22:24:25 DBG] Request tenant resolved: demo
[22:24:25 INF] Failed to validate the token.
Microsoft.IdentityModel.Tokens.SecurityTokenExpiredException: IDX10223: Lifetime validation failed. The token is expired. ValidTo (UTC): '5/20/2026 2:42:56 PM', Current time (UTC): '5/20/2026 3:24:25 PM'.
   at Microsoft.IdentityModel.Tokens.ValidatorUtilities.ValidateLifetime(Nullable`1 notBefore, Nullable`1 expires, SecurityToken securityToken, TokenValidationParameters validationParameters)
   at Microsoft.IdentityModel.Tokens.Validators.ValidateLifetime(Nullable`1 notBefore, Nullable`1 expires, SecurityToken securityToken, TokenValidationParameters validationParameters)
   at Microsoft.IdentityModel.JsonWebTokens.JsonWebTokenHandler.ValidateTokenPayloadAsync(JsonWebToken jsonWebToken, TokenValidationParameters validationParameters, BaseConfiguration configuration)
   at Microsoft.IdentityModel.JsonWebTokens.JsonWebTokenHandler.ValidateJWSAsync(JsonWebToken jsonWebToken, TokenValidationParameters validationParameters, BaseConfiguration configuration)
[22:24:25 INF] Bearer was not authenticated. Failure message: IDX10223: Lifetime validation failed. The token is expired. ValidTo (UTC): '5/20/2026 2:42:56 PM', Current time (UTC): '5/20/2026 3:24:25 PM'.
[22:24:25 INF] Authorization failed. These requirements were not met:
RolesAuthorizationRequirement:User.IsInRole must be true for one of the following roles: (Admin|SuperAdmin|ContentManager)
[22:24:25 INF] AuthenticationScheme: Bearer was challenged.
[22:24:25 INF] HTTP GET /api/v1/admin/cms/courses responded 401 in 123.7174 ms
[22:24:25 INF] Request finished HTTP/1.1 GET http://localhost:5009/api/v1/admin/cms/courses?page=1&pageSize=20 - 401 0 null 129.906ms
[22:24:25 INF] Request starting HTTP/1.1 OPTIONS http://localhost:5009/api/v1/auth/refresh - null null
[22:24:25 INF] CORS policy execution successful.
[22:24:25 INF] HTTP OPTIONS /api/v1/auth/refresh responded 204 in 0.4070 ms
[22:24:25 INF] Request finished HTTP/1.1 OPTIONS http://localhost:5009/api/v1/auth/refresh - 204 null null 1.1921ms
[22:24:25 INF] Request starting HTTP/1.1 POST http://localhost:5009/api/v1/auth/refresh - application/json 107
[22:24:25 INF] CORS policy execution successful.
[22:24:25 DBG] Request tenant resolved: demo
[22:24:25 INF] Executing endpoint 'MLS.API.Controllers.AuthController.Refresh (MLS.API)'
[22:24:25 INF] Route matched with {action = "Refresh", controller = "Auth"}. Executing controller action with signature System.Threading.Tasks.Task`1[Microsoft.AspNetCore.Mvc.IActionResult] Refresh(MLS.API.Controllers.RefreshRequest, System.Threading.CancellationToken) on controller MLS.API.Controllers.AuthController (MLS.API).
[22:24:26 INF] Executed DbCommand (5ms) [Parameters=[@tokenHash='?'], CommandType='Text', CommandTimeout='30']
SELECT s."Id", s."CreatedAt", s."DeviceId", s."ExpiresAt", s."RevokedAt", s."TokenHash", s."UpdatedAt", s."UserId", s."Id0", s."CreatedAt0", s."Email", s."GoogleId", s."MoodleUserId", s."PasswordHash", s."Phone", s."Status", s."UpdatedAt0", s."Id1", s."Address", s."AvatarUrl", s."CreatedAt1", s."CurrentLevel", s."DateOfBirth", s."FullName", s."Gender", s."UpdatedAt1", s."UserId0", s0."UserId", s0."RoleId", s0."AssignedAt", s0."Id", s0."CreatedAt", s0."Description", s0."Name", s0."Permissions", s0."UpdatedAt"
FROM (
    SELECT r."Id", r."CreatedAt", r."DeviceId", r."ExpiresAt", r."RevokedAt", r."TokenHash", r."UpdatedAt", r."UserId", u."Id" AS "Id0", u."CreatedAt" AS "CreatedAt0", u."Email", u."GoogleId", u."MoodleUserId", u."PasswordHash", u."Phone", u."Status", u."UpdatedAt" AS "UpdatedAt0", u0."Id" AS "Id1", u0."Address", u0."AvatarUrl", u0."CreatedAt" AS "CreatedAt1", u0."CurrentLevel", u0."DateOfBirth", u0."FullName", u0."Gender", u0."UpdatedAt" AS "UpdatedAt1", u0."UserId" AS "UserId0"
    FROM "RefreshTokens" AS r
    INNER JOIN "Users" AS u ON r."UserId" = u."Id"
    LEFT JOIN "UserProfiles" AS u0 ON u."Id" = u0."UserId"
    WHERE r."TokenHash" = @tokenHash
    LIMIT 1
) AS s
LEFT JOIN (
    SELECT u1."UserId", u1."RoleId", u1."AssignedAt", r0."Id", r0."CreatedAt", r0."Description", r0."Name", r0."Permissions", r0."UpdatedAt"
    FROM "UserRoles" AS u1
    INNER JOIN "Roles" AS r0 ON u1."RoleId" = r0."Id"
) AS s0 ON s."Id0" = s0."UserId"
ORDER BY s."Id", s."Id0", s."Id1", s0."UserId", s0."RoleId"
[22:24:26 INF] Executed DbCommand (1ms) [Parameters=[], CommandType='Text', CommandTimeout='30']
SET search_path TO tenant_demo, public
[22:24:26 INF] Executed DbCommand (4ms) [Parameters=[@p2='?' (DbType = Guid), @p0='?' (DbType = DateTime), @p1='?' (DbType = DateTime), @p3='?' (DbType = Guid), @p4='?' (DbType = DateTime), @p5='?', @p6='?' (DbType = DateTime), @p7='?' (DbType = DateTime), @p8='?', @p9='?' (DbType = DateTime), @p10='?' (DbType = Guid)], CommandType='Text', CommandTimeout='30']
UPDATE "RefreshTokens" SET "RevokedAt" = @p0, "UpdatedAt" = @p1
WHERE "Id" = @p2;
INSERT INTO "RefreshTokens" ("Id", "CreatedAt", "DeviceId", "ExpiresAt", "RevokedAt", "TokenHash", "UpdatedAt", "UserId")
VALUES (@p3, @p4, @p5, @p6, @p7, @p8, @p9, @p10);
[22:24:26 INF] Executing OkObjectResult, writing value of type 'MLS.Application.Auth.Dtos.AuthResponseDto'.
[22:24:26 INF] Executed action MLS.API.Controllers.AuthController.Refresh (MLS.API) in 752.348ms
[22:24:26 INF] Executed endpoint 'MLS.API.Controllers.AuthController.Refresh (MLS.API)'
[22:24:26 INF] HTTP POST /api/v1/auth/refresh responded 200 in 773.7782 ms
[22:24:26 INF] Request finished HTTP/1.1 POST http://localhost:5009/api/v1/auth/refresh - 200 null application/json; charset=utf-8 776.8418ms
[22:24:26 INF] Request starting HTTP/1.1 GET http://localhost:5009/api/v1/admin/cms/courses?page=1&pageSize=20 - null null
[22:24:26 INF] CORS policy execution successful.
[22:24:26 DBG] Request tenant resolved: demo
[22:24:26 INF] Executing endpoint 'MLS.API.Controllers.Admin.AdminCmsController.GetCourses (MLS.API)'
[22:24:26 INF] Route matched with {action = "GetCourses", controller = "AdminCms"}. Executing controller action with signature System.Threading.Tasks.Task`1[Microsoft.AspNetCore.Mvc.IActionResult] GetCourses(Int32, Int32, System.String, System.Nullable`1[System.Int32], System.String, System.Threading.CancellationToken) on controller MLS.API.Controllers.Admin.AdminCmsController (MLS.API).
[22:24:26 INF] Executed DbCommand (1ms) [Parameters=[], CommandType='Text', CommandTimeout='30']
SELECT count(*)::int
FROM "Courses" AS c
[22:24:26 WRN] Compiling a query which loads related collections for more than one collection navigation, either via 'Include' or through projection, but no 'QuerySplittingBehavior' has been configured. By default, Entity Framework will use 'QuerySplittingBehavior.SingleQuery', which can potentially result in slow query performance. See https://go.microsoft.com/fwlink/?linkid=2134277 for more information. To identify the query that's triggering this warning call 'ConfigureWarnings(w => w.Throw(RelationalEventId.MultipleCollectionIncludeWarning))'.
[22:24:26 INF] Executed DbCommand (3ms) [Parameters=[@p1='?' (DbType = Int32), @p='?' (DbType = Int32)], CommandType='Text', CommandTimeout='30']
SELECT c2."Id", c2."BannerUrl", c2."CertificateEnabled", c2."Code", c2."CompletionRequired", c2."CreatedAt", c2."CreatedBy", c2."Description", c2."DiscountEndsAt", c2."DiscountPrice", c2."Duration", c2."EndDate", c2."IsFree", c2."Language", c2."Level", c2."Outcomes", c2."Price", c2."PublishedAt", c2."Requirements", c2."ShortDescription", c2."Slug", c2."StartDate", c2."Status", c2."Tags", c2."TargetAudience", c2."TeacherId", c2."ThumbnailUrl", c2."Title", c2."UpdatedAt", c2."Visibility", c0."Id", c0."CourseId", c0."CreatedAt", c0."Description", c0."EstimatedDuration", c0."IsLocked", c0."LevelId", c0."OrderIndex", c0."ThumbnailUrl", c0."Title", c0."UpdatedAt", c1."Id", c1."CourseId", c1."CreatedAt", c1."EnrolledAt", c1."ExpiresAt", c1."OrderId", c1."Source", c1."UpdatedAt", c1."UserId"
FROM (
    SELECT c."Id", c."BannerUrl", c."CertificateEnabled", c."Code", c."CompletionRequired", c."CreatedAt", c."CreatedBy", c."Description", c."DiscountEndsAt", c."DiscountPrice", c."Duration", c."EndDate", c."IsFree", c."Language", c."Level", c."Outcomes", c."Price", c."PublishedAt", c."Requirements", c."ShortDescription", c."Slug", c."StartDate", c."Status", c."Tags", c."TargetAudience", c."TeacherId", c."ThumbnailUrl", c."Title", c."UpdatedAt", c."Visibility"
    FROM "Courses" AS c
    ORDER BY c."CreatedAt" DESC
    LIMIT @p1 OFFSET @p
) AS c2
LEFT JOIN "CourseModules" AS c0 ON c2."Id" = c0."CourseId"
LEFT JOIN "CourseEnrollments" AS c1 ON c2."Id" = c1."CourseId"
ORDER BY c2."CreatedAt" DESC, c2."Id", c0."Id"
[22:24:27 INF] Executing OkObjectResult, writing value of type 'MLS.Application.CMS.Courses.Queries.PagedCoursesResult'.
[22:24:27 INF] Executed action MLS.API.Controllers.Admin.AdminCmsController.GetCourses (MLS.API) in 243.0725ms
[22:24:27 INF] Executed endpoint 'MLS.API.Controllers.Admin.AdminCmsController.GetCourses (MLS.API)'
[22:24:27 INF] HTTP GET /api/v1/admin/cms/courses responded 200 in 271.1364 ms
[22:24:27 INF] Request finished HTTP/1.1 GET http://localhost:5009/api/v1/admin/cms/courses?page=1&pageSize=20 - 200 null application/json; charset=utf-8 271.8782ms
[22:24:30 INF] Request starting HTTP/1.1 OPTIONS http://localhost:5009/api/v1/admin/cms/courses/8991e456-8acd-475f-8d70-26da5e3cb3a6 - null null
[22:24:30 INF] Request starting HTTP/1.1 OPTIONS http://localhost:5009/api/v1/admin/cms/learning-levels - null null
[22:24:30 INF] Request starting HTTP/1.1 OPTIONS http://localhost:5009/api/v1/admin/users?page=1&pageSize=100&role=Teacher - null null
[22:24:30 INF] CORS policy execution successful.
[22:24:30 INF] CORS policy execution successful.
[22:24:30 INF] CORS policy execution successful.
[22:24:30 INF] HTTP OPTIONS /api/v1/admin/users responded 204 in 0.2760 ms
[22:24:30 INF] HTTP OPTIONS /api/v1/admin/cms/courses/8991e456-8acd-475f-8d70-26da5e3cb3a6 responded 204 in 0.5165 ms
[22:24:30 INF] HTTP OPTIONS /api/v1/admin/cms/learning-levels responded 204 in 0.3114 ms
[22:24:30 INF] Request finished HTTP/1.1 OPTIONS http://localhost:5009/api/v1/admin/users?page=1&pageSize=100&role=Teacher - 204 null null 0.6862ms
[22:24:30 INF] Request finished HTTP/1.1 OPTIONS http://localhost:5009/api/v1/admin/cms/learning-levels - 204 null null 0.8178ms
[22:24:30 INF] Request finished HTTP/1.1 OPTIONS http://localhost:5009/api/v1/admin/cms/courses/8991e456-8acd-475f-8d70-26da5e3cb3a6 - 204 null null 1.3556ms
[22:24:30 INF] Request starting HTTP/1.1 GET http://localhost:5009/api/v1/admin/users?page=1&pageSize=100&role=Teacher - null null
[22:24:30 INF] Request starting HTTP/1.1 GET http://localhost:5009/api/v1/admin/cms/courses/8991e456-8acd-475f-8d70-26da5e3cb3a6 - null null
[22:24:30 INF] CORS policy execution successful.
[22:24:30 INF] CORS policy execution successful.
[22:24:30 DBG] Request tenant resolved: demo
[22:24:30 DBG] Request tenant resolved: demo
[22:24:30 INF] Request starting HTTP/1.1 GET http://localhost:5009/api/v1/admin/cms/learning-levels - null null
[22:24:30 INF] CORS policy execution successful.
[22:24:30 DBG] Request tenant resolved: demo
[22:24:30 INF] Executing endpoint 'MLS.API.Controllers.Admin.AdminCmsController.GetLearningLevels (MLS.API)'
[22:24:30 INF] Executing endpoint 'MLS.API.Controllers.Admin.AdminCmsController.GetCourse (MLS.API)'
[22:24:30 INF] Executing endpoint 'MLS.API.Controllers.Admin.AdminUsersController.GetUsers (MLS.API)'
[22:24:30 INF] Route matched with {action = "GetLearningLevels", controller = "AdminCms"}. Executing controller action with signature System.Threading.Tasks.Task`1[Microsoft.AspNetCore.Mvc.IActionResult] GetLearningLevels(Boolean, System.Threading.CancellationToken) on controller MLS.API.Controllers.Admin.AdminCmsController (MLS.API).
[22:24:30 INF] Route matched with {action = "GetCourse", controller = "AdminCms"}. Executing controller action with signature System.Threading.Tasks.Task`1[Microsoft.AspNetCore.Mvc.IActionResult] GetCourse(System.Guid, System.Threading.CancellationToken) on controller MLS.API.Controllers.Admin.AdminCmsController (MLS.API).
[22:24:30 INF] Route matched with {action = "GetUsers", controller = "AdminUsers"}. Executing controller action with signature System.Threading.Tasks.Task`1[Microsoft.AspNetCore.Mvc.IActionResult] GetUsers(Int32, Int32, System.String, System.String, System.String, System.Threading.CancellationToken) on controller MLS.API.Controllers.Admin.AdminUsersController (MLS.API).
[22:24:30 INF] Executed DbCommand (2ms) [Parameters=[], CommandType='Text', CommandTimeout='30']
SELECT l."Id", l."Name", l."Description", l."OrderIndex", l."IsActive", l."CreatedAt"
FROM "LearningLevels" AS l
WHERE l."IsActive"
ORDER BY l."OrderIndex"
[22:24:30 INF] Executing OkObjectResult, writing value of type 'System.Collections.Generic.List`1[[MLS.Application.CMS.Courses.Queries.LearningLevelDto, MLS.Application, Version=1.0.0.0, Culture=neutral, PublicKeyToken=null]]'.
[22:24:30 INF] Executed action MLS.API.Controllers.Admin.AdminCmsController.GetLearningLevels (MLS.API) in 29.8465ms
[22:24:30 INF] Executed endpoint 'MLS.API.Controllers.Admin.AdminCmsController.GetLearningLevels (MLS.API)'
[22:24:30 INF] HTTP GET /api/v1/admin/cms/learning-levels responded 200 in 50.4013 ms
[22:24:30 INF] Request finished HTTP/1.1 GET http://localhost:5009/api/v1/admin/cms/learning-levels - 200 null application/json; charset=utf-8 51.2248ms
[22:24:30 WRN] Compiling a query which loads related collections for more than one collection navigation, either via 'Include' or through projection, but no 'QuerySplittingBehavior' has been configured. By default, Entity Framework will use 'QuerySplittingBehavior.SingleQuery', which can potentially result in slow query performance. See https://go.microsoft.com/fwlink/?linkid=2134277 for more information. To identify the query that's triggering this warning call 'ConfigureWarnings(w => w.Throw(RelationalEventId.MultipleCollectionIncludeWarning))'.
[22:24:30 INF] Executed DbCommand (3ms) [Parameters=[@request_Role='?'], CommandType='Text', CommandTimeout='30']
SELECT count(*)::int
FROM "Users" AS u
WHERE EXISTS (
    SELECT 1
    FROM "UserRoles" AS u0
    INNER JOIN "Roles" AS r ON u0."RoleId" = r."Id"
    WHERE u."Id" = u0."UserId" AND r."Name" = @request_Role)
[22:24:30 INF] Executed DbCommand (4ms) [Parameters=[@request_CourseId='?' (DbType = Guid)], CommandType='Text', CommandTimeout='30']
SELECT c2."Id", c2."BannerUrl", c2."CertificateEnabled", c2."Code", c2."CompletionRequired", c2."CreatedAt", c2."CreatedBy", c2."Description", c2."DiscountEndsAt", c2."DiscountPrice", c2."Duration", c2."EndDate", c2."IsFree", c2."Language", c2."Level", c2."Outcomes", c2."Price", c2."PublishedAt", c2."Requirements", c2."ShortDescription", c2."Slug", c2."StartDate", c2."Status", c2."Tags", c2."TargetAudience", c2."TeacherId", c2."ThumbnailUrl", c2."Title", c2."UpdatedAt", c2."Visibility", c0."Id", c0."CourseId", c0."CreatedAt", c0."Description", c0."IsPublished", c0."Name", c0."OrderIndex", c0."UpdatedAt", s0."Id", s0."CourseId", s0."CreatedAt", s0."Description", s0."EstimatedDuration", s0."IsLocked", s0."LevelId", s0."OrderIndex", s0."ThumbnailUrl", s0."Title", s0."UpdatedAt", s0."Id0", s0."AudioUrl", s0."Content", s0."CreatedAt0", s0."Description0", s0."DocumentUrl", s0."DurationMinutes", s0."DurationSeconds", s0."IsFreeTrial", s0."ModuleId", s0."OrderIndex0", s0."PassScore", s0."PublishStatus", s0."SessionType", s0."ThumbnailUrl0", s0."Title0", s0."Transcript", s0."UpdatedAt0", s0."VideoAssetId"
FROM (
    SELECT c."Id", c."BannerUrl", c."CertificateEnabled", c."Code", c."CompletionRequired", c."CreatedAt", c."CreatedBy", c."Description", c."DiscountEndsAt", c."DiscountPrice", c."Duration", c."EndDate", c."IsFree", c."Language", c."Level", c."Outcomes", c."Price", c."PublishedAt", c."Requirements", c."ShortDescription", c."Slug", c."StartDate", c."Status", c."Tags", c."TargetAudience", c."TeacherId", c."ThumbnailUrl", c."Title", c."UpdatedAt", c."Visibility"
    FROM "Courses" AS c
    WHERE c."Id" = @request_CourseId
    LIMIT 1
) AS c2
LEFT JOIN "CourseLevels" AS c0 ON c2."Id" = c0."CourseId"
LEFT JOIN (
    SELECT c1."Id", c1."CourseId", c1."CreatedAt", c1."Description", c1."EstimatedDuration", c1."IsLocked", c1."LevelId", c1."OrderIndex", c1."ThumbnailUrl", c1."Title", c1."UpdatedAt", s."Id" AS "Id0", s."AudioUrl", s."Content", s."CreatedAt" AS "CreatedAt0", s."Description" AS "Description0", s."DocumentUrl", s."DurationMinutes", s."DurationSeconds", s."IsFreeTrial", s."ModuleId", s."OrderIndex" AS "OrderIndex0", s."PassScore", s."PublishStatus", s."SessionType", s."ThumbnailUrl" AS "ThumbnailUrl0", s."Title" AS "Title0", s."Transcript", s."UpdatedAt" AS "UpdatedAt0", s."VideoAssetId"
    FROM "CourseModules" AS c1
    LEFT JOIN "Sessions" AS s ON c1."Id" = s."ModuleId"
) AS s0 ON c2."Id" = s0."CourseId"
ORDER BY c2."Id", c0."OrderIndex", c0."Id", s0."OrderIndex", s0."Id"
[22:24:30 INF] Executed DbCommand (4ms) [Parameters=[@request_Role='?', @p2='?' (DbType = Int32), @p='?' (DbType = Int32)], CommandType='Text', CommandTimeout='30']
SELECT u2."Id", u2."CreatedAt", u2."Email", u2."GoogleId", u2."MoodleUserId", u2."PasswordHash", u2."Phone", u2."Status", u2."UpdatedAt", u1."Id", u1."Address", u1."AvatarUrl", u1."CreatedAt", u1."CurrentLevel", u1."DateOfBirth", u1."FullName", u1."Gender", u1."UpdatedAt", u1."UserId", s."UserId", s."RoleId", s."AssignedAt", s."Id", s."CreatedAt", s."Description", s."Name", s."Permissions", s."UpdatedAt"
FROM (
    SELECT u."Id", u."CreatedAt", u."Email", u."GoogleId", u."MoodleUserId", u."PasswordHash", u."Phone", u."Status", u."UpdatedAt"
    FROM "Users" AS u
    WHERE EXISTS (
        SELECT 1
        FROM "UserRoles" AS u0
        INNER JOIN "Roles" AS r ON u0."RoleId" = r."Id"
        WHERE u."Id" = u0."UserId" AND r."Name" = @request_Role)
    ORDER BY u."CreatedAt" DESC
    LIMIT @p2 OFFSET @p
) AS u2
LEFT JOIN "UserProfiles" AS u1 ON u2."Id" = u1."UserId"
LEFT JOIN (
    SELECT u3."UserId", u3."RoleId", u3."AssignedAt", r0."Id", r0."CreatedAt", r0."Description", r0."Name", r0."Permissions", r0."UpdatedAt"
    FROM "UserRoles" AS u3
    INNER JOIN "Roles" AS r0 ON u3."RoleId" = r0."Id"
) AS s ON u2."Id" = s."UserId"
ORDER BY u2."CreatedAt" DESC, u2."Id", u1."Id", s."UserId", s."RoleId"
[22:24:30 INF] Executing OkObjectResult, writing value of type 'MLS.Application.Admin.Users.Queries.PagedResult`1[[MLS.Application.Admin.Users.Queries.AdminUserListItemDto, MLS.Application, Version=1.0.0.0, Culture=neutral, PublicKeyToken=null]]'.
[22:24:30 INF] Executed action MLS.API.Controllers.Admin.AdminUsersController.GetUsers (MLS.API) in 162.0045ms
[22:24:30 INF] Executed endpoint 'MLS.API.Controllers.Admin.AdminUsersController.GetUsers (MLS.API)'
[22:24:30 INF] HTTP GET /api/v1/admin/users responded 200 in 185.8314 ms
[22:24:30 INF] Request finished HTTP/1.1 GET http://localhost:5009/api/v1/admin/users?page=1&pageSize=100&role=Teacher - 200 null application/json; charset=utf-8 186.642ms
[22:24:30 INF] Executing OkObjectResult, writing value of type 'MLS.Application.CMS.Courses.Queries.CourseDetailDto'.
[22:24:30 INF] Executed action MLS.API.Controllers.Admin.AdminCmsController.GetCourse (MLS.API) in 234.1171ms
[22:24:30 INF] Executed endpoint 'MLS.API.Controllers.Admin.AdminCmsController.GetCourse (MLS.API)'
[22:24:30 INF] HTTP GET /api/v1/admin/cms/courses/8991e456-8acd-475f-8d70-26da5e3cb3a6 responded 200 in 255.0652 ms
[22:24:30 INF] Request finished HTTP/1.1 GET http://localhost:5009/api/v1/admin/cms/courses/8991e456-8acd-475f-8d70-26da5e3cb3a6 - 200 null application/json; charset=utf-8 256.3667ms
[22:24:33 INF] Request starting HTTP/1.1 OPTIONS http://localhost:5009/api/v1/courses/8991e456-8acd-475f-8d70-26da5e3cb3a6 - null null
[22:24:33 INF] CORS policy execution successful.
[22:24:33 INF] HTTP OPTIONS /api/v1/courses/8991e456-8acd-475f-8d70-26da5e3cb3a6 responded 204 in 0.3130 ms
[22:24:33 INF] Request finished HTTP/1.1 OPTIONS http://localhost:5009/api/v1/courses/8991e456-8acd-475f-8d70-26da5e3cb3a6 - 204 null null 1.6385ms
[22:24:33 INF] Request starting HTTP/1.1 GET http://localhost:5009/api/v1/courses/8991e456-8acd-475f-8d70-26da5e3cb3a6 - null null
[22:24:33 INF] CORS policy execution successful.
[22:24:33 DBG] Request tenant resolved: demo
[22:24:33 INF] Executing endpoint 'MLS.API.Controllers.CoursesController.GetCourse (MLS.API)'
[22:24:33 INF] Route matched with {action = "GetCourse", controller = "Courses"}. Executing controller action with signature System.Threading.Tasks.Task`1[Microsoft.AspNetCore.Mvc.IActionResult] GetCourse(System.Guid, System.Threading.CancellationToken) on controller MLS.API.Controllers.CoursesController (MLS.API).
[22:24:33 INF] Executed DbCommand (2ms) [Parameters=[@q_CourseId='?' (DbType = Guid)], CommandType='Text', CommandTimeout='30']
SELECT c."Id", c."Title", c."Description", c."ShortDescription", c."Level", c."ThumbnailUrl", c."BannerUrl", c."Slug", c."TeacherId", c."PublishedAt", c."Price", c."DiscountPrice", c."DiscountEndsAt", c."IsFree", c."CertificateEnabled", c."Language", c."Tags", c."Outcomes", c."Requirements", c."TargetAudience"
FROM "Courses" AS c
WHERE c."Id" = @q_CourseId AND c."Status" = 'Published'
LIMIT 1
[22:24:33 INF] Executed DbCommand (1ms) [Parameters=[@q_CourseId='?' (DbType = Guid)], CommandType='Text', CommandTimeout='30']
SELECT c."Id", c."Title", c."Description", c."OrderIndex", s1."Id", s1."Title", s1."Description", s1."OrderIndex", s1."IsFreeTrial", s1."DurationSeconds", s1."SegmentCount"
FROM "CourseModules" AS c
LEFT JOIN (
    SELECT s."Id", s."Title", s."Description", s."OrderIndex", s."IsFreeTrial", s."DurationSeconds", (
        SELECT count(*)::int
        FROM "Segments" AS s0
        WHERE s."Id" = s0."SessionId") AS "SegmentCount", s."ModuleId"
    FROM "Sessions" AS s
    WHERE s."PublishStatus" = 'Published'
) AS s1 ON c."Id" = s1."ModuleId"
WHERE c."CourseId" = @q_CourseId
ORDER BY c."OrderIndex", c."Id", s1."OrderIndex"
[22:24:33 INF] Executed DbCommand (1ms) [Parameters=[@q_CourseId='?' (DbType = Guid)], CommandType='Text', CommandTimeout='30']
SELECT count(*)::int
FROM "CourseEnrollments" AS c
WHERE c."CourseId" = @q_CourseId
[22:24:33 INF] Executed DbCommand (1ms) [Parameters=[@q_CourseId='?' (DbType = Guid)], CommandType='Text', CommandTimeout='30']
SELECT count(*)::int
FROM "CourseEnrollments" AS c
WHERE c."CourseId" = @q_CourseId AND c."Source" = 'Payment'
[22:24:33 INF] Executed DbCommand (1ms) [Parameters=[@course_TeacherId_Value='?' (DbType = Guid)], CommandType='Text', CommandTimeout='30']
SELECT t."DisplayName", t."AvatarUrl", t."Slug"
FROM "TeacherProfiles" AS t
WHERE t."Id" = @course_TeacherId_Value
LIMIT 1
[22:24:33 INF] Executing OkObjectResult, writing value of type 'MLS.Application.Learning.Queries.PublicCourseDetail'.
[22:24:33 INF] Executed action MLS.API.Controllers.CoursesController.GetCourse (MLS.API) in 23.2974ms
[22:24:33 INF] Executed endpoint 'MLS.API.Controllers.CoursesController.GetCourse (MLS.API)'
[22:24:33 INF] HTTP GET /api/v1/courses/8991e456-8acd-475f-8d70-26da5e3cb3a6 responded 200 in 24.9735 ms
[22:24:33 INF] Request finished HTTP/1.1 GET http://localhost:5009/api/v1/courses/8991e456-8acd-475f-8d70-26da5e3cb3a6 - 200 null application/json; charset=utf-8 25.4089ms
[22:24:33 INF] Request starting HTTP/1.1 OPTIONS http://localhost:5009/api/v1/courses/8991e456-8acd-475f-8d70-26da5e3cb3a6/reviews/stats - null null
[22:24:33 INF] CORS policy execution successful.
[22:24:33 INF] HTTP OPTIONS /api/v1/courses/8991e456-8acd-475f-8d70-26da5e3cb3a6/reviews/stats responded 204 in 0.1732 ms
[22:24:33 INF] Request finished HTTP/1.1 OPTIONS http://localhost:5009/api/v1/courses/8991e456-8acd-475f-8d70-26da5e3cb3a6/reviews/stats - 204 null null 0.531ms
[22:24:33 INF] Request starting HTTP/1.1 OPTIONS http://localhost:5009/api/v1/courses/8991e456-8acd-475f-8d70-26da5e3cb3a6/reviews?page=1&pageSize=5 - null null
[22:24:33 INF] Request starting HTTP/1.1 GET http://localhost:5009/api/v1/courses/8991e456-8acd-475f-8d70-26da5e3cb3a6/reviews/stats - null null
[22:24:33 INF] CORS policy execution successful.
[22:24:33 INF] HTTP OPTIONS /api/v1/courses/8991e456-8acd-475f-8d70-26da5e3cb3a6/reviews responded 204 in 0.1677 ms
[22:24:33 INF] Request finished HTTP/1.1 OPTIONS http://localhost:5009/api/v1/courses/8991e456-8acd-475f-8d70-26da5e3cb3a6/reviews?page=1&pageSize=5 - 204 null null 1.7265ms
[22:24:33 INF] CORS policy execution successful.
[22:24:33 DBG] Request tenant resolved: demo
[22:24:33 INF] Executing endpoint 'MLS.API.Controllers.CourseReviewsController.GetStats (MLS.API)'
[22:24:33 INF] Request starting HTTP/1.1 GET http://localhost:5009/api/v1/courses/8991e456-8acd-475f-8d70-26da5e3cb3a6/reviews?page=1&pageSize=5 - null null
[22:24:33 INF] CORS policy execution successful.
[22:24:33 DBG] Request tenant resolved: demo
[22:24:33 INF] Executing endpoint 'MLS.API.Controllers.CourseReviewsController.GetReviews (MLS.API)'
[22:24:33 INF] Route matched with {action = "GetStats", controller = "CourseReviews"}. Executing controller action with signature System.Threading.Tasks.Task`1[Microsoft.AspNetCore.Mvc.IActionResult] GetStats(System.Guid, System.Threading.CancellationToken) on controller MLS.API.Controllers.CourseReviewsController (MLS.API).
[22:24:33 INF] Route matched with {action = "GetReviews", controller = "CourseReviews"}. Executing controller action with signature System.Threading.Tasks.Task`1[Microsoft.AspNetCore.Mvc.IActionResult] GetReviews(System.Guid, Int32, Int32, System.Threading.CancellationToken) on controller MLS.API.Controllers.CourseReviewsController (MLS.API).
[22:24:33 INF] Executed DbCommand (2ms) [Parameters=[@q_CourseId='?' (DbType = Guid)], CommandType='Text', CommandTimeout='30']
SELECT count(*)::int
FROM "CourseReviews" AS c
WHERE c."CourseId" = @q_CourseId
[22:24:33 INF] Executed DbCommand (2ms) [Parameters=[@q_CourseId='?' (DbType = Guid)], CommandType='Text', CommandTimeout='30']
SELECT c."Rating"
FROM "CourseReviews" AS c
WHERE c."CourseId" = @q_CourseId
[22:24:33 INF] Executing OkObjectResult, writing value of type 'MLS.Application.CMS.Reviews.ReviewStatsDto'.
[22:24:33 INF] Executed action MLS.API.Controllers.CourseReviewsController.GetStats (MLS.API) in 55.1468ms
[22:24:33 INF] Executed endpoint 'MLS.API.Controllers.CourseReviewsController.GetStats (MLS.API)'
[22:24:33 INF] HTTP GET /api/v1/courses/8991e456-8acd-475f-8d70-26da5e3cb3a6/reviews/stats responded 200 in 65.8592 ms
[22:24:33 INF] Request finished HTTP/1.1 GET http://localhost:5009/api/v1/courses/8991e456-8acd-475f-8d70-26da5e3cb3a6/reviews/stats - 200 null application/json; charset=utf-8 67.588ms
[22:24:33 INF] Executed DbCommand (2ms) [Parameters=[@q_CourseId='?' (DbType = Guid), @p2='?' (DbType = Int32), @p='?' (DbType = Int32)], CommandType='Text', CommandTimeout='30']
SELECT c0."Id", c0."Content", c0."CourseId", c0."CreatedAt", c0."IsVerifiedPurchase", c0."Rating", c0."Title", c0."UpdatedAt", c0."UserId", u."Id", u."CreatedAt", u."Email", u."GoogleId", u."MoodleUserId", u."PasswordHash", u."Phone", u."Status", u."UpdatedAt", u0."Id", u0."Address", u0."AvatarUrl", u0."CreatedAt", u0."CurrentLevel", u0."DateOfBirth", u0."FullName", u0."Gender", u0."UpdatedAt", u0."UserId"
FROM (
    SELECT c."Id", c."Content", c."CourseId", c."CreatedAt", c."IsVerifiedPurchase", c."Rating", c."Title", c."UpdatedAt", c."UserId"
    FROM "CourseReviews" AS c
    WHERE c."CourseId" = @q_CourseId
    ORDER BY c."CreatedAt" DESC
    LIMIT @p2 OFFSET @p
) AS c0
INNER JOIN "Users" AS u ON c0."UserId" = u."Id"
LEFT JOIN "UserProfiles" AS u0 ON u."Id" = u0."UserId"
ORDER BY c0."CreatedAt" DESC
[22:24:33 INF] Executing OkObjectResult, writing value of type '<>f__AnonymousType9`4[[System.Collections.Generic.List`1[[MLS.Application.CMS.Reviews.ReviewDto, MLS.Application, Version=1.0.0.0, Culture=neutral, PublicKeyToken=null]], System.Private.CoreLib, Version=10.0.0.0, Culture=neutral, PublicKeyToken=7cec85d7bea7798e],[System.Int32, System.Private.CoreLib, Version=10.0.0.0, Culture=neutral, PublicKeyToken=7cec85d7bea7798e],[System.Int32, System.Private.CoreLib, Version=10.0.0.0, Culture=neutral, PublicKeyToken=7cec85d7bea7798e],[System.Int32, System.Private.CoreLib, Version=10.0.0.0, Culture=neutral, PublicKeyToken=7cec85d7bea7798e]]'.
[22:24:33 INF] Executed action MLS.API.Controllers.CourseReviewsController.GetReviews (MLS.API) in 115.9355ms
[22:24:33 INF] Executed endpoint 'MLS.API.Controllers.CourseReviewsController.GetReviews (MLS.API)'
[22:24:33 INF] HTTP GET /api/v1/courses/8991e456-8acd-475f-8d70-26da5e3cb3a6/reviews responded 200 in 125.2562 ms
[22:24:33 INF] Request finished HTTP/1.1 GET http://localhost:5009/api/v1/courses/8991e456-8acd-475f-8d70-26da5e3cb3a6/reviews?page=1&pageSize=5 - 200 null application/json; charset=utf-8 125.5561ms
[22:24:58 INF] Request starting HTTP/1.1 OPTIONS http://localhost:5009/api/v1/admin/cms/courses/8991e456-8acd-475f-8d70-26da5e3cb3a6 - null null
[22:24:58 INF] CORS policy execution successful.
[22:24:58 INF] HTTP OPTIONS /api/v1/admin/cms/courses/8991e456-8acd-475f-8d70-26da5e3cb3a6 responded 204 in 0.4569 ms
[22:24:58 INF] Request finished HTTP/1.1 OPTIONS http://localhost:5009/api/v1/admin/cms/courses/8991e456-8acd-475f-8d70-26da5e3cb3a6 - 204 null null 1.4636ms
[22:24:58 INF] Request starting HTTP/1.1 PUT http://localhost:5009/api/v1/admin/cms/courses/8991e456-8acd-475f-8d70-26da5e3cb3a6 - application/json 1787
[22:24:58 INF] CORS policy execution successful.
[22:24:58 DBG] Request tenant resolved: demo
[22:24:58 INF] Executing endpoint 'MLS.API.Controllers.Admin.AdminCmsController.UpdateCourse (MLS.API)'
[22:24:58 INF] Route matched with {action = "UpdateCourse", controller = "AdminCms"}. Executing controller action with signature System.Threading.Tasks.Task`1[Microsoft.AspNetCore.Mvc.IActionResult] UpdateCourse(System.Guid, MLS.API.Controllers.Admin.UpdateCourseRequest, System.Threading.CancellationToken) on controller MLS.API.Controllers.Admin.AdminCmsController (MLS.API).
[22:24:58 INF] Executed DbCommand (1ms) [Parameters=[@request_CourseId='?' (DbType = Guid)], CommandType='Text', CommandTimeout='30']
SELECT c."Id", c."BannerUrl", c."CertificateEnabled", c."Code", c."CompletionRequired", c."CreatedAt", c."CreatedBy", c."Description", c."DiscountEndsAt", c."DiscountPrice", c."Duration", c."EndDate", c."IsFree", c."Language", c."Level", c."Outcomes", c."Price", c."PublishedAt", c."Requirements", c."ShortDescription", c."Slug", c."StartDate", c."Status", c."Tags", c."TargetAudience", c."TeacherId", c."ThumbnailUrl", c."Title", c."UpdatedAt", c."Visibility"
FROM "Courses" AS c
WHERE c."Id" = @request_CourseId
LIMIT 1
[22:24:59 INF] Executed DbCommand (1ms) [Parameters=[], CommandType='Text', CommandTimeout='30']
SET search_path TO tenant_demo, public
[22:24:59 INF] Executed DbCommand (15ms) [Parameters=[@p2='?' (DbType = Guid), @p0='?' (DbType = Guid), @p1='?' (DbType = DateTime)], CommandType='Text', CommandTimeout='30']
UPDATE "Courses" SET "TeacherId" = @p0, "UpdatedAt" = @p1
WHERE "Id" = @p2;
[22:24:59 INF] Executing StatusCodeResult, setting HTTP status code 204
[22:24:59 INF] Executed action MLS.API.Controllers.Admin.AdminCmsController.UpdateCourse (MLS.API) in 136.3145ms
[22:24:59 INF] Executed endpoint 'MLS.API.Controllers.Admin.AdminCmsController.UpdateCourse (MLS.API)'
[22:24:59 INF] HTTP PUT /api/v1/admin/cms/courses/8991e456-8acd-475f-8d70-26da5e3cb3a6 responded 204 in 148.8328 ms
[22:24:59 INF] Request finished HTTP/1.1 PUT http://localhost:5009/api/v1/admin/cms/courses/8991e456-8acd-475f-8d70-26da5e3cb3a6 - 204 null null 149.1628ms
[22:24:59 INF] Request starting HTTP/1.1 GET http://localhost:5009/api/v1/admin/cms/courses/8991e456-8acd-475f-8d70-26da5e3cb3a6 - null null
[22:24:59 INF] CORS policy execution successful.
[22:24:59 DBG] Request tenant resolved: demo
[22:24:59 INF] Executing endpoint 'MLS.API.Controllers.Admin.AdminCmsController.GetCourse (MLS.API)'
[22:24:59 INF] Route matched with {action = "GetCourse", controller = "AdminCms"}. Executing controller action with signature System.Threading.Tasks.Task`1[Microsoft.AspNetCore.Mvc.IActionResult] GetCourse(System.Guid, System.Threading.CancellationToken) on controller MLS.API.Controllers.Admin.AdminCmsController (MLS.API).
[22:24:59 INF] Executed DbCommand (3ms) [Parameters=[@request_CourseId='?' (DbType = Guid)], CommandType='Text', CommandTimeout='30']
SELECT c2."Id", c2."BannerUrl", c2."CertificateEnabled", c2."Code", c2."CompletionRequired", c2."CreatedAt", c2."CreatedBy", c2."Description", c2."DiscountEndsAt", c2."DiscountPrice", c2."Duration", c2."EndDate", c2."IsFree", c2."Language", c2."Level", c2."Outcomes", c2."Price", c2."PublishedAt", c2."Requirements", c2."ShortDescription", c2."Slug", c2."StartDate", c2."Status", c2."Tags", c2."TargetAudience", c2."TeacherId", c2."ThumbnailUrl", c2."Title", c2."UpdatedAt", c2."Visibility", c0."Id", c0."CourseId", c0."CreatedAt", c0."Description", c0."IsPublished", c0."Name", c0."OrderIndex", c0."UpdatedAt", s0."Id", s0."CourseId", s0."CreatedAt", s0."Description", s0."EstimatedDuration", s0."IsLocked", s0."LevelId", s0."OrderIndex", s0."ThumbnailUrl", s0."Title", s0."UpdatedAt", s0."Id0", s0."AudioUrl", s0."Content", s0."CreatedAt0", s0."Description0", s0."DocumentUrl", s0."DurationMinutes", s0."DurationSeconds", s0."IsFreeTrial", s0."ModuleId", s0."OrderIndex0", s0."PassScore", s0."PublishStatus", s0."SessionType", s0."ThumbnailUrl0", s0."Title0", s0."Transcript", s0."UpdatedAt0", s0."VideoAssetId"
FROM (
    SELECT c."Id", c."BannerUrl", c."CertificateEnabled", c."Code", c."CompletionRequired", c."CreatedAt", c."CreatedBy", c."Description", c."DiscountEndsAt", c."DiscountPrice", c."Duration", c."EndDate", c."IsFree", c."Language", c."Level", c."Outcomes", c."Price", c."PublishedAt", c."Requirements", c."ShortDescription", c."Slug", c."StartDate", c."Status", c."Tags", c."TargetAudience", c."TeacherId", c."ThumbnailUrl", c."Title", c."UpdatedAt", c."Visibility"
    FROM "Courses" AS c
    WHERE c."Id" = @request_CourseId
    LIMIT 1
) AS c2
LEFT JOIN "CourseLevels" AS c0 ON c2."Id" = c0."CourseId"
LEFT JOIN (
    SELECT c1."Id", c1."CourseId", c1."CreatedAt", c1."Description", c1."EstimatedDuration", c1."IsLocked", c1."LevelId", c1."OrderIndex", c1."ThumbnailUrl", c1."Title", c1."UpdatedAt", s."Id" AS "Id0", s."AudioUrl", s."Content", s."CreatedAt" AS "CreatedAt0", s."Description" AS "Description0", s."DocumentUrl", s."DurationMinutes", s."DurationSeconds", s."IsFreeTrial", s."ModuleId", s."OrderIndex" AS "OrderIndex0", s."PassScore", s."PublishStatus", s."SessionType", s."ThumbnailUrl" AS "ThumbnailUrl0", s."Title" AS "Title0", s."Transcript", s."UpdatedAt" AS "UpdatedAt0", s."VideoAssetId"
    FROM "CourseModules" AS c1
    LEFT JOIN "Sessions" AS s ON c1."Id" = s."ModuleId"
) AS s0 ON c2."Id" = s0."CourseId"
ORDER BY c2."Id", c0."OrderIndex", c0."Id", s0."OrderIndex", s0."Id"
[22:24:59 INF] Executing OkObjectResult, writing value of type 'MLS.Application.CMS.Courses.Queries.CourseDetailDto'.
[22:24:59 INF] Executed action MLS.API.Controllers.Admin.AdminCmsController.GetCourse (MLS.API) in 8.1797ms
[22:24:59 INF] Executed endpoint 'MLS.API.Controllers.Admin.AdminCmsController.GetCourse (MLS.API)'
[22:24:59 INF] HTTP GET /api/v1/admin/cms/courses/8991e456-8acd-475f-8d70-26da5e3cb3a6 responded 200 in 9.8064 ms
[22:24:59 INF] Request finished HTTP/1.1 GET http://localhost:5009/api/v1/admin/cms/courses/8991e456-8acd-475f-8d70-26da5e3cb3a6 - 200 null application/json; charset=utf-8 10.2891ms
[22:25:00 INF] Request starting HTTP/1.1 OPTIONS http://localhost:5009/api/v1/courses/8991e456-8acd-475f-8d70-26da5e3cb3a6 - null null
[22:25:00 INF] CORS policy execution successful.
[22:25:00 INF] HTTP OPTIONS /api/v1/courses/8991e456-8acd-475f-8d70-26da5e3cb3a6 responded 204 in 0.3785 ms
[22:25:00 INF] Request finished HTTP/1.1 OPTIONS http://localhost:5009/api/v1/courses/8991e456-8acd-475f-8d70-26da5e3cb3a6 - 204 null null 1.4224ms
[22:25:00 INF] Request starting HTTP/1.1 GET http://localhost:5009/api/v1/courses/8991e456-8acd-475f-8d70-26da5e3cb3a6 - null null
[22:25:00 INF] CORS policy execution successful.
[22:25:00 DBG] Request tenant resolved: demo
[22:25:00 INF] Executing endpoint 'MLS.API.Controllers.CoursesController.GetCourse (MLS.API)'
[22:25:00 INF] Route matched with {action = "GetCourse", controller = "Courses"}. Executing controller action with signature System.Threading.Tasks.Task`1[Microsoft.AspNetCore.Mvc.IActionResult] GetCourse(System.Guid, System.Threading.CancellationToken) on controller MLS.API.Controllers.CoursesController (MLS.API).
[22:25:00 INF] Executed DbCommand (1ms) [Parameters=[@q_CourseId='?' (DbType = Guid)], CommandType='Text', CommandTimeout='30']
SELECT c."Id", c."Title", c."Description", c."ShortDescription", c."Level", c."ThumbnailUrl", c."BannerUrl", c."Slug", c."TeacherId", c."PublishedAt", c."Price", c."DiscountPrice", c."DiscountEndsAt", c."IsFree", c."CertificateEnabled", c."Language", c."Tags", c."Outcomes", c."Requirements", c."TargetAudience"
FROM "Courses" AS c
WHERE c."Id" = @q_CourseId AND c."Status" = 'Published'
LIMIT 1
[22:25:00 INF] Executed DbCommand (2ms) [Parameters=[@q_CourseId='?' (DbType = Guid)], CommandType='Text', CommandTimeout='30']
SELECT c."Id", c."Title", c."Description", c."OrderIndex", s1."Id", s1."Title", s1."Description", s1."OrderIndex", s1."IsFreeTrial", s1."DurationSeconds", s1."SegmentCount"
FROM "CourseModules" AS c
LEFT JOIN (
    SELECT s."Id", s."Title", s."Description", s."OrderIndex", s."IsFreeTrial", s."DurationSeconds", (
        SELECT count(*)::int
        FROM "Segments" AS s0
        WHERE s."Id" = s0."SessionId") AS "SegmentCount", s."ModuleId"
    FROM "Sessions" AS s
    WHERE s."PublishStatus" = 'Published'
) AS s1 ON c."Id" = s1."ModuleId"
WHERE c."CourseId" = @q_CourseId
ORDER BY c."OrderIndex", c."Id", s1."OrderIndex"
[22:25:00 INF] Executed DbCommand (1ms) [Parameters=[@q_CourseId='?' (DbType = Guid)], CommandType='Text', CommandTimeout='30']
SELECT count(*)::int
FROM "CourseEnrollments" AS c
WHERE c."CourseId" = @q_CourseId
[22:25:00 INF] Executed DbCommand (1ms) [Parameters=[@q_CourseId='?' (DbType = Guid)], CommandType='Text', CommandTimeout='30']
SELECT count(*)::int
FROM "CourseEnrollments" AS c
WHERE c."CourseId" = @q_CourseId AND c."Source" = 'Payment'
[22:25:01 INF] Executed DbCommand (1ms) [Parameters=[@course_TeacherId_Value='?' (DbType = Guid)], CommandType='Text', CommandTimeout='30']
SELECT t."DisplayName", t."AvatarUrl", t."Slug"
FROM "TeacherProfiles" AS t
WHERE t."Id" = @course_TeacherId_Value
LIMIT 1
[22:25:01 INF] Executing OkObjectResult, writing value of type 'MLS.Application.Learning.Queries.PublicCourseDetail'.
[22:25:01 INF] Executed action MLS.API.Controllers.CoursesController.GetCourse (MLS.API) in 18.1192ms
[22:25:01 INF] Executed endpoint 'MLS.API.Controllers.CoursesController.GetCourse (MLS.API)'
[22:25:01 INF] HTTP GET /api/v1/courses/8991e456-8acd-475f-8d70-26da5e3cb3a6 responded 200 in 19.0364 ms
[22:25:01 INF] Request finished HTTP/1.1 GET http://localhost:5009/api/v1/courses/8991e456-8acd-475f-8d70-26da5e3cb3a6 - 200 null application/json; charset=utf-8 19.5345ms
[22:25:01 INF] Request starting HTTP/1.1 OPTIONS http://localhost:5009/api/v1/courses/8991e456-8acd-475f-8d70-26da5e3cb3a6/reviews/stats - null null
[22:25:01 INF] CORS policy execution successful.
[22:25:01 INF] HTTP OPTIONS /api/v1/courses/8991e456-8acd-475f-8d70-26da5e3cb3a6/reviews/stats responded 204 in 0.2000 ms
[22:25:01 INF] Request finished HTTP/1.1 OPTIONS http://localhost:5009/api/v1/courses/8991e456-8acd-475f-8d70-26da5e3cb3a6/reviews/stats - 204 null null 0.5562ms
[22:25:01 INF] Request starting HTTP/1.1 OPTIONS http://localhost:5009/api/v1/courses/8991e456-8acd-475f-8d70-26da5e3cb3a6/reviews?page=1&pageSize=5 - null null
[22:25:01 INF] CORS policy execution successful.
[22:25:01 INF] HTTP OPTIONS /api/v1/courses/8991e456-8acd-475f-8d70-26da5e3cb3a6/reviews responded 204 in 0.1319 ms
[22:25:01 INF] Request finished HTTP/1.1 OPTIONS http://localhost:5009/api/v1/courses/8991e456-8acd-475f-8d70-26da5e3cb3a6/reviews?page=1&pageSize=5 - 204 null null 0.331ms
[22:25:01 INF] Request starting HTTP/1.1 GET http://localhost:5009/api/v1/courses/8991e456-8acd-475f-8d70-26da5e3cb3a6/reviews/stats - null null
[22:25:01 INF] CORS policy execution successful.
[22:25:01 DBG] Request tenant resolved: demo
[22:25:01 INF] Executing endpoint 'MLS.API.Controllers.CourseReviewsController.GetStats (MLS.API)'
[22:25:01 INF] Route matched with {action = "GetStats", controller = "CourseReviews"}. Executing controller action with signature System.Threading.Tasks.Task`1[Microsoft.AspNetCore.Mvc.IActionResult] GetStats(System.Guid, System.Threading.CancellationToken) on controller MLS.API.Controllers.CourseReviewsController (MLS.API).
[22:25:01 INF] Request starting HTTP/1.1 GET http://localhost:5009/api/v1/courses/8991e456-8acd-475f-8d70-26da5e3cb3a6/reviews?page=1&pageSize=5 - null null
[22:25:01 INF] CORS policy execution successful.
[22:25:01 DBG] Request tenant resolved: demo
[22:25:01 INF] Executing endpoint 'MLS.API.Controllers.CourseReviewsController.GetReviews (MLS.API)'
[22:25:01 INF] Route matched with {action = "GetReviews", controller = "CourseReviews"}. Executing controller action with signature System.Threading.Tasks.Task`1[Microsoft.AspNetCore.Mvc.IActionResult] GetReviews(System.Guid, Int32, Int32, System.Threading.CancellationToken) on controller MLS.API.Controllers.CourseReviewsController (MLS.API).
[22:25:01 INF] Executed DbCommand (1ms) [Parameters=[@q_CourseId='?' (DbType = Guid)], CommandType='Text', CommandTimeout='30']
SELECT count(*)::int
FROM "CourseReviews" AS c
WHERE c."CourseId" = @q_CourseId
[22:25:01 INF] Executed DbCommand (1ms) [Parameters=[@q_CourseId='?' (DbType = Guid)], CommandType='Text', CommandTimeout='30']
SELECT c."Rating"
FROM "CourseReviews" AS c
WHERE c."CourseId" = @q_CourseId
[22:25:01 INF] Executing OkObjectResult, writing value of type 'MLS.Application.CMS.Reviews.ReviewStatsDto'.
[22:25:01 INF] Executed action MLS.API.Controllers.CourseReviewsController.GetStats (MLS.API) in 3.9993ms
[22:25:01 INF] Executed endpoint 'MLS.API.Controllers.CourseReviewsController.GetStats (MLS.API)'
[22:25:01 INF] HTTP GET /api/v1/courses/8991e456-8acd-475f-8d70-26da5e3cb3a6/reviews/stats responded 200 in 4.5759 ms
[22:25:01 INF] Request finished HTTP/1.1 GET http://localhost:5009/api/v1/courses/8991e456-8acd-475f-8d70-26da5e3cb3a6/reviews/stats - 200 null application/json; charset=utf-8 4.8242ms
[22:25:01 INF] Executed DbCommand (2ms) [Parameters=[@q_CourseId='?' (DbType = Guid), @p2='?' (DbType = Int32), @p='?' (DbType = Int32)], CommandType='Text', CommandTimeout='30']
SELECT c0."Id", c0."Content", c0."CourseId", c0."CreatedAt", c0."IsVerifiedPurchase", c0."Rating", c0."Title", c0."UpdatedAt", c0."UserId", u."Id", u."CreatedAt", u."Email", u."GoogleId", u."MoodleUserId", u."PasswordHash", u."Phone", u."Status", u."UpdatedAt", u0."Id", u0."Address", u0."AvatarUrl", u0."CreatedAt", u0."CurrentLevel", u0."DateOfBirth", u0."FullName", u0."Gender", u0."UpdatedAt", u0."UserId"
FROM (
    SELECT c."Id", c."Content", c."CourseId", c."CreatedAt", c."IsVerifiedPurchase", c."Rating", c."Title", c."UpdatedAt", c."UserId"
    FROM "CourseReviews" AS c
    WHERE c."CourseId" = @q_CourseId
    ORDER BY c."CreatedAt" DESC
    LIMIT @p2 OFFSET @p
) AS c0
INNER JOIN "Users" AS u ON c0."UserId" = u."Id"
LEFT JOIN "UserProfiles" AS u0 ON u."Id" = u0."UserId"
ORDER BY c0."CreatedAt" DESC
[22:25:01 INF] Executing OkObjectResult, writing value of type '<>f__AnonymousType9`4[[System.Collections.Generic.List`1[[MLS.Application.CMS.Reviews.ReviewDto, MLS.Application, Version=1.0.0.0, Culture=neutral, PublicKeyToken=null]], System.Private.CoreLib, Version=10.0.0.0, Culture=neutral, PublicKeyToken=7cec85d7bea7798e],[System.Int32, System.Private.CoreLib, Version=10.0.0.0, Culture=neutral, PublicKeyToken=7cec85d7bea7798e],[System.Int32, System.Private.CoreLib, Version=10.0.0.0, Culture=neutral, PublicKeyToken=7cec85d7bea7798e],[System.Int32, System.Private.CoreLib, Version=10.0.0.0, Culture=neutral, PublicKeyToken=7cec85d7bea7798e]]'.
[22:25:01 INF] Executed action MLS.API.Controllers.CourseReviewsController.GetReviews (MLS.API) in 7.1247ms
[22:25:01 INF] Executed endpoint 'MLS.API.Controllers.CourseReviewsController.GetReviews (MLS.API)'
[22:25:01 INF] HTTP GET /api/v1/courses/8991e456-8acd-475f-8d70-26da5e3cb3a6/reviews responded 200 in 7.4971 ms
[22:25:01 INF] Request finished HTTP/1.1 GET http://localhost:5009/api/v1/courses/8991e456-8acd-475f-8d70-26da5e3cb3a6/reviews?page=1&pageSize=5 - 200 null application/json; charset=utf-8 7.8277ms
[22:25:06 INF] Request starting HTTP/1.1 OPTIONS http://localhost:5009/api/v1/courses?page=1&pageSize=8 - null null
[22:25:06 INF] Request starting HTTP/1.1 OPTIONS http://localhost:5009/api/v1/courses/learning-levels - null null
[22:25:06 INF] Request starting HTTP/1.1 OPTIONS http://localhost:5009/api/v1/admin/system/banners/public - null null
[22:25:06 INF] CORS policy execution successful.
[22:25:06 INF] CORS policy execution successful.
[22:25:06 INF] CORS policy execution successful.
[22:25:06 INF] HTTP OPTIONS /api/v1/admin/system/banners/public responded 204 in 0.4062 ms
[22:25:06 INF] HTTP OPTIONS /api/v1/courses/learning-levels responded 204 in 0.4738 ms
[22:25:06 INF] HTTP OPTIONS /api/v1/courses responded 204 in 0.5041 ms
[22:25:06 INF] Request finished HTTP/1.1 OPTIONS http://localhost:5009/api/v1/courses?page=1&pageSize=8 - 204 null null 1.3072ms
[22:25:06 INF] Request finished HTTP/1.1 OPTIONS http://localhost:5009/api/v1/admin/system/banners/public - 204 null null 1.0018ms
[22:25:06 INF] Request finished HTTP/1.1 OPTIONS http://localhost:5009/api/v1/courses/learning-levels - 204 null null 1.3072ms
[22:25:06 INF] Request starting HTTP/1.1 GET http://localhost:5009/api/v1/admin/system/banners/public - null null
[22:25:06 INF] Request starting HTTP/1.1 GET http://localhost:5009/api/v1/courses/learning-levels - null null
[22:25:06 INF] Request starting HTTP/1.1 GET http://localhost:5009/api/v1/courses?page=1&pageSize=8 - null null
[22:25:06 INF] CORS policy execution successful.
[22:25:06 INF] CORS policy execution successful.
[22:25:06 DBG] Request tenant resolved: demo
[22:25:06 DBG] Request tenant resolved: demo
[22:25:06 INF] Executing endpoint 'MLS.API.Controllers.CoursesController.GetLearningLevels (MLS.API)'
[22:25:06 INF] Executing endpoint 'MLS.API.Controllers.CoursesController.GetCourses (MLS.API)'
[22:25:06 INF] CORS policy execution successful.
[22:25:06 DBG] Request tenant resolved: demo
[22:25:06 INF] Executing endpoint 'MLS.API.Controllers.Admin.AdminSystemController.GetPublicBanners (MLS.API)'
[22:25:06 INF] Route matched with {action = "GetLearningLevels", controller = "Courses"}. Executing controller action with signature System.Threading.Tasks.Task`1[Microsoft.AspNetCore.Mvc.IActionResult] GetLearningLevels(System.Threading.CancellationToken) on controller MLS.API.Controllers.CoursesController (MLS.API).
[22:25:06 INF] Route matched with {action = "GetCourses", controller = "Courses"}. Executing controller action with signature System.Threading.Tasks.Task`1[Microsoft.AspNetCore.Mvc.IActionResult] GetCourses(Int32, Int32, System.Nullable`1[System.Int32], System.String, System.Threading.CancellationToken) on controller MLS.API.Controllers.CoursesController (MLS.API).
[22:25:06 INF] Route matched with {action = "GetPublicBanners", controller = "AdminSystem"}. Executing controller action with signature System.Threading.Tasks.Task`1[Microsoft.AspNetCore.Mvc.IActionResult] GetPublicBanners(System.Threading.CancellationToken) on controller MLS.API.Controllers.Admin.AdminSystemController (MLS.API).
[22:25:06 INF] Executed DbCommand (2ms) [Parameters=[], CommandType='Text', CommandTimeout='30']
SELECT l."Id", l."Name", l."Description", l."OrderIndex", l."IsActive", l."CreatedAt"
FROM "LearningLevels" AS l
WHERE l."IsActive"
ORDER BY l."OrderIndex"
[22:25:06 INF] Executing OkObjectResult, writing value of type 'System.Collections.Generic.List`1[[MLS.Application.CMS.Courses.Queries.LearningLevelDto, MLS.Application, Version=1.0.0.0, Culture=neutral, PublicKeyToken=null]]'.
[22:25:06 INF] Executed action MLS.API.Controllers.CoursesController.GetLearningLevels (MLS.API) in 9.3393ms
[22:25:06 INF] Executed endpoint 'MLS.API.Controllers.CoursesController.GetLearningLevels (MLS.API)'
[22:25:06 INF] HTTP GET /api/v1/courses/learning-levels responded 200 in 24.4720 ms
[22:25:06 INF] Request finished HTTP/1.1 GET http://localhost:5009/api/v1/courses/learning-levels - 200 null application/json; charset=utf-8 24.9533ms
[22:25:06 INF] Executed DbCommand (4ms) [Parameters=[], CommandType='Text', CommandTimeout='30']
SELECT b."Id", b."Title", b."Subtitle", b."Description", b."ImageUrl", b."LinkUrl", b."BadgeText", b."CtaText", b."BgColor", b."TextColor", b."OrderIndex", b."IsActive"
FROM "BannerSlides" AS b
WHERE b."IsActive"
ORDER BY b."OrderIndex"
[22:25:06 INF] Executed DbCommand (1ms) [Parameters=[], CommandType='Text', CommandTimeout='30']
SELECT count(*)::int
FROM "Courses" AS c
WHERE c."Status" = 'Published' AND c."Visibility" = 'Public'
[22:25:06 INF] Executing OkObjectResult, writing value of type 'System.Collections.Generic.List`1[[MLS.Application.Admin.System.BannerSlideDto, MLS.Application, Version=1.0.0.0, Culture=neutral, PublicKeyToken=null]]'.
[22:25:06 INF] Executed action MLS.API.Controllers.Admin.AdminSystemController.GetPublicBanners (MLS.API) in 37.9075ms
[22:25:06 INF] Executed endpoint 'MLS.API.Controllers.Admin.AdminSystemController.GetPublicBanners (MLS.API)'
[22:25:06 INF] HTTP GET /api/v1/admin/system/banners/public responded 200 in 51.6929 ms
[22:25:06 INF] Request finished HTTP/1.1 GET http://localhost:5009/api/v1/admin/system/banners/public - 200 null application/json; charset=utf-8 53.7607ms
[22:25:06 INF] Executed DbCommand (3ms) [Parameters=[@p1='?' (DbType = Int32), @p='?' (DbType = Int32)], CommandType='Text', CommandTimeout='30']
SELECT c."Id", c."Title", c."Description", c."ShortDescription", c."Level", c."ThumbnailUrl", c."Slug", c."Price", c."DiscountPrice", c."IsFree", (
    SELECT count(*)::int
    FROM "CourseModules" AS c0
    WHERE c."Id" = c0."CourseId") AS "ModuleCount", (
    SELECT count(*)::int
    FROM "CourseModules" AS c1
    INNER JOIN "Sessions" AS s ON c1."Id" = s."ModuleId"
    WHERE c."Id" = c1."CourseId") AS "SessionCount"
FROM "Courses" AS c
WHERE c."Status" = 'Published' AND c."Visibility" = 'Public'
ORDER BY c."Level", c."CreatedAt"
LIMIT @p1 OFFSET @p
[22:25:06 INF] Executed DbCommand (138ms) [Parameters=[@uid='?' (DbType = Guid), @Select='?' (DbType = Object)], CommandType='Text', CommandTimeout='30']
SELECT c."CourseId"
FROM "CourseEnrollments" AS c
WHERE c."UserId" = @uid AND c."CourseId" = ANY (@Select)
[22:25:06 INF] Executing OkObjectResult, writing value of type 'MLS.Application.Learning.Queries.PublicCoursesResult'.
[22:25:06 INF] Executed action MLS.API.Controllers.CoursesController.GetCourses (MLS.API) in 316.257ms
[22:25:06 INF] Executed endpoint 'MLS.API.Controllers.CoursesController.GetCourses (MLS.API)'
[22:25:06 INF] HTTP GET /api/v1/courses responded 200 in 331.5992 ms
[22:25:06 INF] Request finished HTTP/1.1 GET http://localhost:5009/api/v1/courses?page=1&pageSize=8 - 200 null application/json; charset=utf-8 332.0435ms
[22:25:13 INF] Request starting HTTP/1.1 OPTIONS http://localhost:5009/api/v1/courses/8991e456-8acd-475f-8d70-26da5e3cb3a6 - null null
[22:25:13 INF] CORS policy execution successful.
[22:25:13 INF] HTTP OPTIONS /api/v1/courses/8991e456-8acd-475f-8d70-26da5e3cb3a6 responded 204 in 0.9722 ms
[22:25:13 INF] Request finished HTTP/1.1 OPTIONS http://localhost:5009/api/v1/courses/8991e456-8acd-475f-8d70-26da5e3cb3a6 - 204 null null 3.2268ms
[22:25:13 INF] Request starting HTTP/1.1 GET http://localhost:5009/api/v1/courses/8991e456-8acd-475f-8d70-26da5e3cb3a6 - null null
[22:25:13 INF] CORS policy execution successful.
[22:25:13 DBG] Request tenant resolved: demo
[22:25:13 INF] Executing endpoint 'MLS.API.Controllers.CoursesController.GetCourse (MLS.API)'
[22:25:13 INF] Route matched with {action = "GetCourse", controller = "Courses"}. Executing controller action with signature System.Threading.Tasks.Task`1[Microsoft.AspNetCore.Mvc.IActionResult] GetCourse(System.Guid, System.Threading.CancellationToken) on controller MLS.API.Controllers.CoursesController (MLS.API).
[22:25:13 INF] Executed DbCommand (3ms) [Parameters=[@q_CourseId='?' (DbType = Guid)], CommandType='Text', CommandTimeout='30']
SELECT c."Id", c."Title", c."Description", c."ShortDescription", c."Level", c."ThumbnailUrl", c."BannerUrl", c."Slug", c."TeacherId", c."PublishedAt", c."Price", c."DiscountPrice", c."DiscountEndsAt", c."IsFree", c."CertificateEnabled", c."Language", c."Tags", c."Outcomes", c."Requirements", c."TargetAudience"
FROM "Courses" AS c
WHERE c."Id" = @q_CourseId AND c."Status" = 'Published'
LIMIT 1
[22:25:13 INF] Executed DbCommand (2ms) [Parameters=[@q_CurrentUserId='?' (DbType = Guid), @q_CourseId='?' (DbType = Guid)], CommandType='Text', CommandTimeout='30']
SELECT EXISTS (
    SELECT 1
    FROM "CourseEnrollments" AS c
    WHERE c."UserId" = @q_CurrentUserId AND c."CourseId" = @q_CourseId)
[22:25:13 INF] Executed DbCommand (3ms) [Parameters=[@q_CurrentUserId_Value='?' (DbType = Guid)], CommandType='Text', CommandTimeout='30']
SELECT s."SessionId"
FROM "SessionProgresses" AS s
WHERE s."UserId" = @q_CurrentUserId_Value AND s."Status" = 'Completed'
[22:25:13 INF] Executed DbCommand (1ms) [Parameters=[@q_CourseId='?' (DbType = Guid)], CommandType='Text', CommandTimeout='30']
SELECT c."Id", c."Title", c."Description", c."OrderIndex", s1."Id", s1."Title", s1."Description", s1."OrderIndex", s1."IsFreeTrial", s1."DurationSeconds", s1."SegmentCount"
FROM "CourseModules" AS c
LEFT JOIN (
    SELECT s."Id", s."Title", s."Description", s."OrderIndex", s."IsFreeTrial", s."DurationSeconds", (
        SELECT count(*)::int
        FROM "Segments" AS s0
        WHERE s."Id" = s0."SessionId") AS "SegmentCount", s."ModuleId"
    FROM "Sessions" AS s
    WHERE s."PublishStatus" = 'Published'
) AS s1 ON c."Id" = s1."ModuleId"
WHERE c."CourseId" = @q_CourseId
ORDER BY c."OrderIndex", c."Id", s1."OrderIndex"
[22:25:13 INF] Executed DbCommand (2ms) [Parameters=[@q_CourseId='?' (DbType = Guid)], CommandType='Text', CommandTimeout='30']
SELECT count(*)::int
FROM "CourseEnrollments" AS c
WHERE c."CourseId" = @q_CourseId
[22:25:13 INF] Executed DbCommand (1ms) [Parameters=[@q_CourseId='?' (DbType = Guid)], CommandType='Text', CommandTimeout='30']
SELECT count(*)::int
FROM "CourseEnrollments" AS c
WHERE c."CourseId" = @q_CourseId AND c."Source" = 'Payment'
[22:25:13 INF] Executed DbCommand (1ms) [Parameters=[@course_TeacherId_Value='?' (DbType = Guid)], CommandType='Text', CommandTimeout='30']
SELECT t."DisplayName", t."AvatarUrl", t."Slug"
FROM "TeacherProfiles" AS t
WHERE t."Id" = @course_TeacherId_Value
LIMIT 1
[22:25:13 INF] Executing OkObjectResult, writing value of type 'MLS.Application.Learning.Queries.PublicCourseDetail'.
[22:25:13 INF] Executed action MLS.API.Controllers.CoursesController.GetCourse (MLS.API) in 56.6323ms
[22:25:13 INF] Executed endpoint 'MLS.API.Controllers.CoursesController.GetCourse (MLS.API)'
[22:25:13 INF] HTTP GET /api/v1/courses/8991e456-8acd-475f-8d70-26da5e3cb3a6 responded 200 in 61.7023 ms
[22:25:13 INF] Request finished HTTP/1.1 GET http://localhost:5009/api/v1/courses/8991e456-8acd-475f-8d70-26da5e3cb3a6 - 200 null application/json; charset=utf-8 62.3456ms
[22:25:13 INF] Request starting HTTP/1.1 OPTIONS http://localhost:5009/api/v1/courses/8991e456-8acd-475f-8d70-26da5e3cb3a6/reviews/stats - null null
[22:25:13 INF] Request starting HTTP/1.1 OPTIONS http://localhost:5009/api/v1/courses/8991e456-8acd-475f-8d70-26da5e3cb3a6/reviews?page=1&pageSize=5 - null null
[22:25:13 INF] Request starting HTTP/1.1 OPTIONS http://localhost:5009/api/v1/courses/8991e456-8acd-475f-8d70-26da5e3cb3a6/reviews/mine - null null
[22:25:13 INF] CORS policy execution successful.
[22:25:13 INF] CORS policy execution successful.
[22:25:13 INF] CORS policy execution successful.
[22:25:13 INF] HTTP OPTIONS /api/v1/courses/8991e456-8acd-475f-8d70-26da5e3cb3a6/reviews responded 204 in 0.1482 ms
[22:25:13 INF] HTTP OPTIONS /api/v1/courses/8991e456-8acd-475f-8d70-26da5e3cb3a6/reviews/stats responded 204 in 0.3082 ms
[22:25:13 INF] HTTP OPTIONS /api/v1/courses/8991e456-8acd-475f-8d70-26da5e3cb3a6/reviews/mine responded 204 in 0.1245 ms
[22:25:13 INF] Request finished HTTP/1.1 OPTIONS http://localhost:5009/api/v1/courses/8991e456-8acd-475f-8d70-26da5e3cb3a6/reviews?page=1&pageSize=5 - 204 null null 0.3598ms
[22:25:13 INF] Request finished HTTP/1.1 OPTIONS http://localhost:5009/api/v1/courses/8991e456-8acd-475f-8d70-26da5e3cb3a6/reviews/stats - 204 null null 0.6309ms
[22:25:13 INF] Request finished HTTP/1.1 OPTIONS http://localhost:5009/api/v1/courses/8991e456-8acd-475f-8d70-26da5e3cb3a6/reviews/mine - 204 null null 0.3878ms
[22:25:13 INF] Request starting HTTP/1.1 GET http://localhost:5009/api/v1/courses/8991e456-8acd-475f-8d70-26da5e3cb3a6/reviews/mine - null null
[22:25:13 INF] Request starting HTTP/1.1 GET http://localhost:5009/api/v1/courses/8991e456-8acd-475f-8d70-26da5e3cb3a6/reviews?page=1&pageSize=5 - null null
[22:25:13 INF] Request starting HTTP/1.1 GET http://localhost:5009/api/v1/courses/8991e456-8acd-475f-8d70-26da5e3cb3a6/reviews/stats - null null
[22:25:13 INF] CORS policy execution successful.
[22:25:13 INF] CORS policy execution successful.
[22:25:13 INF] CORS policy execution successful.
[22:25:13 DBG] Request tenant resolved: demo
[22:25:13 DBG] Request tenant resolved: demo
[22:25:13 DBG] Request tenant resolved: demo
[22:25:13 INF] Executing endpoint 'MLS.API.Controllers.CourseReviewsController.GetStats (MLS.API)'
[22:25:13 INF] Executing endpoint 'MLS.API.Controllers.CourseReviewsController.GetReviews (MLS.API)'
[22:25:13 INF] Route matched with {action = "GetStats", controller = "CourseReviews"}. Executing controller action with signature System.Threading.Tasks.Task`1[Microsoft.AspNetCore.Mvc.IActionResult] GetStats(System.Guid, System.Threading.CancellationToken) on controller MLS.API.Controllers.CourseReviewsController (MLS.API).
[22:25:13 INF] Route matched with {action = "GetReviews", controller = "CourseReviews"}. Executing controller action with signature System.Threading.Tasks.Task`1[Microsoft.AspNetCore.Mvc.IActionResult] GetReviews(System.Guid, Int32, Int32, System.Threading.CancellationToken) on controller MLS.API.Controllers.CourseReviewsController (MLS.API).
[22:25:13 INF] Executing endpoint 'MLS.API.Controllers.CourseReviewsController.GetMine (MLS.API)'
[22:25:13 INF] Executed DbCommand (1ms) [Parameters=[@q_CourseId='?' (DbType = Guid)], CommandType='Text', CommandTimeout='30']
SELECT count(*)::int
FROM "CourseReviews" AS c
WHERE c."CourseId" = @q_CourseId
[22:25:13 INF] Executed DbCommand (1ms) [Parameters=[@q_CourseId='?' (DbType = Guid)], CommandType='Text', CommandTimeout='30']
SELECT c."Rating"
FROM "CourseReviews" AS c
WHERE c."CourseId" = @q_CourseId
[22:25:13 INF] Executing OkObjectResult, writing value of type 'MLS.Application.CMS.Reviews.ReviewStatsDto'.
[22:25:13 INF] Executed action MLS.API.Controllers.CourseReviewsController.GetStats (MLS.API) in 6.2288ms
[22:25:13 INF] Executed endpoint 'MLS.API.Controllers.CourseReviewsController.GetStats (MLS.API)'
[22:25:13 INF] HTTP GET /api/v1/courses/8991e456-8acd-475f-8d70-26da5e3cb3a6/reviews/stats responded 200 in 7.7612 ms
[22:25:13 INF] Request finished HTTP/1.1 GET http://localhost:5009/api/v1/courses/8991e456-8acd-475f-8d70-26da5e3cb3a6/reviews/stats - 200 null application/json; charset=utf-8 8.1297ms
[22:25:13 INF] Executed DbCommand (3ms) [Parameters=[@q_CourseId='?' (DbType = Guid), @p2='?' (DbType = Int32), @p='?' (DbType = Int32)], CommandType='Text', CommandTimeout='30']
SELECT c0."Id", c0."Content", c0."CourseId", c0."CreatedAt", c0."IsVerifiedPurchase", c0."Rating", c0."Title", c0."UpdatedAt", c0."UserId", u."Id", u."CreatedAt", u."Email", u."GoogleId", u."MoodleUserId", u."PasswordHash", u."Phone", u."Status", u."UpdatedAt", u0."Id", u0."Address", u0."AvatarUrl", u0."CreatedAt", u0."CurrentLevel", u0."DateOfBirth", u0."FullName", u0."Gender", u0."UpdatedAt", u0."UserId"
FROM (
    SELECT c."Id", c."Content", c."CourseId", c."CreatedAt", c."IsVerifiedPurchase", c."Rating", c."Title", c."UpdatedAt", c."UserId"
    FROM "CourseReviews" AS c
    WHERE c."CourseId" = @q_CourseId
    ORDER BY c."CreatedAt" DESC
    LIMIT @p2 OFFSET @p
) AS c0
INNER JOIN "Users" AS u ON c0."UserId" = u."Id"
LEFT JOIN "UserProfiles" AS u0 ON u."Id" = u0."UserId"
ORDER BY c0."CreatedAt" DESC
[22:25:13 INF] Executing OkObjectResult, writing value of type '<>f__AnonymousType9`4[[System.Collections.Generic.List`1[[MLS.Application.CMS.Reviews.ReviewDto, MLS.Application, Version=1.0.0.0, Culture=neutral, PublicKeyToken=null]], System.Private.CoreLib, Version=10.0.0.0, Culture=neutral, PublicKeyToken=7cec85d7bea7798e],[System.Int32, System.Private.CoreLib, Version=10.0.0.0, Culture=neutral, PublicKeyToken=7cec85d7bea7798e],[System.Int32, System.Private.CoreLib, Version=10.0.0.0, Culture=neutral, PublicKeyToken=7cec85d7bea7798e],[System.Int32, System.Private.CoreLib, Version=10.0.0.0, Culture=neutral, PublicKeyToken=7cec85d7bea7798e]]'.
[22:25:13 INF] Executed action MLS.API.Controllers.CourseReviewsController.GetReviews (MLS.API) in 12.0375ms
[22:25:13 INF] Executed endpoint 'MLS.API.Controllers.CourseReviewsController.GetReviews (MLS.API)'
[22:25:13 INF] HTTP GET /api/v1/courses/8991e456-8acd-475f-8d70-26da5e3cb3a6/reviews responded 200 in 13.2853 ms
[22:25:13 INF] Request finished HTTP/1.1 GET http://localhost:5009/api/v1/courses/8991e456-8acd-475f-8d70-26da5e3cb3a6/reviews?page=1&pageSize=5 - 200 null application/json; charset=utf-8 13.836ms
[22:25:13 INF] Route matched with {action = "GetMine", controller = "CourseReviews"}. Executing controller action with signature System.Threading.Tasks.Task`1[Microsoft.AspNetCore.Mvc.IActionResult] GetMine(System.Guid, System.Threading.CancellationToken) on controller MLS.API.Controllers.CourseReviewsController (MLS.API).
[22:25:13 INF] Executed DbCommand (1ms) [Parameters=[@q_CourseId='?' (DbType = Guid), @q_UserId='?' (DbType = Guid)], CommandType='Text', CommandTimeout='30']
SELECT c."Id", c."Content", c."CourseId", c."CreatedAt", c."IsVerifiedPurchase", c."Rating", c."Title", c."UpdatedAt", c."UserId", u."Id", u."CreatedAt", u."Email", u."GoogleId", u."MoodleUserId", u."PasswordHash", u."Phone", u."Status", u."UpdatedAt", u0."Id", u0."Address", u0."AvatarUrl", u0."CreatedAt", u0."CurrentLevel", u0."DateOfBirth", u0."FullName", u0."Gender", u0."UpdatedAt", u0."UserId"
FROM "CourseReviews" AS c
INNER JOIN "Users" AS u ON c."UserId" = u."Id"
LEFT JOIN "UserProfiles" AS u0 ON u."Id" = u0."UserId"
WHERE c."CourseId" = @q_CourseId AND c."UserId" = @q_UserId
LIMIT 1
[22:25:13 INF] Executing OkObjectResult, writing value of type 'null'.
[22:25:13 INF] Executed action MLS.API.Controllers.CourseReviewsController.GetMine (MLS.API) in 28.614ms
[22:25:13 INF] Executed endpoint 'MLS.API.Controllers.CourseReviewsController.GetMine (MLS.API)'
[22:25:13 INF] HTTP GET /api/v1/courses/8991e456-8acd-475f-8d70-26da5e3cb3a6/reviews/mine responded 204 in 48.1700 ms
[22:25:13 INF] Request finished HTTP/1.1 GET http://localhost:5009/api/v1/courses/8991e456-8acd-475f-8d70-26da5e3cb3a6/reviews/mine - 204 null null 48.4315ms
[22:25:15 INF] Request starting HTTP/1.1 GET http://localhost:5009/api/v1/courses/8991e456-8acd-475f-8d70-26da5e3cb3a6 - null null
[22:25:15 DBG] Request tenant resolved: demo
[22:25:15 INF] Executing endpoint 'MLS.API.Controllers.CoursesController.GetCourse (MLS.API)'
[22:25:15 INF] Route matched with {action = "GetCourse", controller = "Courses"}. Executing controller action with signature System.Threading.Tasks.Task`1[Microsoft.AspNetCore.Mvc.IActionResult] GetCourse(System.Guid, System.Threading.CancellationToken) on controller MLS.API.Controllers.CoursesController (MLS.API).
[22:25:15 INF] Executed DbCommand (1ms) [Parameters=[@q_CourseId='?' (DbType = Guid)], CommandType='Text', CommandTimeout='30']
SELECT c."Id", c."Title", c."Description", c."ShortDescription", c."Level", c."ThumbnailUrl", c."BannerUrl", c."Slug", c."TeacherId", c."PublishedAt", c."Price", c."DiscountPrice", c."DiscountEndsAt", c."IsFree", c."CertificateEnabled", c."Language", c."Tags", c."Outcomes", c."Requirements", c."TargetAudience"
FROM "Courses" AS c
WHERE c."Id" = @q_CourseId AND c."Status" = 'Published'
LIMIT 1
[22:25:15 INF] Executed DbCommand (2ms) [Parameters=[@q_CourseId='?' (DbType = Guid)], CommandType='Text', CommandTimeout='30']
SELECT c."Id", c."Title", c."Description", c."OrderIndex", s1."Id", s1."Title", s1."Description", s1."OrderIndex", s1."IsFreeTrial", s1."DurationSeconds", s1."SegmentCount"
FROM "CourseModules" AS c
LEFT JOIN (
    SELECT s."Id", s."Title", s."Description", s."OrderIndex", s."IsFreeTrial", s."DurationSeconds", (
        SELECT count(*)::int
        FROM "Segments" AS s0
        WHERE s."Id" = s0."SessionId") AS "SegmentCount", s."ModuleId"
    FROM "Sessions" AS s
    WHERE s."PublishStatus" = 'Published'
) AS s1 ON c."Id" = s1."ModuleId"
WHERE c."CourseId" = @q_CourseId
ORDER BY c."OrderIndex", c."Id", s1."OrderIndex"
[22:25:15 INF] Executed DbCommand (0ms) [Parameters=[@q_CourseId='?' (DbType = Guid)], CommandType='Text', CommandTimeout='30']
SELECT count(*)::int
FROM "CourseEnrollments" AS c
WHERE c."CourseId" = @q_CourseId
[22:25:15 INF] Executed DbCommand (0ms) [Parameters=[@q_CourseId='?' (DbType = Guid)], CommandType='Text', CommandTimeout='30']
SELECT count(*)::int
FROM "CourseEnrollments" AS c
WHERE c."CourseId" = @q_CourseId AND c."Source" = 'Payment'
[22:25:15 INF] Executed DbCommand (0ms) [Parameters=[@course_TeacherId_Value='?' (DbType = Guid)], CommandType='Text', CommandTimeout='30']
SELECT t."DisplayName", t."AvatarUrl", t."Slug"
FROM "TeacherProfiles" AS t
WHERE t."Id" = @course_TeacherId_Value
LIMIT 1
[22:25:15 INF] Executing OkObjectResult, writing value of type 'MLS.Application.Learning.Queries.PublicCourseDetail'.
[22:25:15 INF] Executed action MLS.API.Controllers.CoursesController.GetCourse (MLS.API) in 8.8515ms
[22:25:15 INF] Executed endpoint 'MLS.API.Controllers.CoursesController.GetCourse (MLS.API)'
[22:25:15 INF] HTTP GET /api/v1/courses/8991e456-8acd-475f-8d70-26da5e3cb3a6 responded 200 in 9.4116 ms
[22:25:15 INF] Request finished HTTP/1.1 GET http://localhost:5009/api/v1/courses/8991e456-8acd-475f-8d70-26da5e3cb3a6 - 200 null application/json; charset=utf-8 9.6695ms
[22:25:27 INF] Request starting HTTP/1.1 OPTIONS http://localhost:5009/api/v1/sessions/0f78b81f-a5fc-4f2a-8b72-8d718b6c0b92 - null null
[22:25:27 INF] CORS policy execution successful.
[22:25:27 INF] HTTP OPTIONS /api/v1/sessions/0f78b81f-a5fc-4f2a-8b72-8d718b6c0b92 responded 204 in 0.1612 ms
[22:25:27 INF] Request finished HTTP/1.1 OPTIONS http://localhost:5009/api/v1/sessions/0f78b81f-a5fc-4f2a-8b72-8d718b6c0b92 - 204 null null 0.3748ms
[22:25:27 INF] Request starting HTTP/1.1 GET http://localhost:5009/api/v1/sessions/0f78b81f-a5fc-4f2a-8b72-8d718b6c0b92 - null null
[22:25:27 INF] CORS policy execution successful.
[22:25:27 DBG] Request tenant resolved: demo
[22:25:27 INF] Executing endpoint 'MLS.API.Controllers.SessionsController.GetSession (MLS.API)'
[22:25:27 INF] Route matched with {action = "GetSession", controller = "Sessions"}. Executing controller action with signature System.Threading.Tasks.Task`1[Microsoft.AspNetCore.Mvc.IActionResult] GetSession(System.Guid, System.Threading.CancellationToken) on controller MLS.API.Controllers.SessionsController (MLS.API).
[22:25:27 WRN] Compiling a query which loads related collections for more than one collection navigation, either via 'Include' or through projection, but no 'QuerySplittingBehavior' has been configured. By default, Entity Framework will use 'QuerySplittingBehavior.SingleQuery', which can potentially result in slow query performance. See https://go.microsoft.com/fwlink/?linkid=2134277 for more information. To identify the query that's triggering this warning call 'ConfigureWarnings(w => w.Throw(RelationalEventId.MultipleCollectionIncludeWarning))'.
[22:25:27 INF] Executed DbCommand (3ms) [Parameters=[@request_SessionId='?' (DbType = Guid)], CommandType='Text', CommandTimeout='30']
SELECT s2."Id", s2."AudioUrl", s2."Content", s2."CreatedAt", s2."Description", s2."DocumentUrl", s2."DurationMinutes", s2."DurationSeconds", s2."IsFreeTrial", s2."ModuleId", s2."OrderIndex", s2."PassScore", s2."PublishStatus", s2."SessionType", s2."ThumbnailUrl", s2."Title", s2."Transcript", s2."UpdatedAt", s2."VideoAssetId", s2."Id0", s2."CreatedAt0", s2."DurationSeconds0", s2."HlsPath", s2."OriginalFileName", s2."SessionId", s2."SizeBytes", s2."Status", s2."ThumbnailUrl0", s2."UpdatedAt0", s3."Id", s3."CreatedAt", s3."Description", s3."EndTime", s3."OrderIndex", s3."SessionId", s3."StartTime", s3."Title", s3."UpdatedAt", s3."Id0", s3."CreatedAt0", s3."Description0", s3."EndTime0", s3."IsPublic", s3."Metadata", s3."OrderIndex0", s3."SegmentId", s3."StartTime0", s3."Title0", s3."Type", s3."UpdatedAt0"
FROM (
    SELECT s."Id", s."AudioUrl", s."Content", s."CreatedAt", s."Description", s."DocumentUrl", s."DurationMinutes", s."DurationSeconds", s."IsFreeTrial", s."ModuleId", s."OrderIndex", s."PassScore", s."PublishStatus", s."SessionType", s."ThumbnailUrl", s."Title", s."Transcript", s."UpdatedAt", s."VideoAssetId", s0."Id" AS "Id0", s0."CreatedAt" AS "CreatedAt0", s0."DurationSeconds" AS "DurationSeconds0", s0."HlsPath", s0."OriginalFileName", s0."SessionId", s0."SizeBytes", s0."Status", s0."ThumbnailUrl" AS "ThumbnailUrl0", s0."UpdatedAt" AS "UpdatedAt0"
    FROM "Sessions" AS s
    LEFT JOIN "SessionVideoAssets" AS s0 ON s."Id" = s0."SessionId"
    WHERE s."Id" = @request_SessionId
    LIMIT 1
) AS s2
LEFT JOIN (
    SELECT s1."Id", s1."CreatedAt", s1."Description", s1."EndTime", s1."OrderIndex", s1."SessionId", s1."StartTime", s1."Title", s1."UpdatedAt", l."Id" AS "Id0", l."CreatedAt" AS "CreatedAt0", l."Description" AS "Description0", l."EndTime" AS "EndTime0", l."IsPublic", l."Metadata", l."OrderIndex" AS "OrderIndex0", l."SegmentId", l."StartTime" AS "StartTime0", l."Title" AS "Title0", l."Type", l."UpdatedAt" AS "UpdatedAt0"
    FROM "Segments" AS s1
    LEFT JOIN "LearningAssets" AS l ON s1."Id" = l."SegmentId"
) AS s3 ON s2."Id" = s3."SessionId"
ORDER BY s2."Id", s2."Id0", s3."OrderIndex", s3."Id", s3."OrderIndex0"
[22:25:28 INF] Executed DbCommand (20ms) [Parameters=[@_8__locals1_request_UserId_Value='?' (DbType = Guid), @segmentIds='?' (DbType = Object)], CommandType='Text', CommandTimeout='30']
SELECT s."Id", s."CompletedAt", s."CreatedAt", s."IsCompleted", s."IsViewed", s."SegmentId", s."UpdatedAt", s."UserId", s."ViewedAt"
FROM "SegmentProgresses" AS s
WHERE s."UserId" = @_8__locals1_request_UserId_Value AND s."SegmentId" = ANY (@segmentIds)
[22:25:28 INF] Executed DbCommand (2ms) [Parameters=[@_8__locals1_request_UserId_Value='?' (DbType = Guid), @_8__locals1_request_SessionId='?' (DbType = Guid)], CommandType='Text', CommandTimeout='30']
SELECT s."Id", s."CompletedAt", s."CreatedAt", s."LastPositionSeconds", s."SessionId", s."Status", s."UpdatedAt", s."UserId", s."WatchPercentage", s."WatchedSeconds"
FROM "SessionProgresses" AS s
WHERE s."UserId" = @_8__locals1_request_UserId_Value AND s."SessionId" = @_8__locals1_request_SessionId
LIMIT 1
[22:25:28 INF] Executing OkObjectResult, writing value of type 'MLS.Application.Learning.Queries.SessionLearningDto'.
[22:25:28 INF] Executed action MLS.API.Controllers.SessionsController.GetSession (MLS.API) in 312.8899ms
[22:25:28 INF] Executed endpoint 'MLS.API.Controllers.SessionsController.GetSession (MLS.API)'
[22:25:28 INF] HTTP GET /api/v1/sessions/0f78b81f-a5fc-4f2a-8b72-8d718b6c0b92 responded 200 in 328.2517 ms
[22:25:28 INF] Request finished HTTP/1.1 GET http://localhost:5009/api/v1/sessions/0f78b81f-a5fc-4f2a-8b72-8d718b6c0b92 - 200 null application/json; charset=utf-8 328.6531ms
[22:25:28 INF] Request starting HTTP/1.1 OPTIONS http://localhost:5009/api/v1/sessions/0f78b81f-a5fc-4f2a-8b72-8d718b6c0b92/comments?pageSize=20 - null null
[22:25:28 INF] CORS policy execution successful.
[22:25:28 INF] Request starting HTTP/1.1 OPTIONS http://localhost:5009/hubs/video-comments/negotiate?tenant=demo&negotiateVersion=1 - null null
[22:25:28 INF] HTTP OPTIONS /api/v1/sessions/0f78b81f-a5fc-4f2a-8b72-8d718b6c0b92/comments responded 204 in 0.1163 ms
[22:25:28 INF] Request starting HTTP/1.1 OPTIONS http://localhost:5009/hubs/video-comments/negotiate?tenant=demo&negotiateVersion=1 - null null
[22:25:28 INF] Request finished HTTP/1.1 OPTIONS http://localhost:5009/api/v1/sessions/0f78b81f-a5fc-4f2a-8b72-8d718b6c0b92/comments?pageSize=20 - 204 null null 0.337ms
[22:25:28 INF] CORS policy execution successful.
[22:25:28 INF] CORS policy execution successful.
[22:25:28 INF] HTTP OPTIONS /hubs/video-comments/negotiate responded 204 in 0.2914 ms
[22:25:28 INF] HTTP OPTIONS /hubs/video-comments/negotiate responded 204 in 0.2375 ms
[22:25:28 INF] Request finished HTTP/1.1 OPTIONS http://localhost:5009/hubs/video-comments/negotiate?tenant=demo&negotiateVersion=1 - 204 null null 0.3425ms
[22:25:28 INF] Request finished HTTP/1.1 OPTIONS http://localhost:5009/hubs/video-comments/negotiate?tenant=demo&negotiateVersion=1 - 204 null null 0.43ms
[22:25:28 INF] Request starting HTTP/1.1 OPTIONS http://localhost:5009/api/v1/assets/c1000001-0000-0000-0000-000000000001/interact - null null
[22:25:28 INF] CORS policy execution successful.
[22:25:28 INF] HTTP OPTIONS /api/v1/assets/c1000001-0000-0000-0000-000000000001/interact responded 204 in 0.0815 ms
[22:25:28 INF] Request starting HTTP/1.1 GET http://localhost:5009/api/v1/sessions/0f78b81f-a5fc-4f2a-8b72-8d718b6c0b92/comments?pageSize=20 - null null
[22:25:28 INF] Request finished HTTP/1.1 OPTIONS http://localhost:5009/api/v1/assets/c1000001-0000-0000-0000-000000000001/interact - 204 null null 0.2138ms
[22:25:28 INF] Request starting HTTP/1.1 POST http://localhost:5009/hubs/video-comments/negotiate?tenant=demo&negotiateVersion=1 - null 0
[22:25:28 INF] Request starting HTTP/1.1 POST http://localhost:5009/hubs/video-comments/negotiate?tenant=demo&negotiateVersion=1 - null 0
[22:25:28 INF] CORS policy execution successful.
[22:25:28 INF] CORS policy execution successful.
[22:25:28 DBG] Request tenant resolved: demo
[22:25:28 DBG] Request tenant resolved: demo
[22:25:28 INF] Executing endpoint '/hubs/video-comments/negotiate'
[22:25:28 INF] Request starting HTTP/1.1 OPTIONS http://localhost:5009/api/v1/assets/c1000001-0000-0000-0000-000000000001/interact - null null
[22:25:28 INF] Executing endpoint '/hubs/video-comments/negotiate'
[22:25:28 INF] CORS policy execution successful.
[22:25:28 DBG] Request tenant resolved: demo
[22:25:28 INF] Request starting HTTP/1.1 OPTIONS http://localhost:5009/api/v1/assets/c1000001-0000-0000-0000-000000000002/interact - null null
[22:25:28 INF] Executing endpoint 'MLS.API.Controllers.SessionCommentsController.GetComments (MLS.API)'
[22:25:28 INF] CORS policy execution successful.
[22:25:28 INF] CORS policy execution successful.
[22:25:28 INF] Request starting HTTP/1.1 OPTIONS http://localhost:5009/api/v1/assets/c1000001-0000-0000-0000-000000000002/interact - null null
[22:25:28 INF] Request starting HTTP/1.1 POST http://localhost:5009/api/v1/assets/c1000001-0000-0000-0000-000000000001/interact - application/json 41
[22:25:28 INF] CORS policy execution successful.
[22:25:28 INF] HTTP OPTIONS /api/v1/assets/c1000001-0000-0000-0000-000000000002/interact responded 204 in 0.1566 ms
[22:25:28 INF] Request finished HTTP/1.1 OPTIONS http://localhost:5009/api/v1/assets/c1000001-0000-0000-0000-000000000002/interact - 204 null null 0.6034ms
[22:25:28 INF] CORS policy execution successful.
[22:25:28 DBG] Request tenant resolved: demo
[22:25:28 INF] HTTP OPTIONS /api/v1/assets/c1000001-0000-0000-0000-000000000002/interact responded 204 in 0.5482 ms
[22:25:28 INF] Request finished HTTP/1.1 OPTIONS http://localhost:5009/api/v1/assets/c1000001-0000-0000-0000-000000000002/interact - 204 null null 2.2914ms
[22:25:28 INF] HTTP OPTIONS /api/v1/assets/c1000001-0000-0000-0000-000000000001/interact responded 204 in 0.6166 ms
[22:25:28 INF] Executing endpoint 'MLS.API.Controllers.LearningAssetsController.RecordInteraction (MLS.API)'
[22:25:28 INF] Request finished HTTP/1.1 OPTIONS http://localhost:5009/api/v1/assets/c1000001-0000-0000-0000-000000000001/interact - 204 null null 2.9787ms
[22:25:28 INF] Request starting HTTP/1.1 POST http://localhost:5009/api/v1/assets/c1000001-0000-0000-0000-000000000002/interact - application/json 41
[22:25:28 INF] CORS policy execution successful.
[22:25:28 DBG] Request tenant resolved: demo
[22:25:28 INF] Request starting HTTP/1.1 POST http://localhost:5009/api/v1/assets/c1000001-0000-0000-0000-000000000002/interact - application/json 41
[22:25:28 INF] Request starting HTTP/1.1 POST http://localhost:5009/api/v1/assets/c1000001-0000-0000-0000-000000000001/interact - application/json 41
[22:25:28 INF] CORS policy execution successful.
[22:25:28 INF] CORS policy execution successful.
[22:25:28 DBG] Request tenant resolved: demo
[22:25:28 DBG] Request tenant resolved: demo
[22:25:28 INF] Executed endpoint '/hubs/video-comments/negotiate'
[22:25:28 INF] Executed endpoint '/hubs/video-comments/negotiate'
[22:25:28 INF] HTTP POST /hubs/video-comments/negotiate responded 200 in 5.9494 ms
[22:25:28 INF] HTTP POST /hubs/video-comments/negotiate responded 200 in 5.9844 ms
[22:25:28 INF] Executing endpoint 'MLS.API.Controllers.LearningAssetsController.RecordInteraction (MLS.API)'
[22:25:28 INF] Executing endpoint 'MLS.API.Controllers.LearningAssetsController.RecordInteraction (MLS.API)'
[22:25:28 INF] Request finished HTTP/1.1 POST http://localhost:5009/hubs/video-comments/negotiate?tenant=demo&negotiateVersion=1 - 200 316 application/json 6.1513ms
[22:25:28 INF] Request finished HTTP/1.1 POST http://localhost:5009/hubs/video-comments/negotiate?tenant=demo&negotiateVersion=1 - 200 316 application/json 6.085ms
[22:25:28 INF] Executing endpoint 'MLS.API.Controllers.LearningAssetsController.RecordInteraction (MLS.API)'
[22:25:28 INF] Route matched with {action = "GetComments", controller = "SessionComments"}. Executing controller action with signature System.Threading.Tasks.Task`1[Microsoft.AspNetCore.Mvc.IActionResult] GetComments(System.Guid, System.Nullable`1[System.Guid], Int32, System.Threading.CancellationToken) on controller MLS.API.Controllers.SessionCommentsController (MLS.API).
[22:25:28 INF] Route matched with {action = "RecordInteraction", controller = "LearningAssets"}. Executing controller action with signature System.Threading.Tasks.Task`1[Microsoft.AspNetCore.Mvc.IActionResult] RecordInteraction(System.Guid, MLS.API.Controllers.InteractRequest, System.Threading.CancellationToken) on controller MLS.API.Controllers.LearningAssetsController (MLS.API).
[22:25:28 INF] Route matched with {action = "RecordInteraction", controller = "LearningAssets"}. Executing controller action with signature System.Threading.Tasks.Task`1[Microsoft.AspNetCore.Mvc.IActionResult] RecordInteraction(System.Guid, MLS.API.Controllers.InteractRequest, System.Threading.CancellationToken) on controller MLS.API.Controllers.LearningAssetsController (MLS.API).
[22:25:28 INF] Route matched with {action = "RecordInteraction", controller = "LearningAssets"}. Executing controller action with signature System.Threading.Tasks.Task`1[Microsoft.AspNetCore.Mvc.IActionResult] RecordInteraction(System.Guid, MLS.API.Controllers.InteractRequest, System.Threading.CancellationToken) on controller MLS.API.Controllers.LearningAssetsController (MLS.API).
[22:25:28 INF] Route matched with {action = "RecordInteraction", controller = "LearningAssets"}. Executing controller action with signature System.Threading.Tasks.Task`1[Microsoft.AspNetCore.Mvc.IActionResult] RecordInteraction(System.Guid, MLS.API.Controllers.InteractRequest, System.Threading.CancellationToken) on controller MLS.API.Controllers.LearningAssetsController (MLS.API).
[22:25:28 INF] Request starting HTTP/1.1 GET http://localhost:5009/media/demo/session-videos/a1000001-0000-0000-0000-000000000001.mp4 - null null
[22:25:28 INF] Executed DbCommand (22ms) [Parameters=[@q_SessionId='?' (DbType = Guid)], CommandType='Text', CommandTimeout='30']
SELECT count(*)::int
FROM "VideoComments" AS v
WHERE v."SessionId" = @q_SessionId AND v."ParentCommentId" IS NULL AND v."Status" <> 'Deleted'
[22:25:28 INF] Executed DbCommand (1ms) [Parameters=[], CommandType='Text', CommandTimeout='30']
SET search_path TO tenant_demo, public
[22:25:28 INF] Executed DbCommand (2ms) [Parameters=[], CommandType='Text', CommandTimeout='30']
SET search_path TO tenant_demo, public
[22:25:28 INF] Executed DbCommand (1ms) [Parameters=[], CommandType='Text', CommandTimeout='30']
SET search_path TO tenant_demo, public
[22:25:28 INF] Request starting HTTP/1.1 OPTIONS http://localhost:5009/api/v1/assets/c1000001-0000-0000-0000-000000000006/interact - null null
[22:25:28 INF] CORS policy execution successful.
[22:25:28 INF] HTTP OPTIONS /api/v1/assets/c1000001-0000-0000-0000-000000000006/interact responded 204 in 0.2224 ms
[22:25:28 INF] Request finished HTTP/1.1 OPTIONS http://localhost:5009/api/v1/assets/c1000001-0000-0000-0000-000000000006/interact - 204 null null 0.3948ms
[22:25:28 INF] Request starting HTTP/1.1 OPTIONS http://localhost:5009/api/v1/assets/c1000001-0000-0000-0000-000000000006/interact - null null
[22:25:28 INF] CORS policy execution successful.
[22:25:28 INF] HTTP OPTIONS /api/v1/assets/c1000001-0000-0000-0000-000000000006/interact responded 204 in 0.1617 ms
[22:25:28 INF] Request finished HTTP/1.1 OPTIONS http://localhost:5009/api/v1/assets/c1000001-0000-0000-0000-000000000006/interact - 204 null null 0.4178ms
[22:25:28 INF] Request starting HTTP/1.1 POST http://localhost:5009/api/v1/assets/c1000001-0000-0000-0000-000000000006/interact - application/json 41
[22:25:28 INF] CORS policy execution successful.
[22:25:28 DBG] Request tenant resolved: demo
[22:25:28 INF] Executing endpoint 'MLS.API.Controllers.LearningAssetsController.RecordInteraction (MLS.API)'
[22:25:28 INF] Route matched with {action = "RecordInteraction", controller = "LearningAssets"}. Executing controller action with signature System.Threading.Tasks.Task`1[Microsoft.AspNetCore.Mvc.IActionResult] RecordInteraction(System.Guid, MLS.API.Controllers.InteractRequest, System.Threading.CancellationToken) on controller MLS.API.Controllers.LearningAssetsController (MLS.API).
[22:25:28 INF] Executed DbCommand (3ms) [Parameters=[@p0='?' (DbType = Guid), @p1='?' (DbType = Guid), @p2='?' (DbType = DateTime), @p3='?', @p4='?' (DbType = Int32), @p5='?' (DbType = DateTime), @p6='?' (DbType = Guid)], CommandType='Text', CommandTimeout='30']
INSERT INTO "LearningAssetInteractions" ("Id", "AssetId", "CreatedAt", "InteractionType", "Score", "UpdatedAt", "UserId")
VALUES (@p0, @p1, @p2, @p3, @p4, @p5, @p6);
[22:25:28 INF] Executed DbCommand (3ms) [Parameters=[@p0='?' (DbType = Guid), @p1='?' (DbType = Guid), @p2='?' (DbType = DateTime), @p3='?', @p4='?' (DbType = Int32), @p5='?' (DbType = DateTime), @p6='?' (DbType = Guid)], CommandType='Text', CommandTimeout='30']
INSERT INTO "LearningAssetInteractions" ("Id", "AssetId", "CreatedAt", "InteractionType", "Score", "UpdatedAt", "UserId")
VALUES (@p0, @p1, @p2, @p3, @p4, @p5, @p6);
[22:25:28 INF] Executing StatusCodeResult, setting HTTP status code 204
[22:25:28 INF] Executing StatusCodeResult, setting HTTP status code 204
[22:25:28 INF] Executed action MLS.API.Controllers.LearningAssetsController.RecordInteraction (MLS.API) in 68.0478ms
[22:25:28 INF] Executed endpoint 'MLS.API.Controllers.LearningAssetsController.RecordInteraction (MLS.API)'
[22:25:28 INF] Executed action MLS.API.Controllers.LearningAssetsController.RecordInteraction (MLS.API) in 67.5148ms
[22:25:28 INF] Executed endpoint 'MLS.API.Controllers.LearningAssetsController.RecordInteraction (MLS.API)'
[22:25:28 INF] HTTP POST /api/v1/assets/c1000001-0000-0000-0000-000000000002/interact responded 204 in 77.4933 ms
[22:25:28 INF] HTTP POST /api/v1/assets/c1000001-0000-0000-0000-000000000001/interact responded 204 in 77.5271 ms
[22:25:28 INF] Request finished HTTP/1.1 POST http://localhost:5009/api/v1/assets/c1000001-0000-0000-0000-000000000002/interact - 204 null null 77.8639ms
[22:25:28 INF] Request finished HTTP/1.1 POST http://localhost:5009/api/v1/assets/c1000001-0000-0000-0000-000000000001/interact - 204 null null 77.7117ms
[22:25:28 INF] Sending ["bytes 0-50030404/50030405"] of file D:\MLSMedia\demo\session-videos\a1000001-0000-0000-0000-000000000001.mp4
[22:25:28 INF] Request starting HTTP/1.1 GET http://localhost:5009/hubs/video-comments?tenant=demo&id=_uC6wca_v3p-RaAcvzOOZQ&access_token=eyJhbGciOiJIUzI1NiIsInR5cCI6IkpXVCJ9.eyJzdWIiOiI4YWM2ZjFiZi00YzZjLTQwOTgtYmRkNS1mZjdlMThkMGRkNTgiLCJlbWFpbCI6InBoYW1oaWVwLnBkaEBnbWFpbC5jb20iLCJqdGkiOiIxNGJhZTRiYS1iZTQwLTRjZDUtYWU5ZS0wNzg3NDA5NTZkNzQiLCJyb2xlIjoiU3VwZXJBZG1pbiIsInRlbmFudF9pZCI6IiIsImV4cCI6MTc3OTI5MTU2NiwiaXNzIjoibWxzLWFwaSIsImF1ZCI6Im1scy1jbGllbnRzIn0.IYIrwMtUYam6vbHQDKj3C1bdHDj7Tk00h2ceL_dQtUU - null null
[22:25:28 INF] CORS policy execution successful.
[22:25:28 DBG] Request tenant resolved: demo
[22:25:28 INF] Executing endpoint '/hubs/video-comments'
[22:25:28 INF] Request starting HTTP/1.1 POST http://localhost:5009/api/v1/assets/c1000001-0000-0000-0000-000000000006/interact - application/json 41
[22:25:28 INF] CORS policy execution successful.
[22:25:28 DBG] Request tenant resolved: demo
[22:25:28 INF] Executing endpoint 'MLS.API.Controllers.LearningAssetsController.RecordInteraction (MLS.API)'
[22:25:28 INF] Route matched with {action = "RecordInteraction", controller = "LearningAssets"}. Executing controller action with signature System.Threading.Tasks.Task`1[Microsoft.AspNetCore.Mvc.IActionResult] RecordInteraction(System.Guid, MLS.API.Controllers.InteractRequest, System.Threading.CancellationToken) on controller MLS.API.Controllers.LearningAssetsController (MLS.API).
[22:25:28 INF] Executed DbCommand (1ms) [Parameters=[], CommandType='Text', CommandTimeout='30']
SET search_path TO tenant_demo, public
[22:25:28 INF] Executed DbCommand (2ms) [Parameters=[@p0='?' (DbType = Guid), @p1='?' (DbType = Guid), @p2='?' (DbType = DateTime), @p3='?', @p4='?' (DbType = Int32), @p5='?' (DbType = DateTime), @p6='?' (DbType = Guid)], CommandType='Text', CommandTimeout='30']
INSERT INTO "LearningAssetInteractions" ("Id", "AssetId", "CreatedAt", "InteractionType", "Score", "UpdatedAt", "UserId")
VALUES (@p0, @p1, @p2, @p3, @p4, @p5, @p6);
[22:25:28 INF] Executing StatusCodeResult, setting HTTP status code 204
[22:25:28 INF] Executed action MLS.API.Controllers.LearningAssetsController.RecordInteraction (MLS.API) in 10.1849ms
[22:25:28 INF] Executed endpoint 'MLS.API.Controllers.LearningAssetsController.RecordInteraction (MLS.API)'
[22:25:28 INF] HTTP POST /api/v1/assets/c1000001-0000-0000-0000-000000000006/interact responded 204 in 11.5406 ms
[22:25:28 INF] Request finished HTTP/1.1 POST http://localhost:5009/api/v1/assets/c1000001-0000-0000-0000-000000000006/interact - 204 null null 14.7514ms
[22:25:28 INF] Request starting HTTP/1.1 GET http://localhost:5009/hubs/video-comments?tenant=demo&id=gvYSujOgkeqiOpM8kj-N-g&access_token=eyJhbGciOiJIUzI1NiIsInR5cCI6IkpXVCJ9.eyJzdWIiOiI4YWM2ZjFiZi00YzZjLTQwOTgtYmRkNS1mZjdlMThkMGRkNTgiLCJlbWFpbCI6InBoYW1oaWVwLnBkaEBnbWFpbC5jb20iLCJqdGkiOiIxNGJhZTRiYS1iZTQwLTRjZDUtYWU5ZS0wNzg3NDA5NTZkNzQiLCJyb2xlIjoiU3VwZXJBZG1pbiIsInRlbmFudF9pZCI6IiIsImV4cCI6MTc3OTI5MTU2NiwiaXNzIjoibWxzLWFwaSIsImF1ZCI6Im1scy1jbGllbnRzIn0.IYIrwMtUYam6vbHQDKj3C1bdHDj7Tk00h2ceL_dQtUU - null null
[22:25:28 INF] CORS policy execution successful.
[22:25:28 DBG] Request tenant resolved: demo
[22:25:28 INF] Executing endpoint '/hubs/video-comments'
[22:25:28 INF] Executed DbCommand (1ms) [Parameters=[], CommandType='Text', CommandTimeout='30']
SET search_path TO tenant_demo, public
[22:25:28 INF] Executed DbCommand (2ms) [Parameters=[@p0='?' (DbType = Guid), @p1='?' (DbType = Guid), @p2='?' (DbType = DateTime), @p3='?', @p4='?' (DbType = Int32), @p5='?' (DbType = DateTime), @p6='?' (DbType = Guid)], CommandType='Text', CommandTimeout='30']
INSERT INTO "LearningAssetInteractions" ("Id", "AssetId", "CreatedAt", "InteractionType", "Score", "UpdatedAt", "UserId")
VALUES (@p0, @p1, @p2, @p3, @p4, @p5, @p6);
[22:25:28 INF] Executing StatusCodeResult, setting HTTP status code 204
[22:25:28 INF] Executed action MLS.API.Controllers.LearningAssetsController.RecordInteraction (MLS.API) in 127.353ms
[22:25:28 INF] Executed endpoint 'MLS.API.Controllers.LearningAssetsController.RecordInteraction (MLS.API)'
[22:25:28 INF] HTTP POST /api/v1/assets/c1000001-0000-0000-0000-000000000001/interact responded 204 in 138.1274 ms
[22:25:28 INF] Request finished HTTP/1.1 POST http://localhost:5009/api/v1/assets/c1000001-0000-0000-0000-000000000001/interact - 204 null null 139.2958ms
[22:25:28 INF] Executed DbCommand (3ms) [Parameters=[@q_SessionId='?' (DbType = Guid), @p='?' (DbType = Int32)], CommandType='Text', CommandTimeout='30']
SELECT v."Id", v."Content", v."CreatedAt", v."IsPinned", v."LikeCount", v."ParentCommentId", v."SegmentId", v."SessionId", v."Status", v."TimestampSecond", v."UpdatedAt", v."UserId"
FROM "VideoComments" AS v
WHERE v."SessionId" = @q_SessionId AND v."ParentCommentId" IS NULL AND v."Status" <> 'Deleted'
ORDER BY v."IsPinned" DESC, v."CreatedAt" DESC
LIMIT @p
[22:25:28 INF] Executed DbCommand (0ms) [Parameters=[], CommandType='Text', CommandTimeout='30']
SET search_path TO tenant_demo, public
[22:25:28 INF] Executed DbCommand (1ms) [Parameters=[@p0='?' (DbType = Guid), @p1='?' (DbType = Guid), @p2='?' (DbType = DateTime), @p3='?', @p4='?' (DbType = Int32), @p5='?' (DbType = DateTime), @p6='?' (DbType = Guid)], CommandType='Text', CommandTimeout='30']
INSERT INTO "LearningAssetInteractions" ("Id", "AssetId", "CreatedAt", "InteractionType", "Score", "UpdatedAt", "UserId")
VALUES (@p0, @p1, @p2, @p3, @p4, @p5, @p6);
[22:25:28 INF] Executing StatusCodeResult, setting HTTP status code 204
[22:25:28 INF] Executed action MLS.API.Controllers.LearningAssetsController.RecordInteraction (MLS.API) in 80.284ms
[22:25:28 INF] Executed endpoint 'MLS.API.Controllers.LearningAssetsController.RecordInteraction (MLS.API)'
[22:25:28 INF] HTTP POST /api/v1/assets/c1000001-0000-0000-0000-000000000006/interact responded 204 in 82.9107 ms
[22:25:28 INF] Request finished HTTP/1.1 POST http://localhost:5009/api/v1/assets/c1000001-0000-0000-0000-000000000006/interact - 204 null null 83.3969ms
[22:25:28 INF] Request starting HTTP/1.1 GET http://localhost:5009/media/demo/session-videos/a1000001-0000-0000-0000-000000000001.mp4 - null null
[22:25:28 INF] Sending ["bytes 22413312-50030404/50030405"] of file D:\MLSMedia\demo\session-videos\a1000001-0000-0000-0000-000000000001.mp4
[22:25:28 INF] HTTP GET /media/demo/session-videos/a1000001-0000-0000-0000-000000000001.mp4 responded 206 in 124.2263 ms
[22:25:28 INF] Request finished HTTP/1.1 GET http://localhost:5009/media/demo/session-videos/a1000001-0000-0000-0000-000000000001.mp4 - 206 50030405 video/mp4 124.6034ms
[22:25:28 INF] HTTP GET /media/demo/session-videos/a1000001-0000-0000-0000-000000000001.mp4 responded 206 in 21.2034 ms
[22:25:28 INF] Request finished HTTP/1.1 GET http://localhost:5009/media/demo/session-videos/a1000001-0000-0000-0000-000000000001.mp4 - 206 27617093 video/mp4 21.5574ms
[22:25:28 INF] Executed DbCommand (3ms) [Parameters=[@commentIds='?' (DbType = Object)], CommandType='Text', CommandTimeout='30']
SELECT v."Id", v."Content", v."CreatedAt", v."IsPinned", v."LikeCount", v."ParentCommentId", v."SegmentId", v."SessionId", v."Status", v."TimestampSecond", v."UpdatedAt", v."UserId"
FROM "VideoComments" AS v
WHERE v."ParentCommentId" IS NOT NULL AND v."ParentCommentId" = ANY (@commentIds) AND v."Status" <> 'Deleted'
ORDER BY v."CreatedAt"
[22:25:28 INF] Request starting HTTP/1.1 POST http://localhost:5009/api/v1/assets/c1000001-0000-0000-0000-000000000001/interact - application/json 41
[22:25:28 INF] CORS policy execution successful.
[22:25:28 INF] Request starting HTTP/1.1 POST http://localhost:5009/api/v1/assets/c1000001-0000-0000-0000-000000000002/interact - application/json 41
[22:25:28 INF] CORS policy execution successful.
[22:25:28 DBG] Request tenant resolved: demo
[22:25:28 DBG] Request tenant resolved: demo
[22:25:28 INF] Request starting HTTP/1.1 POST http://localhost:5009/api/v1/assets/c1000001-0000-0000-0000-000000000001/interact - application/json 41
[22:25:28 INF] CORS policy execution successful.
[22:25:28 INF] Request starting HTTP/1.1 POST http://localhost:5009/api/v1/assets/c1000001-0000-0000-0000-000000000002/interact - application/json 41
[22:25:28 INF] Executing endpoint 'MLS.API.Controllers.LearningAssetsController.RecordInteraction (MLS.API)'
[22:25:28 INF] CORS policy execution successful.
[22:25:28 INF] Executing endpoint 'MLS.API.Controllers.LearningAssetsController.RecordInteraction (MLS.API)'
[22:25:28 DBG] Request tenant resolved: demo
[22:25:28 INF] Route matched with {action = "RecordInteraction", controller = "LearningAssets"}. Executing controller action with signature System.Threading.Tasks.Task`1[Microsoft.AspNetCore.Mvc.IActionResult] RecordInteraction(System.Guid, MLS.API.Controllers.InteractRequest, System.Threading.CancellationToken) on controller MLS.API.Controllers.LearningAssetsController (MLS.API).
[22:25:28 INF] Route matched with {action = "RecordInteraction", controller = "LearningAssets"}. Executing controller action with signature System.Threading.Tasks.Task`1[Microsoft.AspNetCore.Mvc.IActionResult] RecordInteraction(System.Guid, MLS.API.Controllers.InteractRequest, System.Threading.CancellationToken) on controller MLS.API.Controllers.LearningAssetsController (MLS.API).
[22:25:28 INF] Executing endpoint 'MLS.API.Controllers.LearningAssetsController.RecordInteraction (MLS.API)'
[22:25:28 INF] Route matched with {action = "RecordInteraction", controller = "LearningAssets"}. Executing controller action with signature System.Threading.Tasks.Task`1[Microsoft.AspNetCore.Mvc.IActionResult] RecordInteraction(System.Guid, MLS.API.Controllers.InteractRequest, System.Threading.CancellationToken) on controller MLS.API.Controllers.LearningAssetsController (MLS.API).
[22:25:28 DBG] Request tenant resolved: demo
[22:25:28 INF] Executing endpoint 'MLS.API.Controllers.LearningAssetsController.RecordInteraction (MLS.API)'
[22:25:28 INF] Route matched with {action = "RecordInteraction", controller = "LearningAssets"}. Executing controller action with signature System.Threading.Tasks.Task`1[Microsoft.AspNetCore.Mvc.IActionResult] RecordInteraction(System.Guid, MLS.API.Controllers.InteractRequest, System.Threading.CancellationToken) on controller MLS.API.Controllers.LearningAssetsController (MLS.API).
[22:25:28 INF] Executed DbCommand (0ms) [Parameters=[], CommandType='Text', CommandTimeout='30']
SET search_path TO tenant_demo, public
[22:25:28 INF] Executed DbCommand (0ms) [Parameters=[], CommandType='Text', CommandTimeout='30']
SET search_path TO tenant_demo, public
[22:25:28 INF] Executed DbCommand (0ms) [Parameters=[], CommandType='Text', CommandTimeout='30']
SET search_path TO tenant_demo, public
[22:25:28 INF] Executed DbCommand (1ms) [Parameters=[], CommandType='Text', CommandTimeout='30']
SET search_path TO tenant_demo, public
[22:25:28 INF] Executed DbCommand (1ms) [Parameters=[@p0='?' (DbType = Guid), @p1='?' (DbType = Guid), @p2='?' (DbType = DateTime), @p3='?', @p4='?' (DbType = Int32), @p5='?' (DbType = DateTime), @p6='?' (DbType = Guid)], CommandType='Text', CommandTimeout='30']
INSERT INTO "LearningAssetInteractions" ("Id", "AssetId", "CreatedAt", "InteractionType", "Score", "UpdatedAt", "UserId")
VALUES (@p0, @p1, @p2, @p3, @p4, @p5, @p6);
[22:25:28 INF] Executing StatusCodeResult, setting HTTP status code 204
[22:25:28 INF] Executed action MLS.API.Controllers.LearningAssetsController.RecordInteraction (MLS.API) in 4.0107ms
[22:25:28 INF] Executed endpoint 'MLS.API.Controllers.LearningAssetsController.RecordInteraction (MLS.API)'
[22:25:28 INF] HTTP POST /api/v1/assets/c1000001-0000-0000-0000-000000000001/interact responded 204 in 6.8471 ms
[22:25:28 INF] Request finished HTTP/1.1 POST http://localhost:5009/api/v1/assets/c1000001-0000-0000-0000-000000000001/interact - 204 null null 7.0423ms
[22:25:28 INF] Executed DbCommand (4ms) [Parameters=[@p0='?' (DbType = Guid), @p1='?' (DbType = Guid), @p2='?' (DbType = DateTime), @p3='?', @p4='?' (DbType = Int32), @p5='?' (DbType = DateTime), @p6='?' (DbType = Guid)], CommandType='Text', CommandTimeout='30']
INSERT INTO "LearningAssetInteractions" ("Id", "AssetId", "CreatedAt", "InteractionType", "Score", "UpdatedAt", "UserId")
VALUES (@p0, @p1, @p2, @p3, @p4, @p5, @p6);
[22:25:28 INF] Executed DbCommand (5ms) [Parameters=[@p0='?' (DbType = Guid), @p1='?' (DbType = Guid), @p2='?' (DbType = DateTime), @p3='?', @p4='?' (DbType = Int32), @p5='?' (DbType = DateTime), @p6='?' (DbType = Guid)], CommandType='Text', CommandTimeout='30']
INSERT INTO "LearningAssetInteractions" ("Id", "AssetId", "CreatedAt", "InteractionType", "Score", "UpdatedAt", "UserId")
VALUES (@p0, @p1, @p2, @p3, @p4, @p5, @p6);
[22:25:28 INF] Executing StatusCodeResult, setting HTTP status code 204
[22:25:28 INF] Executing StatusCodeResult, setting HTTP status code 204
[22:25:28 INF] Executed action MLS.API.Controllers.LearningAssetsController.RecordInteraction (MLS.API) in 8.5979ms
[22:25:28 INF] Executed endpoint 'MLS.API.Controllers.LearningAssetsController.RecordInteraction (MLS.API)'
[22:25:28 INF] Executed action MLS.API.Controllers.LearningAssetsController.RecordInteraction (MLS.API) in 8.3813ms
[22:25:28 INF] Executed endpoint 'MLS.API.Controllers.LearningAssetsController.RecordInteraction (MLS.API)'
[22:25:28 INF] HTTP POST /api/v1/assets/c1000001-0000-0000-0000-000000000002/interact responded 204 in 9.0815 ms
[22:25:28 INF] HTTP POST /api/v1/assets/c1000001-0000-0000-0000-000000000002/interact responded 204 in 9.7416 ms
[22:25:28 INF] Request finished HTTP/1.1 POST http://localhost:5009/api/v1/assets/c1000001-0000-0000-0000-000000000002/interact - 204 null null 10.113ms
[22:25:28 INF] Executed DbCommand (4ms) [Parameters=[@p0='?' (DbType = Guid), @p1='?' (DbType = Guid), @p2='?' (DbType = DateTime), @p3='?', @p4='?' (DbType = Int32), @p5='?' (DbType = DateTime), @p6='?' (DbType = Guid)], CommandType='Text', CommandTimeout='30']
INSERT INTO "LearningAssetInteractions" ("Id", "AssetId", "CreatedAt", "InteractionType", "Score", "UpdatedAt", "UserId")
VALUES (@p0, @p1, @p2, @p3, @p4, @p5, @p6);
[22:25:28 INF] Request finished HTTP/1.1 POST http://localhost:5009/api/v1/assets/c1000001-0000-0000-0000-000000000002/interact - 204 null null 9.5299ms
[22:25:28 INF] Executing StatusCodeResult, setting HTTP status code 204
[22:25:28 INF] Executed action MLS.API.Controllers.LearningAssetsController.RecordInteraction (MLS.API) in 9.6234ms
[22:25:28 INF] Executed endpoint 'MLS.API.Controllers.LearningAssetsController.RecordInteraction (MLS.API)'
[22:25:28 INF] HTTP POST /api/v1/assets/c1000001-0000-0000-0000-000000000001/interact responded 204 in 10.9528 ms
[22:25:28 INF] Request finished HTTP/1.1 POST http://localhost:5009/api/v1/assets/c1000001-0000-0000-0000-000000000001/interact - 204 null null 11.2901ms
[22:25:28 INF] Executed DbCommand (1ms) [Parameters=[@allUserIds='?' (DbType = Object)], CommandType='Text', CommandTimeout='30']
SELECT u."Id", u."CreatedAt", u."Email", u."GoogleId", u."MoodleUserId", u."PasswordHash", u."Phone", u."Status", u."UpdatedAt"
FROM "Users" AS u
WHERE u."Id" = ANY (@allUserIds)
[22:25:28 INF] Request starting HTTP/1.1 POST http://localhost:5009/api/v1/assets/c1000001-0000-0000-0000-000000000006/interact - application/json 41
[22:25:28 INF] Request starting HTTP/1.1 POST http://localhost:5009/api/v1/assets/c1000001-0000-0000-0000-000000000006/interact - application/json 41
[22:25:28 INF] CORS policy execution successful.
[22:25:28 INF] CORS policy execution successful.
[22:25:28 DBG] Request tenant resolved: demo
[22:25:28 DBG] Request tenant resolved: demo
[22:25:28 INF] Executing endpoint 'MLS.API.Controllers.LearningAssetsController.RecordInteraction (MLS.API)'
[22:25:28 INF] Executing endpoint 'MLS.API.Controllers.LearningAssetsController.RecordInteraction (MLS.API)'
[22:25:28 INF] Route matched with {action = "RecordInteraction", controller = "LearningAssets"}. Executing controller action with signature System.Threading.Tasks.Task`1[Microsoft.AspNetCore.Mvc.IActionResult] RecordInteraction(System.Guid, MLS.API.Controllers.InteractRequest, System.Threading.CancellationToken) on controller MLS.API.Controllers.LearningAssetsController (MLS.API).
[22:25:28 INF] Route matched with {action = "RecordInteraction", controller = "LearningAssets"}. Executing controller action with signature System.Threading.Tasks.Task`1[Microsoft.AspNetCore.Mvc.IActionResult] RecordInteraction(System.Guid, MLS.API.Controllers.InteractRequest, System.Threading.CancellationToken) on controller MLS.API.Controllers.LearningAssetsController (MLS.API).
[22:25:28 INF] Executed DbCommand (0ms) [Parameters=[], CommandType='Text', CommandTimeout='30']
SET search_path TO tenant_demo, public
[22:25:28 INF] Executed DbCommand (0ms) [Parameters=[], CommandType='Text', CommandTimeout='30']
SET search_path TO tenant_demo, public
[22:25:28 INF] Executed DbCommand (1ms) [Parameters=[@allUserIds='?' (DbType = Object)], CommandType='Text', CommandTimeout='30']
SELECT u."Id", u."Address", u."AvatarUrl", u."CreatedAt", u."CurrentLevel", u."DateOfBirth", u."FullName", u."Gender", u."UpdatedAt", u."UserId"
FROM "UserProfiles" AS u
WHERE u."UserId" = ANY (@allUserIds)
[22:25:28 INF] Executed DbCommand (14ms) [Parameters=[@p0='?' (DbType = Guid), @p1='?' (DbType = Guid), @p2='?' (DbType = DateTime), @p3='?', @p4='?' (DbType = Int32), @p5='?' (DbType = DateTime), @p6='?' (DbType = Guid)], CommandType='Text', CommandTimeout='30']
INSERT INTO "LearningAssetInteractions" ("Id", "AssetId", "CreatedAt", "InteractionType", "Score", "UpdatedAt", "UserId")
VALUES (@p0, @p1, @p2, @p3, @p4, @p5, @p6);
[22:25:28 INF] Executed DbCommand (16ms) [Parameters=[@p0='?' (DbType = Guid), @p1='?' (DbType = Guid), @p2='?' (DbType = DateTime), @p3='?', @p4='?' (DbType = Int32), @p5='?' (DbType = DateTime), @p6='?' (DbType = Guid)], CommandType='Text', CommandTimeout='30']
INSERT INTO "LearningAssetInteractions" ("Id", "AssetId", "CreatedAt", "InteractionType", "Score", "UpdatedAt", "UserId")
VALUES (@p0, @p1, @p2, @p3, @p4, @p5, @p6);
[22:25:28 INF] Executed DbCommand (15ms) [Parameters=[@p0='?' (DbType = Guid), @p1='?' (DbType = Guid), @p2='?' (DbType = DateTime), @p3='?', @p4='?' (DbType = Int32), @p5='?' (DbType = DateTime), @p6='?' (DbType = Guid)], CommandType='Text', CommandTimeout='30']
INSERT INTO "LearningAssetInteractions" ("Id", "AssetId", "CreatedAt", "InteractionType", "Score", "UpdatedAt", "UserId")
VALUES (@p0, @p1, @p2, @p3, @p4, @p5, @p6);
[22:25:28 INF] Executing StatusCodeResult, setting HTTP status code 204
[22:25:28 INF] Executed action MLS.API.Controllers.LearningAssetsController.RecordInteraction (MLS.API) in 69.5711ms
[22:25:28 INF] Executing StatusCodeResult, setting HTTP status code 204
[22:25:28 INF] Executed endpoint 'MLS.API.Controllers.LearningAssetsController.RecordInteraction (MLS.API)'
[22:25:28 INF] Executed action MLS.API.Controllers.LearningAssetsController.RecordInteraction (MLS.API) in 300.8875ms
[22:25:28 INF] Executing StatusCodeResult, setting HTTP status code 204
[22:25:28 INF] Executed endpoint 'MLS.API.Controllers.LearningAssetsController.RecordInteraction (MLS.API)'
[22:25:28 INF] HTTP POST /api/v1/assets/c1000001-0000-0000-0000-000000000006/interact responded 204 in 70.5667 ms
[22:25:28 INF] HTTP POST /api/v1/assets/c1000001-0000-0000-0000-000000000002/interact responded 204 in 311.8787 ms
[22:25:28 INF] Executed action MLS.API.Controllers.LearningAssetsController.RecordInteraction (MLS.API) in 69.7014ms
[22:25:28 INF] Executed endpoint 'MLS.API.Controllers.LearningAssetsController.RecordInteraction (MLS.API)'
[22:25:28 INF] HTTP POST /api/v1/assets/c1000001-0000-0000-0000-000000000006/interact responded 204 in 70.6166 ms
[22:25:28 INF] Request finished HTTP/1.1 POST http://localhost:5009/api/v1/assets/c1000001-0000-0000-0000-000000000006/interact - 204 null null 71.0674ms
[22:25:28 INF] Request finished HTTP/1.1 POST http://localhost:5009/api/v1/assets/c1000001-0000-0000-0000-000000000002/interact - 204 null null 312.1349ms
[22:25:28 INF] Request finished HTTP/1.1 POST http://localhost:5009/api/v1/assets/c1000001-0000-0000-0000-000000000006/interact - 204 null null 70.774ms
[22:25:28 INF] Executed DbCommand (3ms) [Parameters=[@_8__locals1_q_CurrentUserId_Value='?' (DbType = Guid), @allIds='?' (DbType = Object)], CommandType='Text', CommandTimeout='30']
SELECT c."CommentId"
FROM "CommentReactions" AS c
WHERE c."UserId" = @_8__locals1_q_CurrentUserId_Value AND c."CommentId" = ANY (@allIds) AND c."ReactionType" = 'Like'
[22:25:28 INF] Executing OkObjectResult, writing value of type 'MLS.Application.Learning.Queries.CommentPageDto'.
[22:25:28 INF] Executed action MLS.API.Controllers.SessionCommentsController.GetComments (MLS.API) in 333.9202ms
[22:25:28 INF] Executed endpoint 'MLS.API.Controllers.SessionCommentsController.GetComments (MLS.API)'
[22:25:28 INF] HTTP GET /api/v1/sessions/0f78b81f-a5fc-4f2a-8b72-8d718b6c0b92/comments responded 200 in 345.9391 ms
[22:25:28 INF] Request finished HTTP/1.1 GET http://localhost:5009/api/v1/sessions/0f78b81f-a5fc-4f2a-8b72-8d718b6c0b92/comments?pageSize=20 - 200 null application/json; charset=utf-8 347.0776ms
[22:25:33 INF] Request starting HTTP/1.1 OPTIONS http://localhost:5009/api/v1/sessions/0f78b81f-a5fc-4f2a-8b72-8d718b6c0b92/video-position - null null
[22:25:33 INF] CORS policy execution successful.
[22:25:33 INF] HTTP OPTIONS /api/v1/sessions/0f78b81f-a5fc-4f2a-8b72-8d718b6c0b92/video-position responded 204 in 0.1501 ms
[22:25:33 INF] Request finished HTTP/1.1 OPTIONS http://localhost:5009/api/v1/sessions/0f78b81f-a5fc-4f2a-8b72-8d718b6c0b92/video-position - 204 null null 0.3949ms
[22:25:33 INF] Request starting HTTP/1.1 POST http://localhost:5009/api/v1/sessions/0f78b81f-a5fc-4f2a-8b72-8d718b6c0b92/video-position - application/json 73
[22:25:33 INF] CORS policy execution successful.
[22:25:33 DBG] Request tenant resolved: demo
[22:25:33 INF] Executing endpoint 'MLS.API.Controllers.SessionsController.SaveVideoPosition (MLS.API)'
[22:25:33 INF] Route matched with {action = "SaveVideoPosition", controller = "Sessions"}. Executing controller action with signature System.Threading.Tasks.Task`1[Microsoft.AspNetCore.Mvc.IActionResult] SaveVideoPosition(System.Guid, MLS.API.Controllers.SessionVideoPositionRequest, System.Threading.CancellationToken) on controller MLS.API.Controllers.SessionsController (MLS.API).
[22:25:33 INF] Executed DbCommand (1ms) [Parameters=[@request_UserId='?' (DbType = Guid), @request_SessionId='?' (DbType = Guid)], CommandType='Text', CommandTimeout='30']
SELECT s."Id", s."CompletedAt", s."CreatedAt", s."LastPositionSeconds", s."SessionId", s."Status", s."UpdatedAt", s."UserId", s."WatchPercentage", s."WatchedSeconds"
FROM "SessionProgresses" AS s
WHERE s."UserId" = @request_UserId AND s."SessionId" = @request_SessionId
LIMIT 1
[22:25:33 INF] Executed DbCommand (2ms) [Parameters=[], CommandType='Text', CommandTimeout='30']
SET search_path TO tenant_demo, public
[22:25:33 INF] Executed DbCommand (17ms) [Parameters=[@p2='?' (DbType = Guid), @p0='?' (DbType = DateTime), @p1='?' (DbType = Double)], CommandType='Text', CommandTimeout='30']
UPDATE "SessionProgresses" SET "UpdatedAt" = @p0, "WatchPercentage" = @p1
WHERE "Id" = @p2;
[22:25:33 INF] Executing StatusCodeResult, setting HTTP status code 204
[22:25:33 INF] Executed action MLS.API.Controllers.SessionsController.SaveVideoPosition (MLS.API) in 69.458ms
[22:25:33 INF] Executed endpoint 'MLS.API.Controllers.SessionsController.SaveVideoPosition (MLS.API)'
[22:25:33 INF] HTTP POST /api/v1/sessions/0f78b81f-a5fc-4f2a-8b72-8d718b6c0b92/video-position responded 204 in 82.8366 ms
[22:25:33 INF] Request finished HTTP/1.1 POST http://localhost:5009/api/v1/sessions/0f78b81f-a5fc-4f2a-8b72-8d718b6c0b92/video-position - 204 null null 83.2812ms
[22:25:35 INF] Executed endpoint '/hubs/video-comments'
[22:25:35 INF] HTTP GET /hubs/video-comments responded 101 in 6838.5763 ms
[22:25:35 INF] Request finished HTTP/1.1 GET http://localhost:5009/hubs/video-comments?tenant=demo&id=_uC6wca_v3p-RaAcvzOOZQ&access_token=eyJhbGciOiJIUzI1NiIsInR5cCI6IkpXVCJ9.eyJzdWIiOiI4YWM2ZjFiZi00YzZjLTQwOTgtYmRkNS1mZjdlMThkMGRkNTgiLCJlbWFpbCI6InBoYW1oaWVwLnBkaEBnbWFpbC5jb20iLCJqdGkiOiIxNGJhZTRiYS1iZTQwLTRjZDUtYWU5ZS0wNzg3NDA5NTZkNzQiLCJyb2xlIjoiU3VwZXJBZG1pbiIsInRlbmFudF9pZCI6IiIsImV4cCI6MTc3OTI5MTU2NiwiaXNzIjoibWxzLWFwaSIsImF1ZCI6Im1scy1jbGllbnRzIn0.IYIrwMtUYam6vbHQDKj3C1bdHDj7Tk00h2ceL_dQtUU - 101 null null 6838.9998ms
[22:31:10 INF] Request starting HTTP/1.1 OPTIONS http://localhost:5009/api/v1/courses?page=1&pageSize=8 - null null
[22:31:10 INF] CORS policy execution successful.
[22:31:10 INF] HTTP OPTIONS /api/v1/courses responded 204 in 0.1080 ms
[22:31:10 INF] Request finished HTTP/1.1 OPTIONS http://localhost:5009/api/v1/courses?page=1&pageSize=8 - 204 null null 0.2833ms
[22:31:10 INF] Request starting HTTP/1.1 OPTIONS http://localhost:5009/api/v1/courses/learning-levels - null null
[22:31:10 INF] Request starting HTTP/1.1 OPTIONS http://localhost:5009/api/v1/admin/system/banners/public - null null
[22:31:10 INF] CORS policy execution successful.
[22:31:10 INF] CORS policy execution successful.
[22:31:10 INF] HTTP OPTIONS /api/v1/admin/system/banners/public responded 204 in 0.0682 ms
[22:31:10 INF] HTTP OPTIONS /api/v1/courses/learning-levels responded 204 in 0.1742 ms
[22:31:10 INF] Request finished HTTP/1.1 OPTIONS http://localhost:5009/api/v1/admin/system/banners/public - 204 null null 0.2068ms
[22:31:10 INF] Request finished HTTP/1.1 OPTIONS http://localhost:5009/api/v1/courses/learning-levels - 204 null null 0.409ms
[22:31:10 INF] Request starting HTTP/1.1 GET http://localhost:5009/api/v1/courses?page=1&pageSize=8 - null null
[22:31:10 INF] CORS policy execution successful.
[22:31:10 DBG] Request tenant resolved: demo
[22:31:10 INF] Executing endpoint 'MLS.API.Controllers.CoursesController.GetCourses (MLS.API)'
[22:31:10 INF] Route matched with {action = "GetCourses", controller = "Courses"}. Executing controller action with signature System.Threading.Tasks.Task`1[Microsoft.AspNetCore.Mvc.IActionResult] GetCourses(Int32, Int32, System.Nullable`1[System.Int32], System.String, System.Threading.CancellationToken) on controller MLS.API.Controllers.CoursesController (MLS.API).
[22:31:10 INF] Request starting HTTP/1.1 GET http://localhost:5009/api/v1/courses/learning-levels - null null
[22:31:10 INF] CORS policy execution successful.
[22:31:10 DBG] Request tenant resolved: demo
[22:31:10 INF] Executing endpoint 'MLS.API.Controllers.CoursesController.GetLearningLevels (MLS.API)'
[22:31:10 INF] Route matched with {action = "GetLearningLevels", controller = "Courses"}. Executing controller action with signature System.Threading.Tasks.Task`1[Microsoft.AspNetCore.Mvc.IActionResult] GetLearningLevels(System.Threading.CancellationToken) on controller MLS.API.Controllers.CoursesController (MLS.API).
[22:31:10 INF] Request starting HTTP/1.1 GET http://localhost:5009/api/v1/admin/system/banners/public - null null
[22:31:10 INF] CORS policy execution successful.
[22:31:10 DBG] Request tenant resolved: demo
[22:31:10 INF] Executing endpoint 'MLS.API.Controllers.Admin.AdminSystemController.GetPublicBanners (MLS.API)'
[22:31:10 INF] Route matched with {action = "GetPublicBanners", controller = "AdminSystem"}. Executing controller action with signature System.Threading.Tasks.Task`1[Microsoft.AspNetCore.Mvc.IActionResult] GetPublicBanners(System.Threading.CancellationToken) on controller MLS.API.Controllers.Admin.AdminSystemController (MLS.API).
[22:31:10 INF] Executed DbCommand (2ms) [Parameters=[], CommandType='Text', CommandTimeout='30']
SELECT count(*)::int
FROM "Courses" AS c
WHERE c."Status" = 'Published' AND c."Visibility" = 'Public'
[22:31:10 INF] Executed DbCommand (4ms) [Parameters=[@p1='?' (DbType = Int32), @p='?' (DbType = Int32)], CommandType='Text', CommandTimeout='30']
SELECT c."Id", c."Title", c."Description", c."ShortDescription", c."Level", c."ThumbnailUrl", c."Slug", c."Price", c."DiscountPrice", c."IsFree", (
    SELECT count(*)::int
    FROM "CourseModules" AS c0
    WHERE c."Id" = c0."CourseId") AS "ModuleCount", (
    SELECT count(*)::int
    FROM "CourseModules" AS c1
    INNER JOIN "Sessions" AS s ON c1."Id" = s."ModuleId"
    WHERE c."Id" = c1."CourseId") AS "SessionCount"
FROM "Courses" AS c
WHERE c."Status" = 'Published' AND c."Visibility" = 'Public'
ORDER BY c."Level", c."CreatedAt"
LIMIT @p1 OFFSET @p
[22:31:10 INF] Executing OkObjectResult, writing value of type 'MLS.Application.Learning.Queries.PublicCoursesResult'.
[22:31:10 INF] Executed action MLS.API.Controllers.CoursesController.GetCourses (MLS.API) in 60.659ms
[22:31:10 INF] Executed endpoint 'MLS.API.Controllers.CoursesController.GetCourses (MLS.API)'
[22:31:10 INF] HTTP GET /api/v1/courses responded 200 in 61.3640 ms
[22:31:10 INF] Request finished HTTP/1.1 GET http://localhost:5009/api/v1/courses?page=1&pageSize=8 - 200 null application/json; charset=utf-8 61.5211ms
[22:31:10 INF] Executed DbCommand (1ms) [Parameters=[], CommandType='Text', CommandTimeout='30']
SELECT l."Id", l."Name", l."Description", l."OrderIndex", l."IsActive", l."CreatedAt"
FROM "LearningLevels" AS l
WHERE l."IsActive"
ORDER BY l."OrderIndex"
[22:31:10 INF] Executing OkObjectResult, writing value of type 'System.Collections.Generic.List`1[[MLS.Application.CMS.Courses.Queries.LearningLevelDto, MLS.Application, Version=1.0.0.0, Culture=neutral, PublicKeyToken=null]]'.
[22:31:10 INF] Executed action MLS.API.Controllers.CoursesController.GetLearningLevels (MLS.API) in 58.1731ms
[22:31:10 INF] Executed DbCommand (2ms) [Parameters=[], CommandType='Text', CommandTimeout='30']
SELECT b."Id", b."Title", b."Subtitle", b."Description", b."ImageUrl", b."LinkUrl", b."BadgeText", b."CtaText", b."BgColor", b."TextColor", b."OrderIndex", b."IsActive"
FROM "BannerSlides" AS b
WHERE b."IsActive"
ORDER BY b."OrderIndex"
[22:31:10 INF] Executed endpoint 'MLS.API.Controllers.CoursesController.GetLearningLevels (MLS.API)'
[22:31:10 INF] HTTP GET /api/v1/courses/learning-levels responded 200 in 59.0433 ms
[22:31:10 INF] Executing OkObjectResult, writing value of type 'System.Collections.Generic.List`1[[MLS.Application.Admin.System.BannerSlideDto, MLS.Application, Version=1.0.0.0, Culture=neutral, PublicKeyToken=null]]'.
[22:31:10 INF] Request finished HTTP/1.1 GET http://localhost:5009/api/v1/courses/learning-levels - 200 null application/json; charset=utf-8 59.408ms
[22:31:10 INF] Executed action MLS.API.Controllers.Admin.AdminSystemController.GetPublicBanners (MLS.API) in 57.6025ms
[22:31:10 INF] Executed endpoint 'MLS.API.Controllers.Admin.AdminSystemController.GetPublicBanners (MLS.API)'
[22:31:10 INF] HTTP GET /api/v1/admin/system/banners/public responded 200 in 58.6002 ms
[22:31:10 INF] Request finished HTTP/1.1 GET http://localhost:5009/api/v1/admin/system/banners/public - 200 null application/json; charset=utf-8 58.7588ms
[22:32:04 INF] Request starting HTTP/1.1 OPTIONS http://localhost:5009/api/v1/courses/8991e456-8acd-475f-8d70-26da5e3cb3a6 - null null
[22:32:04 INF] CORS policy execution successful.
[22:32:04 INF] HTTP OPTIONS /api/v1/courses/8991e456-8acd-475f-8d70-26da5e3cb3a6 responded 204 in 0.3208 ms
[22:32:04 INF] Request finished HTTP/1.1 OPTIONS http://localhost:5009/api/v1/courses/8991e456-8acd-475f-8d70-26da5e3cb3a6 - 204 null null 0.7649ms
[22:32:04 INF] Request starting HTTP/1.1 GET http://localhost:5009/api/v1/courses/8991e456-8acd-475f-8d70-26da5e3cb3a6 - null null
[22:32:04 INF] CORS policy execution successful.
[22:32:04 DBG] Request tenant resolved: demo
[22:32:04 INF] Executing endpoint 'MLS.API.Controllers.CoursesController.GetCourse (MLS.API)'
[22:32:04 INF] Route matched with {action = "GetCourse", controller = "Courses"}. Executing controller action with signature System.Threading.Tasks.Task`1[Microsoft.AspNetCore.Mvc.IActionResult] GetCourse(System.Guid, System.Threading.CancellationToken) on controller MLS.API.Controllers.CoursesController (MLS.API).
[22:32:04 INF] Executed DbCommand (1ms) [Parameters=[@q_CourseId='?' (DbType = Guid)], CommandType='Text', CommandTimeout='30']
SELECT c."Id", c."Title", c."Description", c."ShortDescription", c."Level", c."ThumbnailUrl", c."BannerUrl", c."Slug", c."TeacherId", c."PublishedAt", c."Price", c."DiscountPrice", c."DiscountEndsAt", c."IsFree", c."CertificateEnabled", c."Language", c."Tags", c."Outcomes", c."Requirements", c."TargetAudience"
FROM "Courses" AS c
WHERE c."Id" = @q_CourseId AND c."Status" = 'Published'
LIMIT 1
[22:32:04 INF] Executed DbCommand (6ms) [Parameters=[@q_CourseId='?' (DbType = Guid)], CommandType='Text', CommandTimeout='30']
SELECT c."Id", c."Title", c."Description", c."OrderIndex", s1."Id", s1."Title", s1."Description", s1."OrderIndex", s1."IsFreeTrial", s1."DurationSeconds", s1."SegmentCount"
FROM "CourseModules" AS c
LEFT JOIN (
    SELECT s."Id", s."Title", s."Description", s."OrderIndex", s."IsFreeTrial", s."DurationSeconds", (
        SELECT count(*)::int
        FROM "Segments" AS s0
        WHERE s."Id" = s0."SessionId") AS "SegmentCount", s."ModuleId"
    FROM "Sessions" AS s
    WHERE s."PublishStatus" = 'Published'
) AS s1 ON c."Id" = s1."ModuleId"
WHERE c."CourseId" = @q_CourseId
ORDER BY c."OrderIndex", c."Id", s1."OrderIndex"
[22:32:04 INF] Executed DbCommand (2ms) [Parameters=[@q_CourseId='?' (DbType = Guid)], CommandType='Text', CommandTimeout='30']
SELECT count(*)::int
FROM "CourseEnrollments" AS c
WHERE c."CourseId" = @q_CourseId
[22:32:04 INF] Executed DbCommand (1ms) [Parameters=[@q_CourseId='?' (DbType = Guid)], CommandType='Text', CommandTimeout='30']
SELECT count(*)::int
FROM "CourseEnrollments" AS c
WHERE c."CourseId" = @q_CourseId AND c."Source" = 'Payment'
[22:32:04 INF] Executed DbCommand (1ms) [Parameters=[@course_TeacherId_Value='?' (DbType = Guid)], CommandType='Text', CommandTimeout='30']
SELECT t."DisplayName", t."AvatarUrl", t."Slug"
FROM "TeacherProfiles" AS t
WHERE t."Id" = @course_TeacherId_Value
LIMIT 1
[22:32:04 INF] Executing OkObjectResult, writing value of type 'MLS.Application.Learning.Queries.PublicCourseDetail'.
[22:32:04 INF] Executed action MLS.API.Controllers.CoursesController.GetCourse (MLS.API) in 19.6172ms
[22:32:04 INF] Executed endpoint 'MLS.API.Controllers.CoursesController.GetCourse (MLS.API)'
[22:32:04 INF] HTTP GET /api/v1/courses/8991e456-8acd-475f-8d70-26da5e3cb3a6 responded 200 in 20.2931 ms
[22:32:04 INF] Request finished HTTP/1.1 GET http://localhost:5009/api/v1/courses/8991e456-8acd-475f-8d70-26da5e3cb3a6 - 200 null application/json; charset=utf-8 20.5089ms
[22:32:04 INF] Request starting HTTP/1.1 OPTIONS http://localhost:5009/api/v1/courses/8991e456-8acd-475f-8d70-26da5e3cb3a6/reviews/stats - null null
[22:32:04 INF] CORS policy execution successful.
[22:32:04 INF] HTTP OPTIONS /api/v1/courses/8991e456-8acd-475f-8d70-26da5e3cb3a6/reviews/stats responded 204 in 0.1043 ms
[22:32:04 INF] Request finished HTTP/1.1 OPTIONS http://localhost:5009/api/v1/courses/8991e456-8acd-475f-8d70-26da5e3cb3a6/reviews/stats - 204 null null 0.3404ms
[22:32:04 INF] Request starting HTTP/1.1 OPTIONS http://localhost:5009/api/v1/courses/8991e456-8acd-475f-8d70-26da5e3cb3a6/reviews?page=1&pageSize=5 - null null
[22:32:04 INF] CORS policy execution successful.
[22:32:04 INF] HTTP OPTIONS /api/v1/courses/8991e456-8acd-475f-8d70-26da5e3cb3a6/reviews responded 204 in 0.0476 ms
[22:32:04 INF] Request finished HTTP/1.1 OPTIONS http://localhost:5009/api/v1/courses/8991e456-8acd-475f-8d70-26da5e3cb3a6/reviews?page=1&pageSize=5 - 204 null null 0.1518ms
[22:32:04 INF] Request starting HTTP/1.1 GET http://localhost:5009/api/v1/courses/8991e456-8acd-475f-8d70-26da5e3cb3a6/reviews?page=1&pageSize=5 - null null
[22:32:04 INF] Request starting HTTP/1.1 GET http://localhost:5009/api/v1/courses/8991e456-8acd-475f-8d70-26da5e3cb3a6/reviews/stats - null null
[22:32:04 INF] CORS policy execution successful.
[22:32:04 DBG] Request tenant resolved: demo
[22:32:04 INF] Executing endpoint 'MLS.API.Controllers.CourseReviewsController.GetReviews (MLS.API)'
[22:32:04 INF] CORS policy execution successful.
[22:32:04 INF] Route matched with {action = "GetReviews", controller = "CourseReviews"}. Executing controller action with signature System.Threading.Tasks.Task`1[Microsoft.AspNetCore.Mvc.IActionResult] GetReviews(System.Guid, Int32, Int32, System.Threading.CancellationToken) on controller MLS.API.Controllers.CourseReviewsController (MLS.API).
[22:32:04 DBG] Request tenant resolved: demo
[22:32:04 INF] Executing endpoint 'MLS.API.Controllers.CourseReviewsController.GetStats (MLS.API)'
[22:32:04 INF] Route matched with {action = "GetStats", controller = "CourseReviews"}. Executing controller action with signature System.Threading.Tasks.Task`1[Microsoft.AspNetCore.Mvc.IActionResult] GetStats(System.Guid, System.Threading.CancellationToken) on controller MLS.API.Controllers.CourseReviewsController (MLS.API).
[22:32:04 INF] Executed DbCommand (1ms) [Parameters=[@q_CourseId='?' (DbType = Guid)], CommandType='Text', CommandTimeout='30']
SELECT c."Rating"
FROM "CourseReviews" AS c
WHERE c."CourseId" = @q_CourseId
[22:32:04 INF] Executed DbCommand (1ms) [Parameters=[@q_CourseId='?' (DbType = Guid)], CommandType='Text', CommandTimeout='30']
SELECT count(*)::int
FROM "CourseReviews" AS c
WHERE c."CourseId" = @q_CourseId
[22:32:04 INF] Executing OkObjectResult, writing value of type 'MLS.Application.CMS.Reviews.ReviewStatsDto'.
[22:32:04 INF] Executed action MLS.API.Controllers.CourseReviewsController.GetStats (MLS.API) in 3.2088ms
[22:32:04 INF] Executed endpoint 'MLS.API.Controllers.CourseReviewsController.GetStats (MLS.API)'
[22:32:04 INF] HTTP GET /api/v1/courses/8991e456-8acd-475f-8d70-26da5e3cb3a6/reviews/stats responded 200 in 3.5232 ms
[22:32:04 INF] Request finished HTTP/1.1 GET http://localhost:5009/api/v1/courses/8991e456-8acd-475f-8d70-26da5e3cb3a6/reviews/stats - 200 null application/json; charset=utf-8 4.631ms
[22:32:04 INF] Executed DbCommand (3ms) [Parameters=[@q_CourseId='?' (DbType = Guid), @p2='?' (DbType = Int32), @p='?' (DbType = Int32)], CommandType='Text', CommandTimeout='30']
SELECT c0."Id", c0."Content", c0."CourseId", c0."CreatedAt", c0."IsVerifiedPurchase", c0."Rating", c0."Title", c0."UpdatedAt", c0."UserId", u."Id", u."CreatedAt", u."Email", u."GoogleId", u."MoodleUserId", u."PasswordHash", u."Phone", u."Status", u."UpdatedAt", u0."Id", u0."Address", u0."AvatarUrl", u0."CreatedAt", u0."CurrentLevel", u0."DateOfBirth", u0."FullName", u0."Gender", u0."UpdatedAt", u0."UserId"
FROM (
    SELECT c."Id", c."Content", c."CourseId", c."CreatedAt", c."IsVerifiedPurchase", c."Rating", c."Title", c."UpdatedAt", c."UserId"
    FROM "CourseReviews" AS c
    WHERE c."CourseId" = @q_CourseId
    ORDER BY c."CreatedAt" DESC
    LIMIT @p2 OFFSET @p
) AS c0
INNER JOIN "Users" AS u ON c0."UserId" = u."Id"
LEFT JOIN "UserProfiles" AS u0 ON u."Id" = u0."UserId"
ORDER BY c0."CreatedAt" DESC
[22:32:04 INF] Executing OkObjectResult, writing value of type '<>f__AnonymousType9`4[[System.Collections.Generic.List`1[[MLS.Application.CMS.Reviews.ReviewDto, MLS.Application, Version=1.0.0.0, Culture=neutral, PublicKeyToken=null]], System.Private.CoreLib, Version=10.0.0.0, Culture=neutral, PublicKeyToken=7cec85d7bea7798e],[System.Int32, System.Private.CoreLib, Version=10.0.0.0, Culture=neutral, PublicKeyToken=7cec85d7bea7798e],[System.Int32, System.Private.CoreLib, Version=10.0.0.0, Culture=neutral, PublicKeyToken=7cec85d7bea7798e],[System.Int32, System.Private.CoreLib, Version=10.0.0.0, Culture=neutral, PublicKeyToken=7cec85d7bea7798e]]'.
[22:32:04 INF] Executed action MLS.API.Controllers.CourseReviewsController.GetReviews (MLS.API) in 7.3629ms
[22:32:04 INF] Executed endpoint 'MLS.API.Controllers.CourseReviewsController.GetReviews (MLS.API)'
[22:32:04 INF] HTTP GET /api/v1/courses/8991e456-8acd-475f-8d70-26da5e3cb3a6/reviews responded 200 in 7.9670 ms
[22:32:04 INF] Request finished HTTP/1.1 GET http://localhost:5009/api/v1/courses/8991e456-8acd-475f-8d70-26da5e3cb3a6/reviews?page=1&pageSize=5 - 200 null application/json; charset=utf-8 8.563ms
[22:36:01 INF] Request starting HTTP/1.1 GET http://localhost:5009/api/v1/courses/8991e456-8acd-475f-8d70-26da5e3cb3a6 - null null
[22:36:01 DBG] Request tenant resolved: demo
[22:36:01 INF] Executing endpoint 'MLS.API.Controllers.CoursesController.GetCourse (MLS.API)'
[22:36:01 INF] Route matched with {action = "GetCourse", controller = "Courses"}. Executing controller action with signature System.Threading.Tasks.Task`1[Microsoft.AspNetCore.Mvc.IActionResult] GetCourse(System.Guid, System.Threading.CancellationToken) on controller MLS.API.Controllers.CoursesController (MLS.API).
[22:36:01 INF] Executed DbCommand (1ms) [Parameters=[@q_CourseId='?' (DbType = Guid)], CommandType='Text', CommandTimeout='30']
SELECT c."Id", c."Title", c."Description", c."ShortDescription", c."Level", c."ThumbnailUrl", c."BannerUrl", c."Slug", c."TeacherId", c."PublishedAt", c."Price", c."DiscountPrice", c."DiscountEndsAt", c."IsFree", c."CertificateEnabled", c."Language", c."Tags", c."Outcomes", c."Requirements", c."TargetAudience"
FROM "Courses" AS c
WHERE c."Id" = @q_CourseId AND c."Status" = 'Published'
LIMIT 1
[22:36:01 INF] Executed DbCommand (2ms) [Parameters=[@q_CourseId='?' (DbType = Guid)], CommandType='Text', CommandTimeout='30']
SELECT c."Id", c."Title", c."Description", c."OrderIndex", s1."Id", s1."Title", s1."Description", s1."OrderIndex", s1."IsFreeTrial", s1."DurationSeconds", s1."SegmentCount"
FROM "CourseModules" AS c
LEFT JOIN (
    SELECT s."Id", s."Title", s."Description", s."OrderIndex", s."IsFreeTrial", s."DurationSeconds", (
        SELECT count(*)::int
        FROM "Segments" AS s0
        WHERE s."Id" = s0."SessionId") AS "SegmentCount", s."ModuleId"
    FROM "Sessions" AS s
    WHERE s."PublishStatus" = 'Published'
) AS s1 ON c."Id" = s1."ModuleId"
WHERE c."CourseId" = @q_CourseId
ORDER BY c."OrderIndex", c."Id", s1."OrderIndex"
[22:36:01 INF] Executed DbCommand (1ms) [Parameters=[@q_CourseId='?' (DbType = Guid)], CommandType='Text', CommandTimeout='30']
SELECT count(*)::int
FROM "CourseEnrollments" AS c
WHERE c."CourseId" = @q_CourseId
[22:36:01 INF] Executed DbCommand (1ms) [Parameters=[@q_CourseId='?' (DbType = Guid)], CommandType='Text', CommandTimeout='30']
SELECT count(*)::int
FROM "CourseEnrollments" AS c
WHERE c."CourseId" = @q_CourseId AND c."Source" = 'Payment'
[22:36:01 INF] Executed DbCommand (1ms) [Parameters=[@course_TeacherId_Value='?' (DbType = Guid)], CommandType='Text', CommandTimeout='30']
SELECT t."DisplayName", t."AvatarUrl", t."Slug"
FROM "TeacherProfiles" AS t
WHERE t."Id" = @course_TeacherId_Value
LIMIT 1
[22:36:01 INF] Executing OkObjectResult, writing value of type 'MLS.Application.Learning.Queries.PublicCourseDetail'.
[22:36:01 INF] Executed action MLS.API.Controllers.CoursesController.GetCourse (MLS.API) in 10.1692ms
[22:36:01 INF] Executed endpoint 'MLS.API.Controllers.CoursesController.GetCourse (MLS.API)'
[22:36:01 INF] HTTP GET /api/v1/courses/8991e456-8acd-475f-8d70-26da5e3cb3a6 responded 200 in 10.6931 ms
[22:36:01 INF] Request finished HTTP/1.1 GET http://localhost:5009/api/v1/courses/8991e456-8acd-475f-8d70-26da5e3cb3a6 - 200 null application/json; charset=utf-8 10.9692ms
[22:36:10 INF] Request starting HTTP/1.1 OPTIONS http://localhost:5009/api/v1/courses?page=1&pageSize=30 - null null
[22:36:10 INF] CORS policy execution successful.
[22:36:10 INF] HTTP OPTIONS /api/v1/courses responded 204 in 0.1337 ms
[22:36:10 INF] Request finished HTTP/1.1 OPTIONS http://localhost:5009/api/v1/courses?page=1&pageSize=30 - 204 null null 0.3281ms
[22:36:10 INF] Request starting HTTP/1.1 OPTIONS http://localhost:5009/api/v1/courses?page=1&pageSize=6 - null null
[22:36:10 INF] Request starting HTTP/1.1 OPTIONS http://localhost:5009/api/v1/teachers?page=1&pageSize=8 - null null
[22:36:10 INF] CORS policy execution successful.
[22:36:10 INF] CORS policy execution successful.
[22:36:10 INF] HTTP OPTIONS /api/v1/teachers responded 204 in 0.1046 ms
[22:36:10 INF] HTTP OPTIONS /api/v1/courses responded 204 in 0.1352 ms
[22:36:10 INF] Request finished HTTP/1.1 OPTIONS http://localhost:5009/api/v1/courses?page=1&pageSize=6 - 204 null null 0.4116ms
[22:36:10 INF] Request finished HTTP/1.1 OPTIONS http://localhost:5009/api/v1/teachers?page=1&pageSize=8 - 204 null null 0.3676ms
[22:36:10 INF] Request starting HTTP/1.1 GET http://localhost:5009/api/v1/courses?page=1&pageSize=30 - null null
[22:36:10 INF] Request starting HTTP/1.1 GET http://localhost:5009/api/v1/teachers?page=1&pageSize=8 - null null
[22:36:10 INF] Request starting HTTP/1.1 GET http://localhost:5009/api/v1/courses?page=1&pageSize=6 - null null
[22:36:10 INF] CORS policy execution successful.
[22:36:10 INF] CORS policy execution successful.
[22:36:10 INF] CORS policy execution successful.
[22:36:10 DBG] Request tenant resolved: demo
[22:36:10 DBG] Request tenant resolved: demo
[22:36:10 DBG] Request tenant resolved: demo
[22:36:10 INF] Executing endpoint 'MLS.API.Controllers.CoursesController.GetCourses (MLS.API)'
[22:36:10 INF] Executing endpoint 'MLS.API.Controllers.TeachersController.GetList (MLS.API)'
[22:36:10 INF] Executing endpoint 'MLS.API.Controllers.CoursesController.GetCourses (MLS.API)'
[22:36:10 INF] Route matched with {action = "GetCourses", controller = "Courses"}. Executing controller action with signature System.Threading.Tasks.Task`1[Microsoft.AspNetCore.Mvc.IActionResult] GetCourses(Int32, Int32, System.Nullable`1[System.Int32], System.String, System.Threading.CancellationToken) on controller MLS.API.Controllers.CoursesController (MLS.API).
[22:36:10 INF] Route matched with {action = "GetCourses", controller = "Courses"}. Executing controller action with signature System.Threading.Tasks.Task`1[Microsoft.AspNetCore.Mvc.IActionResult] GetCourses(Int32, Int32, System.Nullable`1[System.Int32], System.String, System.Threading.CancellationToken) on controller MLS.API.Controllers.CoursesController (MLS.API).
[22:36:10 INF] Executed DbCommand (1ms) [Parameters=[], CommandType='Text', CommandTimeout='30']
SELECT count(*)::int
FROM "Courses" AS c
WHERE c."Status" = 'Published' AND c."Visibility" = 'Public'
[22:36:10 INF] Executed DbCommand (1ms) [Parameters=[], CommandType='Text', CommandTimeout='30']
SELECT count(*)::int
FROM "Courses" AS c
WHERE c."Status" = 'Published' AND c."Visibility" = 'Public'
[22:36:10 INF] Executed DbCommand (1ms) [Parameters=[@p1='?' (DbType = Int32), @p='?' (DbType = Int32)], CommandType='Text', CommandTimeout='30']
SELECT c."Id", c."Title", c."Description", c."ShortDescription", c."Level", c."ThumbnailUrl", c."Slug", c."Price", c."DiscountPrice", c."IsFree", (
    SELECT count(*)::int
    FROM "CourseModules" AS c0
    WHERE c."Id" = c0."CourseId") AS "ModuleCount", (
    SELECT count(*)::int
    FROM "CourseModules" AS c1
    INNER JOIN "Sessions" AS s ON c1."Id" = s."ModuleId"
    WHERE c."Id" = c1."CourseId") AS "SessionCount"
FROM "Courses" AS c
WHERE c."Status" = 'Published' AND c."Visibility" = 'Public'
ORDER BY c."Level", c."CreatedAt"
LIMIT @p1 OFFSET @p
[22:36:10 INF] Executed DbCommand (2ms) [Parameters=[@p1='?' (DbType = Int32), @p='?' (DbType = Int32)], CommandType='Text', CommandTimeout='30']
SELECT c."Id", c."Title", c."Description", c."ShortDescription", c."Level", c."ThumbnailUrl", c."Slug", c."Price", c."DiscountPrice", c."IsFree", (
    SELECT count(*)::int
    FROM "CourseModules" AS c0
    WHERE c."Id" = c0."CourseId") AS "ModuleCount", (
    SELECT count(*)::int
    FROM "CourseModules" AS c1
    INNER JOIN "Sessions" AS s ON c1."Id" = s."ModuleId"
    WHERE c."Id" = c1."CourseId") AS "SessionCount"
FROM "Courses" AS c
WHERE c."Status" = 'Published' AND c."Visibility" = 'Public'
ORDER BY c."Level", c."CreatedAt"
LIMIT @p1 OFFSET @p
[22:36:10 INF] Executed DbCommand (1ms) [Parameters=[@uid='?' (DbType = Guid), @Select='?' (DbType = Object)], CommandType='Text', CommandTimeout='30']
SELECT c."CourseId"
FROM "CourseEnrollments" AS c
WHERE c."UserId" = @uid AND c."CourseId" = ANY (@Select)
[22:36:10 INF] Executed DbCommand (1ms) [Parameters=[@uid='?' (DbType = Guid), @Select='?' (DbType = Object)], CommandType='Text', CommandTimeout='30']
SELECT c."CourseId"
FROM "CourseEnrollments" AS c
WHERE c."UserId" = @uid AND c."CourseId" = ANY (@Select)
[22:36:10 INF] Executing OkObjectResult, writing value of type 'MLS.Application.Learning.Queries.PublicCoursesResult'.
[22:36:10 INF] Executing OkObjectResult, writing value of type 'MLS.Application.Learning.Queries.PublicCoursesResult'.
[22:36:10 INF] Executed action MLS.API.Controllers.CoursesController.GetCourses (MLS.API) in 6.9888ms
[22:36:10 INF] Executed action MLS.API.Controllers.CoursesController.GetCourses (MLS.API) in 6.9791ms
[22:36:10 INF] Executed endpoint 'MLS.API.Controllers.CoursesController.GetCourses (MLS.API)'
[22:36:10 INF] Executed endpoint 'MLS.API.Controllers.CoursesController.GetCourses (MLS.API)'
[22:36:10 INF] HTTP GET /api/v1/courses responded 200 in 7.8923 ms
[22:36:10 INF] HTTP GET /api/v1/courses responded 200 in 8.1424 ms
[22:36:10 INF] Request finished HTTP/1.1 GET http://localhost:5009/api/v1/courses?page=1&pageSize=30 - 200 null application/json; charset=utf-8 8.4244ms
[22:36:10 INF] Request finished HTTP/1.1 GET http://localhost:5009/api/v1/courses?page=1&pageSize=6 - 200 null application/json; charset=utf-8 8.2261ms
[22:36:10 INF] Route matched with {action = "GetList", controller = "Teachers"}. Executing controller action with signature System.Threading.Tasks.Task`1[Microsoft.AspNetCore.Mvc.IActionResult] GetList(Int32, Int32, System.Threading.CancellationToken) on controller MLS.API.Controllers.TeachersController (MLS.API).
[22:36:10 INF] Executed DbCommand (2ms) [Parameters=[@p1='?' (DbType = Int32), @p='?' (DbType = Int32)], CommandType='Text', CommandTimeout='30']
SELECT u2."Id", u2."Email", u1."FullName" AS "ProfileFullName", u1."AvatarUrl" AS "ProfileAvatarUrl"
FROM (
    SELECT u."Id", u."CreatedAt", u."Email"
    FROM "Users" AS u
    WHERE EXISTS (
        SELECT 1
        FROM "UserRoles" AS u0
        INNER JOIN "Roles" AS r ON u0."RoleId" = r."Id"
        WHERE u."Id" = u0."UserId" AND r."Name" = 'Teacher') AND u."Status" = 'Active'
    ORDER BY u."CreatedAt"
    LIMIT @p1 OFFSET @p
) AS u2
LEFT JOIN "UserProfiles" AS u1 ON u2."Id" = u1."UserId"
ORDER BY u2."CreatedAt"
[22:36:10 INF] Executed DbCommand (1ms) [Parameters=[@userIds='?' (DbType = Object)], CommandType='Text', CommandTimeout='30']
SELECT t."Id", t."AvatarUrl", t."Bio", t."CourseCount", t."CoverUrl", t."CreatedAt", t."DisplayName", t."ExperienceYears", t."FacebookUrl", t."FollowerCount", t."Headline", t."IsPublic", t."IsVerified", t."RatingAverage", t."Slug", t."Specialization", t."TiktokUrl", t."TotalStudents", t."TotalViews", t."UpdatedAt", t."UserId", t."WebsiteUrl", t."YoutubeUrl"
FROM "TeacherProfiles" AS t
WHERE t."UserId" = ANY (@userIds)
[22:36:10 INF] Executing OkObjectResult, writing value of type 'System.Collections.Generic.List`1[[MLS.Application.Teacher.Queries.TeacherProfileDto, MLS.Application, Version=1.0.0.0, Culture=neutral, PublicKeyToken=null]]'.
[22:36:10 INF] Executed action MLS.API.Controllers.TeachersController.GetList (MLS.API) in 47.3749ms
[22:36:10 INF] Executed endpoint 'MLS.API.Controllers.TeachersController.GetList (MLS.API)'
[22:36:10 INF] HTTP GET /api/v1/teachers responded 200 in 60.1090 ms
[22:36:10 INF] Request finished HTTP/1.1 GET http://localhost:5009/api/v1/teachers?page=1&pageSize=8 - 200 null application/json; charset=utf-8 60.4035ms
[22:36:10 INF] Request starting HTTP/1.1 GET http://localhost:5009/media/demo/thumbnails/thumb_dc19fcf6438043ef95a4cf23619d290f.png - null null
[22:36:10 INF] Request starting HTTP/1.1 GET http://localhost:5009/media/demo/thumbnails/thumb_9211f1879719460b979576adce00ac79.png - null null
[22:36:10 INF] Request starting HTTP/1.1 GET http://localhost:5009/media/demo/thumbnails/thumb_1cb42309f86a43f8a1846ed7dcbc32c3.png - null null
[22:36:10 INF] Request starting HTTP/1.1 OPTIONS http://localhost:5009/api/v1/courses/sessions/0f78b81f-a5fc-4f2a-8b72-8d718b6c0b92 - null null
[22:36:10 INF] CORS policy execution successful.
[22:36:10 INF] HTTP OPTIONS /api/v1/courses/sessions/0f78b81f-a5fc-4f2a-8b72-8d718b6c0b92 responded 204 in 0.0910 ms
[22:36:10 INF] Request finished HTTP/1.1 OPTIONS http://localhost:5009/api/v1/courses/sessions/0f78b81f-a5fc-4f2a-8b72-8d718b6c0b92 - 204 null null 0.2859ms
[22:36:10 INF] The file /demo/thumbnails/thumb_9211f1879719460b979576adce00ac79.png was not modified
[22:36:10 INF] The file /demo/thumbnails/thumb_dc19fcf6438043ef95a4cf23619d290f.png was not modified
[22:36:10 INF] The file /demo/thumbnails/thumb_1cb42309f86a43f8a1846ed7dcbc32c3.png was not modified
[22:36:10 INF] HTTP GET /media/demo/thumbnails/thumb_9211f1879719460b979576adce00ac79.png responded 304 in 3.5900 ms
[22:36:10 INF] HTTP GET /media/demo/thumbnails/thumb_1cb42309f86a43f8a1846ed7dcbc32c3.png responded 304 in 3.4292 ms
[22:36:10 INF] HTTP GET /media/demo/thumbnails/thumb_dc19fcf6438043ef95a4cf23619d290f.png responded 304 in 3.7709 ms
[22:36:10 INF] Request starting HTTP/1.1 GET http://localhost:5009/api/v1/courses/sessions/0f78b81f-a5fc-4f2a-8b72-8d718b6c0b92 - null null
[22:36:10 INF] Request finished HTTP/1.1 GET http://localhost:5009/media/demo/thumbnails/thumb_9211f1879719460b979576adce00ac79.png - 304 null image/png 3.7473ms
[22:36:10 INF] Request finished HTTP/1.1 GET http://localhost:5009/media/demo/thumbnails/thumb_dc19fcf6438043ef95a4cf23619d290f.png - 304 null image/png 3.9614ms
[22:36:10 INF] Request finished HTTP/1.1 GET http://localhost:5009/media/demo/thumbnails/thumb_1cb42309f86a43f8a1846ed7dcbc32c3.png - 304 null image/png 3.6268ms
[22:36:10 INF] CORS policy execution successful.
[22:36:10 DBG] Request tenant resolved: demo
[22:36:10 INF] Executing endpoint 'MLS.API.Controllers.CoursesController.GetSession (MLS.API)'
[22:36:10 INF] Route matched with {action = "GetSession", controller = "Courses"}. Executing controller action with signature System.Threading.Tasks.Task`1[Microsoft.AspNetCore.Mvc.IActionResult] GetSession(System.Guid, System.Threading.CancellationToken) on controller MLS.API.Controllers.CoursesController (MLS.API).
[22:36:10 INF] Executed DbCommand (4ms) [Parameters=[@request_SessionId='?' (DbType = Guid)], CommandType='Text', CommandTimeout='30']
SELECT s2."Id", s2."AudioUrl", s2."Content", s2."CreatedAt", s2."Description", s2."DocumentUrl", s2."DurationMinutes", s2."DurationSeconds", s2."IsFreeTrial", s2."ModuleId", s2."OrderIndex", s2."PassScore", s2."PublishStatus", s2."SessionType", s2."ThumbnailUrl", s2."Title", s2."Transcript", s2."UpdatedAt", s2."VideoAssetId", s2."Id0", s2."CreatedAt0", s2."DurationSeconds0", s2."HlsPath", s2."OriginalFileName", s2."SessionId", s2."SizeBytes", s2."Status", s2."ThumbnailUrl0", s2."UpdatedAt0", s3."Id", s3."CreatedAt", s3."Description", s3."EndTime", s3."OrderIndex", s3."SessionId", s3."StartTime", s3."Title", s3."UpdatedAt", s3."Id0", s3."CreatedAt0", s3."Description0", s3."EndTime0", s3."IsPublic", s3."Metadata", s3."OrderIndex0", s3."SegmentId", s3."StartTime0", s3."Title0", s3."Type", s3."UpdatedAt0"
FROM (
    SELECT s."Id", s."AudioUrl", s."Content", s."CreatedAt", s."Description", s."DocumentUrl", s."DurationMinutes", s."DurationSeconds", s."IsFreeTrial", s."ModuleId", s."OrderIndex", s."PassScore", s."PublishStatus", s."SessionType", s."ThumbnailUrl", s."Title", s."Transcript", s."UpdatedAt", s."VideoAssetId", s0."Id" AS "Id0", s0."CreatedAt" AS "CreatedAt0", s0."DurationSeconds" AS "DurationSeconds0", s0."HlsPath", s0."OriginalFileName", s0."SessionId", s0."SizeBytes", s0."Status", s0."ThumbnailUrl" AS "ThumbnailUrl0", s0."UpdatedAt" AS "UpdatedAt0"
    FROM "Sessions" AS s
    LEFT JOIN "SessionVideoAssets" AS s0 ON s."Id" = s0."SessionId"
    WHERE s."Id" = @request_SessionId
    LIMIT 1
) AS s2
LEFT JOIN (
    SELECT s1."Id", s1."CreatedAt", s1."Description", s1."EndTime", s1."OrderIndex", s1."SessionId", s1."StartTime", s1."Title", s1."UpdatedAt", l."Id" AS "Id0", l."CreatedAt" AS "CreatedAt0", l."Description" AS "Description0", l."EndTime" AS "EndTime0", l."IsPublic", l."Metadata", l."OrderIndex" AS "OrderIndex0", l."SegmentId", l."StartTime" AS "StartTime0", l."Title" AS "Title0", l."Type", l."UpdatedAt" AS "UpdatedAt0"
    FROM "Segments" AS s1
    LEFT JOIN "LearningAssets" AS l ON s1."Id" = l."SegmentId"
) AS s3 ON s2."Id" = s3."SessionId"
ORDER BY s2."Id", s2."Id0", s3."OrderIndex", s3."Id", s3."OrderIndex0"
[22:36:10 INF] Executed DbCommand (1ms) [Parameters=[@_8__locals1_request_UserId_Value='?' (DbType = Guid), @segmentIds='?' (DbType = Object)], CommandType='Text', CommandTimeout='30']
SELECT s."Id", s."CompletedAt", s."CreatedAt", s."IsCompleted", s."IsViewed", s."SegmentId", s."UpdatedAt", s."UserId", s."ViewedAt"
FROM "SegmentProgresses" AS s
WHERE s."UserId" = @_8__locals1_request_UserId_Value AND s."SegmentId" = ANY (@segmentIds)
[22:36:10 INF] Executed DbCommand (2ms) [Parameters=[@_8__locals1_request_UserId_Value='?' (DbType = Guid), @_8__locals1_request_SessionId='?' (DbType = Guid)], CommandType='Text', CommandTimeout='30']
SELECT s."Id", s."CompletedAt", s."CreatedAt", s."LastPositionSeconds", s."SessionId", s."Status", s."UpdatedAt", s."UserId", s."WatchPercentage", s."WatchedSeconds"
FROM "SessionProgresses" AS s
WHERE s."UserId" = @_8__locals1_request_UserId_Value AND s."SessionId" = @_8__locals1_request_SessionId
LIMIT 1
[22:36:10 INF] Executing OkObjectResult, writing value of type 'MLS.Application.Learning.Queries.SessionLearningDto'.
[22:36:10 INF] Executed action MLS.API.Controllers.CoursesController.GetSession (MLS.API) in 13.8137ms
[22:36:10 INF] Executed endpoint 'MLS.API.Controllers.CoursesController.GetSession (MLS.API)'
[22:36:10 INF] HTTP GET /api/v1/courses/sessions/0f78b81f-a5fc-4f2a-8b72-8d718b6c0b92 responded 200 in 29.1866 ms
[22:36:10 INF] Request finished HTTP/1.1 GET http://localhost:5009/api/v1/courses/sessions/0f78b81f-a5fc-4f2a-8b72-8d718b6c0b92 - 200 null application/json; charset=utf-8 29.4835ms
[22:36:10 INF] Request starting HTTP/1.1 GET http://localhost:5009/media/demo/avatars/ef5eb2b9-c497-4eb1-b9f7-28bcbf409516.png - null null
[22:36:10 INF] Request starting HTTP/1.1 GET http://localhost:5009/media/demo/avatars/f9998ee2-c67a-4ec5-a049-73da6c1098e7.png - null null
[22:36:10 INF] Request starting HTTP/1.1 GET http://localhost:5009/media/demo/avatars/1a97e190-4e22-4d00-8c29-9301abaafa3a.png - null null
[22:36:10 INF] The file /demo/avatars/ef5eb2b9-c497-4eb1-b9f7-28bcbf409516.png was not modified
[22:36:10 INF] The file /demo/avatars/f9998ee2-c67a-4ec5-a049-73da6c1098e7.png was not modified
[22:36:10 INF] Request starting HTTP/1.1 GET http://localhost:5009/media/demo/avatars/b0bd59b0-81fa-465e-894f-9e0f26e2881c.png - null null
[22:36:10 INF] HTTP GET /media/demo/avatars/ef5eb2b9-c497-4eb1-b9f7-28bcbf409516.png responded 304 in 0.3480 ms
[22:36:10 INF] HTTP GET /media/demo/avatars/f9998ee2-c67a-4ec5-a049-73da6c1098e7.png responded 304 in 0.2622 ms
[22:36:10 INF] Request finished HTTP/1.1 GET http://localhost:5009/media/demo/avatars/ef5eb2b9-c497-4eb1-b9f7-28bcbf409516.png - 304 null image/png 0.5143ms
[22:36:10 INF] Request finished HTTP/1.1 GET http://localhost:5009/media/demo/avatars/f9998ee2-c67a-4ec5-a049-73da6c1098e7.png - 304 null image/png 0.3414ms
[22:36:10 INF] The file /demo/avatars/1a97e190-4e22-4d00-8c29-9301abaafa3a.png was not modified
[22:36:10 INF] The file /demo/avatars/b0bd59b0-81fa-465e-894f-9e0f26e2881c.png was not modified
[22:36:10 INF] HTTP GET /media/demo/avatars/1a97e190-4e22-4d00-8c29-9301abaafa3a.png responded 304 in 0.1293 ms
[22:36:10 INF] HTTP GET /media/demo/avatars/b0bd59b0-81fa-465e-894f-9e0f26e2881c.png responded 304 in 0.1375 ms
[22:36:10 INF] Request finished HTTP/1.1 GET http://localhost:5009/media/demo/avatars/b0bd59b0-81fa-465e-894f-9e0f26e2881c.png - 304 null image/png 0.2221ms
[22:36:10 INF] Request finished HTTP/1.1 GET http://localhost:5009/media/demo/avatars/1a97e190-4e22-4d00-8c29-9301abaafa3a.png - 304 null image/png 0.313ms
[22:36:10 INF] Request starting HTTP/1.1 GET http://localhost:5009/media/demo/session-videos/a1000001-0000-0000-0000-000000000001.mp4 - null null
[22:36:10 INF] Sending ["bytes 3358720-22413311/50030405"] of file D:\MLSMedia\demo\session-videos\a1000001-0000-0000-0000-000000000001.mp4
[22:36:16 INF] Request starting HTTP/1.1 OPTIONS http://localhost:5009/api/v1/courses?page=1&pageSize=8 - null null
[22:36:16 INF] CORS policy execution successful.
[22:36:16 INF] HTTP OPTIONS /api/v1/courses responded 204 in 0.0869 ms
[22:36:16 INF] Request finished HTTP/1.1 OPTIONS http://localhost:5009/api/v1/courses?page=1&pageSize=8 - 204 null null 0.2923ms
[22:36:16 INF] Request starting HTTP/1.1 OPTIONS http://localhost:5009/api/v1/courses/learning-levels - null null
[22:36:16 INF] CORS policy execution successful.
[22:36:16 INF] Request starting HTTP/1.1 OPTIONS http://localhost:5009/api/v1/admin/system/banners/public - null null
[22:36:16 INF] CORS policy execution successful.
[22:36:16 INF] HTTP OPTIONS /api/v1/admin/system/banners/public responded 204 in 0.0502 ms
[22:36:16 INF] HTTP OPTIONS /api/v1/courses/learning-levels responded 204 in 0.0559 ms
[22:36:16 INF] Request finished HTTP/1.1 OPTIONS http://localhost:5009/api/v1/admin/system/banners/public - 204 null null 0.1675ms
[22:36:16 INF] Request finished HTTP/1.1 OPTIONS http://localhost:5009/api/v1/courses/learning-levels - 204 null null 0.2862ms
[22:36:16 INF] Request starting HTTP/1.1 GET http://localhost:5009/api/v1/courses?page=1&pageSize=8 - null null
[22:36:16 INF] Request starting HTTP/1.1 GET http://localhost:5009/api/v1/courses/learning-levels - null null
[22:36:16 INF] CORS policy execution successful.
[22:36:16 INF] Request starting HTTP/1.1 GET http://localhost:5009/api/v1/admin/system/banners/public - null null
[22:36:16 DBG] Request tenant resolved: demo
[22:36:16 INF] CORS policy execution successful.
[22:36:16 INF] CORS policy execution successful.
[22:36:16 DBG] Request tenant resolved: demo
[22:36:16 DBG] Request tenant resolved: demo
[22:36:16 INF] Executing endpoint 'MLS.API.Controllers.CoursesController.GetLearningLevels (MLS.API)'
[22:36:16 INF] Executing endpoint 'MLS.API.Controllers.CoursesController.GetCourses (MLS.API)'
[22:36:16 INF] Executing endpoint 'MLS.API.Controllers.Admin.AdminSystemController.GetPublicBanners (MLS.API)'
[22:36:16 INF] Route matched with {action = "GetLearningLevels", controller = "Courses"}. Executing controller action with signature System.Threading.Tasks.Task`1[Microsoft.AspNetCore.Mvc.IActionResult] GetLearningLevels(System.Threading.CancellationToken) on controller MLS.API.Controllers.CoursesController (MLS.API).
[22:36:16 INF] Route matched with {action = "GetCourses", controller = "Courses"}. Executing controller action with signature System.Threading.Tasks.Task`1[Microsoft.AspNetCore.Mvc.IActionResult] GetCourses(Int32, Int32, System.Nullable`1[System.Int32], System.String, System.Threading.CancellationToken) on controller MLS.API.Controllers.CoursesController (MLS.API).
[22:36:16 INF] Route matched with {action = "GetPublicBanners", controller = "AdminSystem"}. Executing controller action with signature System.Threading.Tasks.Task`1[Microsoft.AspNetCore.Mvc.IActionResult] GetPublicBanners(System.Threading.CancellationToken) on controller MLS.API.Controllers.Admin.AdminSystemController (MLS.API).
[22:36:16 INF] Executed DbCommand (2ms) [Parameters=[], CommandType='Text', CommandTimeout='30']
SELECT b."Id", b."Title", b."Subtitle", b."Description", b."ImageUrl", b."LinkUrl", b."BadgeText", b."CtaText", b."BgColor", b."TextColor", b."OrderIndex", b."IsActive"
FROM "BannerSlides" AS b
WHERE b."IsActive"
ORDER BY b."OrderIndex"
[22:36:16 INF] Executing OkObjectResult, writing value of type 'System.Collections.Generic.List`1[[MLS.Application.Admin.System.BannerSlideDto, MLS.Application, Version=1.0.0.0, Culture=neutral, PublicKeyToken=null]]'.
[22:36:16 INF] Executed action MLS.API.Controllers.Admin.AdminSystemController.GetPublicBanners (MLS.API) in 49.8641ms
[22:36:16 INF] Executed endpoint 'MLS.API.Controllers.Admin.AdminSystemController.GetPublicBanners (MLS.API)'
[22:36:16 INF] HTTP GET /api/v1/admin/system/banners/public responded 200 in 50.7042 ms
[22:36:16 INF] Request finished HTTP/1.1 GET http://localhost:5009/api/v1/admin/system/banners/public - 200 null application/json; charset=utf-8 51.0112ms
[22:36:16 INF] Executed DbCommand (1ms) [Parameters=[], CommandType='Text', CommandTimeout='30']
SELECT count(*)::int
FROM "Courses" AS c
WHERE c."Status" = 'Published' AND c."Visibility" = 'Public'
[22:36:16 INF] Executed DbCommand (2ms) [Parameters=[], CommandType='Text', CommandTimeout='30']
SELECT l."Id", l."Name", l."Description", l."OrderIndex", l."IsActive", l."CreatedAt"
FROM "LearningLevels" AS l
WHERE l."IsActive"
ORDER BY l."OrderIndex"
[22:36:16 INF] Executing OkObjectResult, writing value of type 'System.Collections.Generic.List`1[[MLS.Application.CMS.Courses.Queries.LearningLevelDto, MLS.Application, Version=1.0.0.0, Culture=neutral, PublicKeyToken=null]]'.
[22:36:16 INF] Executed action MLS.API.Controllers.CoursesController.GetLearningLevels (MLS.API) in 60.9283ms
[22:36:16 INF] Executed endpoint 'MLS.API.Controllers.CoursesController.GetLearningLevels (MLS.API)'
[22:36:16 INF] HTTP GET /api/v1/courses/learning-levels responded 200 in 61.9000 ms
[22:36:16 INF] Request finished HTTP/1.1 GET http://localhost:5009/api/v1/courses/learning-levels - 200 null application/json; charset=utf-8 62.0601ms
[22:36:16 INF] Executed DbCommand (4ms) [Parameters=[@p1='?' (DbType = Int32), @p='?' (DbType = Int32)], CommandType='Text', CommandTimeout='30']
SELECT c."Id", c."Title", c."Description", c."ShortDescription", c."Level", c."ThumbnailUrl", c."Slug", c."Price", c."DiscountPrice", c."IsFree", (
    SELECT count(*)::int
    FROM "CourseModules" AS c0
    WHERE c."Id" = c0."CourseId") AS "ModuleCount", (
    SELECT count(*)::int
    FROM "CourseModules" AS c1
    INNER JOIN "Sessions" AS s ON c1."Id" = s."ModuleId"
    WHERE c."Id" = c1."CourseId") AS "SessionCount"
FROM "Courses" AS c
WHERE c."Status" = 'Published' AND c."Visibility" = 'Public'
ORDER BY c."Level", c."CreatedAt"
LIMIT @p1 OFFSET @p
[22:36:16 INF] Executed DbCommand (2ms) [Parameters=[@uid='?' (DbType = Guid), @Select='?' (DbType = Object)], CommandType='Text', CommandTimeout='30']
SELECT c."CourseId"
FROM "CourseEnrollments" AS c
WHERE c."UserId" = @uid AND c."CourseId" = ANY (@Select)
[22:36:16 INF] Executing OkObjectResult, writing value of type 'MLS.Application.Learning.Queries.PublicCoursesResult'.
[22:36:16 INF] Executed action MLS.API.Controllers.CoursesController.GetCourses (MLS.API) in 68.651ms
[22:36:16 INF] Executed endpoint 'MLS.API.Controllers.CoursesController.GetCourses (MLS.API)'
[22:36:16 INF] HTTP GET /api/v1/courses responded 200 in 69.9625 ms
[22:36:16 INF] Request finished HTTP/1.1 GET http://localhost:5009/api/v1/courses?page=1&pageSize=8 - 200 null application/json; charset=utf-8 70.187ms
[22:36:20 INF] HTTP GET /media/demo/session-videos/a1000001-0000-0000-0000-000000000001.mp4 responded 206 in 10169.3673 ms
[22:36:20 INF] Request finished HTTP/1.1 GET http://localhost:5009/media/demo/session-videos/a1000001-0000-0000-0000-000000000001.mp4 - 206 19054592 video/mp4 10170.3419ms
[22:39:01 INF] Request starting HTTP/1.1 OPTIONS http://localhost:5009/api/v1/courses/8991e456-8acd-475f-8d70-26da5e3cb3a6 - null null
[22:39:01 INF] CORS policy execution successful.
[22:39:01 INF] HTTP OPTIONS /api/v1/courses/8991e456-8acd-475f-8d70-26da5e3cb3a6 responded 204 in 0.1371 ms
[22:39:01 INF] Request finished HTTP/1.1 OPTIONS http://localhost:5009/api/v1/courses/8991e456-8acd-475f-8d70-26da5e3cb3a6 - 204 null null 0.4226ms
[22:39:01 INF] Request starting HTTP/1.1 GET http://localhost:5009/api/v1/courses/8991e456-8acd-475f-8d70-26da5e3cb3a6 - null null
[22:39:01 INF] CORS policy execution successful.
[22:39:01 DBG] Request tenant resolved: demo
[22:39:01 INF] Executing endpoint 'MLS.API.Controllers.CoursesController.GetCourse (MLS.API)'
[22:39:01 INF] Route matched with {action = "GetCourse", controller = "Courses"}. Executing controller action with signature System.Threading.Tasks.Task`1[Microsoft.AspNetCore.Mvc.IActionResult] GetCourse(System.Guid, System.Threading.CancellationToken) on controller MLS.API.Controllers.CoursesController (MLS.API).
[22:39:01 INF] Executed DbCommand (3ms) [Parameters=[@q_CourseId='?' (DbType = Guid)], CommandType='Text', CommandTimeout='30']
SELECT c."Id", c."Title", c."Description", c."ShortDescription", c."Level", c."ThumbnailUrl", c."BannerUrl", c."Slug", c."TeacherId", c."PublishedAt", c."Price", c."DiscountPrice", c."DiscountEndsAt", c."IsFree", c."CertificateEnabled", c."Language", c."Tags", c."Outcomes", c."Requirements", c."TargetAudience"
FROM "Courses" AS c
WHERE c."Id" = @q_CourseId AND c."Status" = 'Published'
LIMIT 1
[22:39:01 INF] Executed DbCommand (3ms) [Parameters=[@q_CourseId='?' (DbType = Guid)], CommandType='Text', CommandTimeout='30']
SELECT c."Id", c."Title", c."Description", c."OrderIndex", s1."Id", s1."Title", s1."Description", s1."OrderIndex", s1."IsFreeTrial", s1."DurationSeconds", s1."SegmentCount"
FROM "CourseModules" AS c
LEFT JOIN (
    SELECT s."Id", s."Title", s."Description", s."OrderIndex", s."IsFreeTrial", s."DurationSeconds", (
        SELECT count(*)::int
        FROM "Segments" AS s0
        WHERE s."Id" = s0."SessionId") AS "SegmentCount", s."ModuleId"
    FROM "Sessions" AS s
    WHERE s."PublishStatus" = 'Published'
) AS s1 ON c."Id" = s1."ModuleId"
WHERE c."CourseId" = @q_CourseId
ORDER BY c."OrderIndex", c."Id", s1."OrderIndex"
[22:39:01 INF] Executed DbCommand (1ms) [Parameters=[@q_CourseId='?' (DbType = Guid)], CommandType='Text', CommandTimeout='30']
SELECT count(*)::int
FROM "CourseEnrollments" AS c
WHERE c."CourseId" = @q_CourseId
[22:39:01 INF] Executed DbCommand (2ms) [Parameters=[@q_CourseId='?' (DbType = Guid)], CommandType='Text', CommandTimeout='30']
SELECT count(*)::int
FROM "CourseEnrollments" AS c
WHERE c."CourseId" = @q_CourseId AND c."Source" = 'Payment'
[22:39:01 INF] Executed DbCommand (2ms) [Parameters=[@course_TeacherId_Value='?' (DbType = Guid)], CommandType='Text', CommandTimeout='30']
SELECT t."DisplayName", t."AvatarUrl", t."Slug"
FROM "TeacherProfiles" AS t
WHERE t."Id" = @course_TeacherId_Value
LIMIT 1
[22:39:01 INF] Executing OkObjectResult, writing value of type 'MLS.Application.Learning.Queries.PublicCourseDetail'.
[22:39:01 INF] Executed action MLS.API.Controllers.CoursesController.GetCourse (MLS.API) in 20.1596ms
[22:39:01 INF] Executed endpoint 'MLS.API.Controllers.CoursesController.GetCourse (MLS.API)'
[22:39:01 INF] HTTP GET /api/v1/courses/8991e456-8acd-475f-8d70-26da5e3cb3a6 responded 200 in 21.0715 ms
[22:39:01 INF] Request finished HTTP/1.1 GET http://localhost:5009/api/v1/courses/8991e456-8acd-475f-8d70-26da5e3cb3a6 - 200 null application/json; charset=utf-8 21.5784ms
[22:39:01 INF] Request starting HTTP/1.1 OPTIONS http://localhost:5009/api/v1/courses/8991e456-8acd-475f-8d70-26da5e3cb3a6/reviews/stats - null null
[22:39:01 INF] CORS policy execution successful.
[22:39:01 INF] HTTP OPTIONS /api/v1/courses/8991e456-8acd-475f-8d70-26da5e3cb3a6/reviews/stats responded 204 in 0.2541 ms
[22:39:01 INF] Request finished HTTP/1.1 OPTIONS http://localhost:5009/api/v1/courses/8991e456-8acd-475f-8d70-26da5e3cb3a6/reviews/stats - 204 null null 0.8303ms
[22:39:01 INF] Request starting HTTP/1.1 OPTIONS http://localhost:5009/api/v1/courses/8991e456-8acd-475f-8d70-26da5e3cb3a6/reviews?page=1&pageSize=5 - null null
[22:39:01 INF] CORS policy execution successful.
[22:39:01 INF] HTTP OPTIONS /api/v1/courses/8991e456-8acd-475f-8d70-26da5e3cb3a6/reviews responded 204 in 0.1213 ms
[22:39:01 INF] Request finished HTTP/1.1 OPTIONS http://localhost:5009/api/v1/courses/8991e456-8acd-475f-8d70-26da5e3cb3a6/reviews?page=1&pageSize=5 - 204 null null 0.4063ms
[22:39:01 INF] Request starting HTTP/1.1 GET http://localhost:5009/api/v1/courses/8991e456-8acd-475f-8d70-26da5e3cb3a6/reviews/stats - null null
[22:39:01 INF] CORS policy execution successful.
[22:39:01 DBG] Request tenant resolved: demo
[22:39:01 INF] Executing endpoint 'MLS.API.Controllers.CourseReviewsController.GetStats (MLS.API)'
[22:39:01 INF] Route matched with {action = "GetStats", controller = "CourseReviews"}. Executing controller action with signature System.Threading.Tasks.Task`1[Microsoft.AspNetCore.Mvc.IActionResult] GetStats(System.Guid, System.Threading.CancellationToken) on controller MLS.API.Controllers.CourseReviewsController (MLS.API).
[22:39:01 INF] Request starting HTTP/1.1 GET http://localhost:5009/api/v1/courses/8991e456-8acd-475f-8d70-26da5e3cb3a6/reviews?page=1&pageSize=5 - null null
[22:39:01 INF] CORS policy execution successful.
[22:39:01 DBG] Request tenant resolved: demo
[22:39:01 INF] Executing endpoint 'MLS.API.Controllers.CourseReviewsController.GetReviews (MLS.API)'
[22:39:01 INF] Route matched with {action = "GetReviews", controller = "CourseReviews"}. Executing controller action with signature System.Threading.Tasks.Task`1[Microsoft.AspNetCore.Mvc.IActionResult] GetReviews(System.Guid, Int32, Int32, System.Threading.CancellationToken) on controller MLS.API.Controllers.CourseReviewsController (MLS.API).
[22:39:01 INF] Executed DbCommand (2ms) [Parameters=[@q_CourseId='?' (DbType = Guid)], CommandType='Text', CommandTimeout='30']
SELECT c."Rating"
FROM "CourseReviews" AS c
WHERE c."CourseId" = @q_CourseId
[22:39:01 INF] Executing OkObjectResult, writing value of type 'MLS.Application.CMS.Reviews.ReviewStatsDto'.
[22:39:01 INF] Executed action MLS.API.Controllers.CourseReviewsController.GetStats (MLS.API) in 3.8972ms
[22:39:01 INF] Executed endpoint 'MLS.API.Controllers.CourseReviewsController.GetStats (MLS.API)'
[22:39:01 INF] HTTP GET /api/v1/courses/8991e456-8acd-475f-8d70-26da5e3cb3a6/reviews/stats responded 200 in 4.9749 ms
[22:39:01 INF] Executed DbCommand (1ms) [Parameters=[@q_CourseId='?' (DbType = Guid)], CommandType='Text', CommandTimeout='30']
SELECT count(*)::int
FROM "CourseReviews" AS c
WHERE c."CourseId" = @q_CourseId
[22:39:01 INF] Request finished HTTP/1.1 GET http://localhost:5009/api/v1/courses/8991e456-8acd-475f-8d70-26da5e3cb3a6/reviews/stats - 200 null application/json; charset=utf-8 5.2567ms
[22:39:01 INF] Executed DbCommand (4ms) [Parameters=[@q_CourseId='?' (DbType = Guid), @p2='?' (DbType = Int32), @p='?' (DbType = Int32)], CommandType='Text', CommandTimeout='30']
SELECT c0."Id", c0."Content", c0."CourseId", c0."CreatedAt", c0."IsVerifiedPurchase", c0."Rating", c0."Title", c0."UpdatedAt", c0."UserId", u."Id", u."CreatedAt", u."Email", u."GoogleId", u."MoodleUserId", u."PasswordHash", u."Phone", u."Status", u."UpdatedAt", u0."Id", u0."Address", u0."AvatarUrl", u0."CreatedAt", u0."CurrentLevel", u0."DateOfBirth", u0."FullName", u0."Gender", u0."UpdatedAt", u0."UserId"
FROM (
    SELECT c."Id", c."Content", c."CourseId", c."CreatedAt", c."IsVerifiedPurchase", c."Rating", c."Title", c."UpdatedAt", c."UserId"
    FROM "CourseReviews" AS c
    WHERE c."CourseId" = @q_CourseId
    ORDER BY c."CreatedAt" DESC
    LIMIT @p2 OFFSET @p
) AS c0
INNER JOIN "Users" AS u ON c0."UserId" = u."Id"
LEFT JOIN "UserProfiles" AS u0 ON u."Id" = u0."UserId"
ORDER BY c0."CreatedAt" DESC
[22:39:01 INF] Executing OkObjectResult, writing value of type '<>f__AnonymousType9`4[[System.Collections.Generic.List`1[[MLS.Application.CMS.Reviews.ReviewDto, MLS.Application, Version=1.0.0.0, Culture=neutral, PublicKeyToken=null]], System.Private.CoreLib, Version=10.0.0.0, Culture=neutral, PublicKeyToken=7cec85d7bea7798e],[System.Int32, System.Private.CoreLib, Version=10.0.0.0, Culture=neutral, PublicKeyToken=7cec85d7bea7798e],[System.Int32, System.Private.CoreLib, Version=10.0.0.0, Culture=neutral, PublicKeyToken=7cec85d7bea7798e],[System.Int32, System.Private.CoreLib, Version=10.0.0.0, Culture=neutral, PublicKeyToken=7cec85d7bea7798e]]'.
[22:39:01 INF] Executed action MLS.API.Controllers.CourseReviewsController.GetReviews (MLS.API) in 7.7116ms
[22:39:01 INF] Executed endpoint 'MLS.API.Controllers.CourseReviewsController.GetReviews (MLS.API)'
[22:39:01 INF] HTTP GET /api/v1/courses/8991e456-8acd-475f-8d70-26da5e3cb3a6/reviews responded 200 in 8.4846 ms
[22:39:01 INF] Request finished HTTP/1.1 GET http://localhost:5009/api/v1/courses/8991e456-8acd-475f-8d70-26da5e3cb3a6/reviews?page=1&pageSize=5 - 200 null application/json; charset=utf-8 8.8389ms
[22:39:14 INF] Request starting HTTP/1.1 GET http://localhost:5009/api/v1/courses/8991e456-8acd-475f-8d70-26da5e3cb3a6 - null null
[22:39:14 DBG] Request tenant resolved: demo
[22:39:14 INF] Executing endpoint 'MLS.API.Controllers.CoursesController.GetCourse (MLS.API)'
[22:39:14 INF] Route matched with {action = "GetCourse", controller = "Courses"}. Executing controller action with signature System.Threading.Tasks.Task`1[Microsoft.AspNetCore.Mvc.IActionResult] GetCourse(System.Guid, System.Threading.CancellationToken) on controller MLS.API.Controllers.CoursesController (MLS.API).
[22:39:14 INF] Executed DbCommand (2ms) [Parameters=[@q_CourseId='?' (DbType = Guid)], CommandType='Text', CommandTimeout='30']
SELECT c."Id", c."Title", c."Description", c."ShortDescription", c."Level", c."ThumbnailUrl", c."BannerUrl", c."Slug", c."TeacherId", c."PublishedAt", c."Price", c."DiscountPrice", c."DiscountEndsAt", c."IsFree", c."CertificateEnabled", c."Language", c."Tags", c."Outcomes", c."Requirements", c."TargetAudience"
FROM "Courses" AS c
WHERE c."Id" = @q_CourseId AND c."Status" = 'Published'
LIMIT 1
[22:39:14 INF] Executed DbCommand (4ms) [Parameters=[@q_CourseId='?' (DbType = Guid)], CommandType='Text', CommandTimeout='30']
SELECT c."Id", c."Title", c."Description", c."OrderIndex", s1."Id", s1."Title", s1."Description", s1."OrderIndex", s1."IsFreeTrial", s1."DurationSeconds", s1."SegmentCount"
FROM "CourseModules" AS c
LEFT JOIN (
    SELECT s."Id", s."Title", s."Description", s."OrderIndex", s."IsFreeTrial", s."DurationSeconds", (
        SELECT count(*)::int
        FROM "Segments" AS s0
        WHERE s."Id" = s0."SessionId") AS "SegmentCount", s."ModuleId"
    FROM "Sessions" AS s
    WHERE s."PublishStatus" = 'Published'
) AS s1 ON c."Id" = s1."ModuleId"
WHERE c."CourseId" = @q_CourseId
ORDER BY c."OrderIndex", c."Id", s1."OrderIndex"
[22:39:14 INF] Executed DbCommand (2ms) [Parameters=[@q_CourseId='?' (DbType = Guid)], CommandType='Text', CommandTimeout='30']
SELECT count(*)::int
FROM "CourseEnrollments" AS c
WHERE c."CourseId" = @q_CourseId
[22:39:14 INF] Executed DbCommand (1ms) [Parameters=[@q_CourseId='?' (DbType = Guid)], CommandType='Text', CommandTimeout='30']
SELECT count(*)::int
FROM "CourseEnrollments" AS c
WHERE c."CourseId" = @q_CourseId AND c."Source" = 'Payment'
[22:39:14 INF] Executed DbCommand (2ms) [Parameters=[@course_TeacherId_Value='?' (DbType = Guid)], CommandType='Text', CommandTimeout='30']
SELECT t."DisplayName", t."AvatarUrl", t."Slug"
FROM "TeacherProfiles" AS t
WHERE t."Id" = @course_TeacherId_Value
LIMIT 1
[22:39:14 INF] Executing OkObjectResult, writing value of type 'MLS.Application.Learning.Queries.PublicCourseDetail'.
[22:39:14 INF] Executed action MLS.API.Controllers.CoursesController.GetCourse (MLS.API) in 18.0952ms
[22:39:14 INF] Executed endpoint 'MLS.API.Controllers.CoursesController.GetCourse (MLS.API)'
[22:39:14 INF] HTTP GET /api/v1/courses/8991e456-8acd-475f-8d70-26da5e3cb3a6 responded 200 in 18.8786 ms
[22:39:14 INF] Request finished HTTP/1.1 GET http://localhost:5009/api/v1/courses/8991e456-8acd-475f-8d70-26da5e3cb3a6 - 200 null application/json; charset=utf-8 19.363ms
