[moon.vn/home.html]
[rescdn.moon.vn/assets/cdn-moon/static-assets/newmoon.png]
[rescdn.moon.vn/assets/cdn-moon/static-assets/moonbg.png]
[backblue.gif]
[fade.gif]
[index.html]
[moon.vn/icons/Icon-192.png]
[rescdn.moon.vn/assets/cdn-moon/favicon.png]
[rescdn.moon.vn/assets/cdn-moon/assets/packages/flutter_inappwebview_web/assets/web/web_support.js]
[rescdn.moon.vn/assets/cdn-moon/splash/img/light-1x.png]
[rescdn.moon.vn/assets/cdn-moon/flutter_bootstrap0d9c.js]
[rescdn.moon.vn/assets/cdn-moon/static-assets/pusher.js]
[rescdn.moon.vn/assets/cdn-moon/static-assets/plyr-3.8.3.js]
[rescdn.moon.vn/assets/cdn-moon/static-assets/exif-2.3.0.js]
[rescdn.moon.vn/assets/cdn-moon/static-assets/croppie-2.6.5.js]
[rescdn.moon.vn/assets/cdn-moon/static-assets/cropperjs-1.6.2.js]
[moon.vn/home.html]
[rescdn.moon.vn/assets/cdn-moon/static-assets/plyr-3.8.3.css]
[rescdn.moon.vn/assets/cdn-moon/static-assets/video_player.css]
[rescdn.moon.vn/assets/cdn-moon/static-assets/cropper-1.6.2.css]
[rescdn.moon.vn/assets/cdn-moon/static-assets/croppie-2.6.5.css]
